Archive member included because of file (symbol)

/opt/arm-2009q1/bin/../lib/gcc/arm-none-eabi/4.3.3/thumb2/libgcc.a(_arm_addsubdf3.o)
                              ./drivers/ds1820.o (__aeabi_f2d)
/opt/arm-2009q1/bin/../lib/gcc/arm-none-eabi/4.3.3/thumb2/libgcc.a(_arm_addsubsf3.o)
                              ./drivers/ds1820.o (__aeabi_ui2f)
/opt/arm-2009q1/bin/../lib/gcc/arm-none-eabi/4.3.3/thumb2/libgcc.a(_arm_muldivsf3.o)
                              ./drivers/ds1820.o (__aeabi_fdiv)
/opt/arm-2009q1/bin/../lib/gcc/arm-none-eabi/4.3.3/../../../../arm-none-eabi/lib/thumb2/libc.a(lib_a-memcmp.o)
                              ./FreeRTOS/Source/tasks.o (memcmp)
/opt/arm-2009q1/bin/../lib/gcc/arm-none-eabi/4.3.3/../../../../arm-none-eabi/lib/thumb2/libc.a(lib_a-memcpy-stub.o)
                              ./drivers/ds1820.o (memcpy)
/opt/arm-2009q1/bin/../lib/gcc/arm-none-eabi/4.3.3/../../../../arm-none-eabi/lib/thumb2/libc.a(lib_a-memset.o)
                              ./FreeRTOS/Source/tasks.o (memset)
/opt/arm-2009q1/bin/../lib/gcc/arm-none-eabi/4.3.3/../../../../arm-none-eabi/lib/thumb2/libc.a(lib_a-printf.o)
                              ./drivers/lcd.o (printf)
/opt/arm-2009q1/bin/../lib/gcc/arm-none-eabi/4.3.3/../../../../arm-none-eabi/lib/thumb2/libc.a(lib_a-puts.o)
                              ./drivers/lcd.o (puts)
/opt/arm-2009q1/bin/../lib/gcc/arm-none-eabi/4.3.3/../../../../arm-none-eabi/lib/thumb2/libc.a(lib_a-reent.o)
                              ./stf_syscalls_minimal.o (errno)
/opt/arm-2009q1/bin/../lib/gcc/arm-none-eabi/4.3.3/../../../../arm-none-eabi/lib/thumb2/libc.a(lib_a-sprintf.o)
                              ./FreeRTOS/Source/tasks.o (sprintf)
/opt/arm-2009q1/bin/../lib/gcc/arm-none-eabi/4.3.3/../../../../arm-none-eabi/lib/thumb2/libc.a(lib_a-strcat.o)
                              ./FreeRTOS/Source/tasks.o (strcat)
/opt/arm-2009q1/bin/../lib/gcc/arm-none-eabi/4.3.3/../../../../arm-none-eabi/lib/thumb2/libc.a(lib_a-strcmp.o)
                              ./menu.o (strcmp)
/opt/arm-2009q1/bin/../lib/gcc/arm-none-eabi/4.3.3/../../../../arm-none-eabi/lib/thumb2/libc.a(lib_a-strcpy.o)
                              /opt/arm-2009q1/bin/../lib/gcc/arm-none-eabi/4.3.3/../../../../arm-none-eabi/lib/thumb2/libc.a(lib_a-strcat.o) (strcpy)
/opt/arm-2009q1/bin/../lib/gcc/arm-none-eabi/4.3.3/../../../../arm-none-eabi/lib/thumb2/libc.a(lib_a-strlen.o)
                              ./FreeRTOS/Source/tasks.o (strlen)
/opt/arm-2009q1/bin/../lib/gcc/arm-none-eabi/4.3.3/../../../../arm-none-eabi/lib/thumb2/libc.a(lib_a-strncpy.o)
                              ./FreeRTOS/Source/tasks.o (strncpy)
/opt/arm-2009q1/bin/../lib/gcc/arm-none-eabi/4.3.3/../../../../arm-none-eabi/lib/thumb2/libc.a(lib_a-svfprintf.o)
                              /opt/arm-2009q1/bin/../lib/gcc/arm-none-eabi/4.3.3/../../../../arm-none-eabi/lib/thumb2/libc.a(lib_a-sprintf.o) (_svfprintf_r)
/opt/arm-2009q1/bin/../lib/gcc/arm-none-eabi/4.3.3/../../../../arm-none-eabi/lib/thumb2/libc.a(lib_a-vfprintf.o)
                              /opt/arm-2009q1/bin/../lib/gcc/arm-none-eabi/4.3.3/../../../../arm-none-eabi/lib/thumb2/libc.a(lib_a-printf.o) (_vfprintf_r)
/opt/arm-2009q1/bin/../lib/gcc/arm-none-eabi/4.3.3/../../../../arm-none-eabi/lib/thumb2/libc.a(lib_a-vsnprintf.o)
                              ./drivers/lcd.o (vsnprintf)
/opt/arm-2009q1/bin/../lib/gcc/arm-none-eabi/4.3.3/../../../../arm-none-eabi/lib/thumb2/libc.a(lib_a-wsetup.o)
                              /opt/arm-2009q1/bin/../lib/gcc/arm-none-eabi/4.3.3/../../../../arm-none-eabi/lib/thumb2/libc.a(lib_a-vfprintf.o) (__swsetup_r)
/opt/arm-2009q1/bin/../lib/gcc/arm-none-eabi/4.3.3/../../../../arm-none-eabi/lib/thumb2/libc.a(lib_a-fflush.o)
                              /opt/arm-2009q1/bin/../lib/gcc/arm-none-eabi/4.3.3/../../../../arm-none-eabi/lib/thumb2/libc.a(lib_a-vfprintf.o) (_fflush_r)
/opt/arm-2009q1/bin/../lib/gcc/arm-none-eabi/4.3.3/../../../../arm-none-eabi/lib/thumb2/libc.a(lib_a-findfp.o)
                              /opt/arm-2009q1/bin/../lib/gcc/arm-none-eabi/4.3.3/../../../../arm-none-eabi/lib/thumb2/libc.a(lib_a-vfprintf.o) (__sinit)
/opt/arm-2009q1/bin/../lib/gcc/arm-none-eabi/4.3.3/../../../../arm-none-eabi/lib/thumb2/libc.a(lib_a-fvwrite.o)
                              /opt/arm-2009q1/bin/../lib/gcc/arm-none-eabi/4.3.3/../../../../arm-none-eabi/lib/thumb2/libc.a(lib_a-puts.o) (__sfvwrite_r)
/opt/arm-2009q1/bin/../lib/gcc/arm-none-eabi/4.3.3/../../../../arm-none-eabi/lib/thumb2/libc.a(lib_a-fwalk.o)
                              /opt/arm-2009q1/bin/../lib/gcc/arm-none-eabi/4.3.3/../../../../arm-none-eabi/lib/thumb2/libc.a(lib_a-findfp.o) (_fwalk)
/opt/arm-2009q1/bin/../lib/gcc/arm-none-eabi/4.3.3/../../../../arm-none-eabi/lib/thumb2/libc.a(lib_a-impure.o)
                              /opt/arm-2009q1/bin/../lib/gcc/arm-none-eabi/4.3.3/../../../../arm-none-eabi/lib/thumb2/libc.a(lib_a-printf.o) (_impure_ptr)
[...]
Memory Configuration

Name             Origin             Length             Attributes
FLASH            0x00000000         0x00080000         xr
SRAM             0x20000000         0x00010000         xrw
*default*        0x00000000         0xffffffff

Linker script and memory map

LOAD ./std_periph_drivers/src/misc.o
LOAD ./std_periph_drivers/src/stm32f10x_adc.o
LOAD ./std_periph_drivers/src/stm32f10x_flash.o
LOAD ./std_periph_drivers/src/stm32f10x_fsmc.o
LOAD ./std_periph_drivers/src/stm32f10x_gpio.o
LOAD ./std_periph_drivers/src/stm32f10x_rcc.o
LOAD ./std_periph_drivers/src/stm32f10x_spi.o
LOAD ./std_periph_drivers/src/stm32f10x_tim.o
LOAD ./std_periph_drivers/src/stm32f10x_usart.o
LOAD ./drivers/adc.o
LOAD ./drivers/ds1820.o
LOAD ./drivers/lcd.o
LOAD ./drivers/leds.o
LOAD ./drivers/serial.o
LOAD ./drivers/speaker.o
LOAD ./drivers/timer.o
LOAD ./drivers/touch.o
LOAD ./FreeRTOS/Source/portable/MemMang/heap_2.o
LOAD ./FreeRTOS/Source/portable/GCC/ARM_CM3/port.o
LOAD ./FreeRTOS/Source/list.o
LOAD ./FreeRTOS/Source/queue.o
LOAD ./FreeRTOS/Source/tasks.o
LOAD ./CM3/core_cm3.o
LOAD ./CM3/startup_stm32f10x_hd.o
LOAD ./CM3/stm32f10x_it.o
LOAD ./CM3/system_stm32f10x.o
LOAD ./main.o
LOAD ./menu.o
LOAD ./stf_syscalls_minimal.o
START GROUP
LOAD /opt/arm-2009q1/bin/../lib/gcc/arm-none-eabi/4.3.3/thumb2/libgcc.a
LOAD /opt/arm-2009q1/bin/../lib/gcc/arm-none-eabi/4.3.3/../../../../arm-none-eabi/lib/thumb2/libc.a
END GROUP

.text           0x00000000    0x15540
 *(.isr_vector)
 .isr_vector    0x00000000      0x1e0 ./CM3/startup_stm32f10x_hd.o
                0x00000000                g_pfnVectors
 *(.text .text.* .gnu.linkonce.t.*)
 .text          0x000001e0        0x0 ./std_periph_drivers/src/misc.o
 .text.SysTick_CLKSourceConfig
                0x000001e0       0x50 ./std_periph_drivers/src/misc.o
                0x000001e0                SysTick_CLKSourceConfig
 .text.NVIC_SystemLPConfig
                0x00000230       0x68 ./std_periph_drivers/src/misc.o
                0x00000230                NVIC_SystemLPConfig
 .text.NVIC_SetVectorTable
                0x00000298       0x60 ./std_periph_drivers/src/misc.o
                0x00000298                NVIC_SetVectorTable
 .text.NVIC_Init
                0x000002f8       0xcc ./std_periph_drivers/src/misc.o
                0x000002f8                NVIC_Init
 .text.NVIC_PriorityGroupConfig
                0x000003c4       0x5c ./std_periph_drivers/src/misc.o
                0x000003c4                NVIC_PriorityGroupConfig
 .text          0x00000420        0x0 ./std_periph_drivers/src/stm32f10x_adc.o
 .text.ADC_StructInit
                0x00000420       0x18 ./std_periph_drivers/src/stm32f10x_adc.o
                0x00000420                ADC_StructInit
 .text.ADC_GetDualModeConversionValue
                0x00000438        0xc ./std_periph_drivers/src/stm32f10x_adc.o
                0x00000438                ADC_GetDualModeConversionValue
 .text.ADC_ClearITPendingBit
                0x00000444       0x7c ./std_periph_drivers/src/stm32f10x_adc.o
                0x00000444                ADC_ClearITPendingBit
 .text.ADC_GetITStatus
                0x000004c0       0x8c ./std_periph_drivers/src/stm32f10x_adc.o
                0x000004c0                ADC_GetITStatus
 .text.ADC_ClearFlag
                0x0000054c       0x70 ./std_periph_drivers/src/stm32f10x_adc.o
                0x0000054c                ADC_ClearFlag
 .text.ADC_GetFlagStatus
                0x000005bc       0x8c ./std_periph_drivers/src/stm32f10x_adc.o
                0x000005bc                ADC_GetFlagStatus
 .text.ADC_TempSensorVrefintCmd
                0x00000648       0x40 ./std_periph_drivers/src/stm32f10x_adc.o
                0x00000648                ADC_TempSensorVrefintCmd
 .text.ADC_AnalogWatchdogSingleChannelConfig
                0x00000688       0x68 ./std_periph_drivers/src/stm32f10x_adc.o
                0x00000688                ADC_AnalogWatchdogSingleChannelConfig
 .text.ADC_AnalogWatchdogThresholdsConfig
                0x000006f0       0x78 ./std_periph_drivers/src/stm32f10x_adc.o
                0x000006f0                ADC_AnalogWatchdogThresholdsConfig
 .text.ADC_AnalogWatchdogCmd
                0x00000768       0xbc ./std_periph_drivers/src/stm32f10x_adc.o
                0x00000768                ADC_AnalogWatchdogCmd
 .text.ADC_GetInjectedConversionValue
                0x00000824       0x9c ./std_periph_drivers/src/stm32f10x_adc.o
                0x00000824                ADC_GetInjectedConversionValue
 .text.ADC_SetInjectedOffset
                0x000008c0       0xac ./std_periph_drivers/src/stm32f10x_adc.o
                0x000008c0                ADC_SetInjectedOffset
 .text.ADC_InjectedSequencerLengthConfig
                0x0000096c       0x70 ./std_periph_drivers/src/stm32f10x_adc.o
                0x0000096c                ADC_InjectedSequencerLengthConfig
 .text.ADC_InjectedChannelConfig
                0x000009dc       0xfc ./std_periph_drivers/src/stm32f10x_adc.o
                0x000009dc                ADC_InjectedChannelConfig
 .text.ADC_GetSoftwareStartInjectedConvCmdStatus
                0x00000ad8       0x4c ./std_periph_drivers/src/stm32f10x_adc.o
                0x00000ad8                ADC_GetSoftwareStartInjectedConvCmdStatus
 .text.ADC_SoftwareStartInjectedConvCmd
                0x00000b24       0x70 ./std_periph_drivers/src/stm32f10x_adc.o
                0x00000b24                ADC_SoftwareStartInjectedConvCmd
 .text.ADC_ExternalTrigInjectedConvCmd
                0x00000b94       0x70 ./std_periph_drivers/src/stm32f10x_adc.o
                0x00000b94                ADC_ExternalTrigInjectedConvCmd
 .text.ADC_ExternalTrigInjectedConvConfig
                0x00000c04       0xbc ./std_periph_drivers/src/stm32f10x_adc.o
                0x00000c04                ADC_ExternalTrigInjectedConvConfig
 .text.ADC_InjectedDiscModeCmd
                0x00000cc0       0x70 ./std_periph_drivers/src/stm32f10x_adc.o
                0x00000cc0                ADC_InjectedDiscModeCmd
 .text.ADC_AutoInjectedConvCmd
                0x00000d30       0x70 ./std_periph_drivers/src/stm32f10x_adc.o
                0x00000d30                ADC_AutoInjectedConvCmd
 .text.ADC_GetConversionValue
                0x00000da0       0x48 ./std_periph_drivers/src/stm32f10x_adc.o
                0x00000da0                ADC_GetConversionValue
 .text.ADC_ExternalTrigConvCmd
                0x00000de8       0x70 ./std_periph_drivers/src/stm32f10x_adc.o
                0x00000de8                ADC_ExternalTrigConvCmd
 .text.ADC_RegularChannelConfig
                0x00000e58      0x140 ./std_periph_drivers/src/stm32f10x_adc.o
                0x00000e58                ADC_RegularChannelConfig
 .text.ADC_DiscModeCmd
                0x00000f98       0x70 ./std_periph_drivers/src/stm32f10x_adc.o
                0x00000f98                ADC_DiscModeCmd
 .text.ADC_DiscModeChannelCountConfig
                0x00001008       0x70 ./std_periph_drivers/src/stm32f10x_adc.o
                0x00001008                ADC_DiscModeChannelCountConfig
 .text.ADC_GetSoftwareStartConvStatus
                0x00001078       0x4c ./std_periph_drivers/src/stm32f10x_adc.o
                0x00001078                ADC_GetSoftwareStartConvStatus
 .text.ADC_SoftwareStartConvCmd
                0x000010c4       0x70 ./std_periph_drivers/src/stm32f10x_adc.o
                0x000010c4                ADC_SoftwareStartConvCmd
 .text.ADC_GetCalibrationStatus
                0x00001134       0x4c ./std_periph_drivers/src/stm32f10x_adc.o
                0x00001134                ADC_GetCalibrationStatus
 .text.ADC_StartCalibration
                0x00001180       0x4c ./std_periph_drivers/src/stm32f10x_adc.o
                0x00001180                ADC_StartCalibration
 .text.ADC_GetResetCalibrationStatus
                0x000011cc       0x4c ./std_periph_drivers/src/stm32f10x_adc.o
                0x000011cc                ADC_GetResetCalibrationStatus
 .text.ADC_ResetCalibration
                0x00001218       0x4c ./std_periph_drivers/src/stm32f10x_adc.o
                0x00001218                ADC_ResetCalibration
 .text.ADC_ITConfig
                0x00001264       0xa0 ./std_periph_drivers/src/stm32f10x_adc.o
                0x00001264                ADC_ITConfig
 .text.ADC_DMACmd
                0x00001304       0x64 ./std_periph_drivers/src/stm32f10x_adc.o
                0x00001304                ADC_DMACmd
 .text.ADC_Cmd  0x00001368       0x70 ./std_periph_drivers/src/stm32f10x_adc.o
                0x00001368                ADC_Cmd
 .text.ADC_Init
                0x000013d8      0x1a4 ./std_periph_drivers/src/stm32f10x_adc.o
                0x000013d8                ADC_Init
 .text.ADC_DeInit
                0x0000157c       0xb4 ./std_periph_drivers/src/stm32f10x_adc.o
                0x0000157c                ADC_DeInit
 .text          0x00001630        0x0 ./std_periph_drivers/src/stm32f10x_flash.o
 .text.FLASH_Unlock
                0x00001630       0x20 ./std_periph_drivers/src/stm32f10x_flash.o
                0x00001630                FLASH_Unlock
 .text.FLASH_Lock
                0x00001650       0x14 ./std_periph_drivers/src/stm32f10x_flash.o
                0x00001650                FLASH_Lock
 .text.FLASH_GetUserOptionByte
                0x00001664       0x10 ./std_periph_drivers/src/stm32f10x_flash.o
                0x00001664                FLASH_GetUserOptionByte
 .text.FLASH_GetWriteProtectionOptionByte
                0x00001674        0xc ./std_periph_drivers/src/stm32f10x_flash.o
                0x00001674                FLASH_GetWriteProtectionOptionByte
 .text.FLASH_GetReadOutProtectionStatus
                0x00001680       0x10 ./std_periph_drivers/src/stm32f10x_flash.o
                0x00001680                FLASH_GetReadOutProtectionStatus
 .text.FLASH_GetPrefetchBufferStatus
                0x00001690       0x10 ./std_periph_drivers/src/stm32f10x_flash.o
                0x00001690                FLASH_GetPrefetchBufferStatus
 .text.FLASH_GetStatus
                0x000016a0       0x40 ./std_periph_drivers/src/stm32f10x_flash.o
                0x000016a0                FLASH_GetStatus
 .text.FLASH_WaitForLastOperation
                0x000016e0       0x40 ./std_periph_drivers/src/stm32f10x_flash.o
                0x000016e0                FLASH_WaitForLastOperation
 .text.FLASH_EraseOptionBytes
                0x00001720       0xc0 ./std_periph_drivers/src/stm32f10x_flash.o
                0x00001720                FLASH_EraseOptionBytes
 .text.FLASH_EraseAllPages
                0x000017e0       0x4c ./std_periph_drivers/src/stm32f10x_flash.o
                0x000017e0                FLASH_EraseAllPages
 .text.FLASH_ClearFlag
                0x0000182c       0x34 ./std_periph_drivers/src/stm32f10x_flash.o
                0x0000182c                FLASH_ClearFlag
 .text.FLASH_GetFlagStatus
                0x00001860       0x64 ./std_periph_drivers/src/stm32f10x_flash.o
                0x00001860                FLASH_GetFlagStatus
 .text.FLASH_ITConfig
                0x000018c4       0x64 ./std_periph_drivers/src/stm32f10x_flash.o
                0x000018c4                FLASH_ITConfig
 .text.FLASH_UserOptionByteConfig
                0x00001928       0xd8 ./std_periph_drivers/src/stm32f10x_flash.o
                0x00001928                FLASH_UserOptionByteConfig
 .text.FLASH_ReadOutProtection
                0x00001a00       0xe0 ./std_periph_drivers/src/stm32f10x_flash.o
                0x00001a00                FLASH_ReadOutProtection
 .text.FLASH_EnableWriteProtection
                0x00001ae0      0x100 ./std_periph_drivers/src/stm32f10x_flash.o
                0x00001ae0                FLASH_EnableWriteProtection
 .text.FLASH_ProgramOptionByteData
                0x00001be0       0x90 ./std_periph_drivers/src/stm32f10x_flash.o
                0x00001be0                FLASH_ProgramOptionByteData
 .text.FLASH_ProgramHalfWord
                0x00001c70       0x6c ./std_periph_drivers/src/stm32f10x_flash.o
                0x00001c70                FLASH_ProgramHalfWord
 .text.FLASH_ProgramWord
                0x00001cdc       0xb0 ./std_periph_drivers/src/stm32f10x_flash.o
                0x00001cdc                FLASH_ProgramWord
 .text.FLASH_ErasePage
                0x00001d8c       0x70 ./std_periph_drivers/src/stm32f10x_flash.o
                0x00001d8c                FLASH_ErasePage
 .text.FLASH_PrefetchBufferCmd
                0x00001dfc       0x40 ./std_periph_drivers/src/stm32f10x_flash.o
                0x00001dfc                FLASH_PrefetchBufferCmd
 .text.FLASH_HalfCycleAccessCmd
                0x00001e3c       0x40 ./std_periph_drivers/src/stm32f10x_flash.o
                0x00001e3c                FLASH_HalfCycleAccessCmd
 .text.FLASH_SetLatency
                0x00001e7c       0x30 ./std_periph_drivers/src/stm32f10x_flash.o
                0x00001e7c                FLASH_SetLatency
 .text          0x00001eac        0x0 ./std_periph_drivers/src/stm32f10x_fsmc.o
 .text.FSMC_PCCARDDeInit
                0x00001eac       0x20 ./std_periph_drivers/src/stm32f10x_fsmc.o
                0x00001eac                FSMC_PCCARDDeInit
 .text.FSMC_NORSRAMStructInit
                0x00001ecc       0x70 ./std_periph_drivers/src/stm32f10x_fsmc.o
                0x00001ecc                FSMC_NORSRAMStructInit
 .text.FSMC_NANDStructInit
                0x00001f3c       0x3c ./std_periph_drivers/src/stm32f10x_fsmc.o
                0x00001f3c                FSMC_NANDStructInit
 .text.FSMC_PCCARDStructInit
                0x00001f78       0x40 ./std_periph_drivers/src/stm32f10x_fsmc.o
                0x00001f78                FSMC_PCCARDStructInit
 .text.FSMC_GetECC
                0x00001fb8       0x1c ./std_periph_drivers/src/stm32f10x_fsmc.o
                0x00001fb8                FSMC_GetECC
 .text.FSMC_ClearITPendingBit
                0x00001fd4       0xa0 ./std_periph_drivers/src/stm32f10x_fsmc.o
                0x00001fd4                FSMC_ClearITPendingBit
 .text.FSMC_GetITStatus
                0x00002074       0x9c ./std_periph_drivers/src/stm32f10x_fsmc.o
                0x00002074                FSMC_GetITStatus
 .text.FSMC_ClearFlag
                0x00002110       0x94 ./std_periph_drivers/src/stm32f10x_fsmc.o
                0x00002110                FSMC_ClearFlag
 .text.FSMC_GetFlagStatus
                0x000021a4       0x90 ./std_periph_drivers/src/stm32f10x_fsmc.o
                0x000021a4                FSMC_GetFlagStatus
 .text.FSMC_ITConfig
                0x00002234       0xe8 ./std_periph_drivers/src/stm32f10x_fsmc.o
                0x00002234                FSMC_ITConfig
 .text.FSMC_NANDECCCmd
                0x0000231c       0xa4 ./std_periph_drivers/src/stm32f10x_fsmc.o
                0x0000231c                FSMC_NANDECCCmd
 .text.FSMC_PCCARDCmd
                0x000023c0       0x48 ./std_periph_drivers/src/stm32f10x_fsmc.o
                0x000023c0                FSMC_PCCARDCmd
 .text.FSMC_NANDCmd
                0x00002408       0xa4 ./std_periph_drivers/src/stm32f10x_fsmc.o
                0x00002408                FSMC_NANDCmd
 .text.FSMC_NORSRAMCmd
                0x000024ac       0x7c ./std_periph_drivers/src/stm32f10x_fsmc.o
                0x000024ac                FSMC_NORSRAMCmd
 .text.FSMC_PCCARDInit
                0x00002528      0x1e8 ./std_periph_drivers/src/stm32f10x_fsmc.o
                0x00002528                FSMC_PCCARDInit
 .text.FSMC_NANDInit
                0x00002710      0x244 ./std_periph_drivers/src/stm32f10x_fsmc.o
                0x00002710                FSMC_NANDInit
 .text.FSMC_NORSRAMInit
                0x00002954      0x420 ./std_periph_drivers/src/stm32f10x_fsmc.o
                0x00002954                FSMC_NORSRAMInit
 .text.FSMC_NANDDeInit
                0x00002d74       0x68 ./std_periph_drivers/src/stm32f10x_fsmc.o
                0x00002d74                FSMC_NANDDeInit
 .text.FSMC_NORSRAMDeInit
                0x00002ddc       0x70 ./std_periph_drivers/src/stm32f10x_fsmc.o
                0x00002ddc                FSMC_NORSRAMDeInit
 .text          0x00002e4c        0x0 ./std_periph_drivers/src/stm32f10x_gpio.o
 .text.GPIO_StructInit
                0x00002e4c       0x14 ./std_periph_drivers/src/stm32f10x_gpio.o
                0x00002e4c                GPIO_StructInit
 .text.GPIO_ETH_MediaInterfaceConfig
                0x00002e60       0x24 ./std_periph_drivers/src/stm32f10x_gpio.o
                0x00002e60                GPIO_ETH_MediaInterfaceConfig
 .text.GPIO_EXTILineConfig
                0x00002e84       0x6c ./std_periph_drivers/src/stm32f10x_gpio.o
                0x00002e84                GPIO_EXTILineConfig
 .text.GPIO_PinRemapConfig
                0x00002ef0      0x2fc ./std_periph_drivers/src/stm32f10x_gpio.o
                0x00002ef0                GPIO_PinRemapConfig
 .text.GPIO_EventOutputCmd
                0x000031ec       0x24 ./std_periph_drivers/src/stm32f10x_gpio.o
                0x000031ec                GPIO_EventOutputCmd
 .text.GPIO_EventOutputConfig
                0x00003210       0x50 ./std_periph_drivers/src/stm32f10x_gpio.o
                0x00003210                GPIO_EventOutputConfig
 .text.GPIO_PinLockConfig
                0x00003260       0xac ./std_periph_drivers/src/stm32f10x_gpio.o
                0x00003260                GPIO_PinLockConfig
 .text.GPIO_Write
                0x0000330c       0x8c ./std_periph_drivers/src/stm32f10x_gpio.o
                0x0000330c                GPIO_Write
 .text.GPIO_WriteBit
                0x00003398      0x15c ./std_periph_drivers/src/stm32f10x_gpio.o
                0x00003398                GPIO_WriteBit
 .text.GPIO_ResetBits
                0x000034f4       0xa0 ./std_periph_drivers/src/stm32f10x_gpio.o
                0x000034f4                GPIO_ResetBits
 .text.GPIO_SetBits
                0x00003594       0xa0 ./std_periph_drivers/src/stm32f10x_gpio.o
                0x00003594                GPIO_SetBits
 .text.GPIO_ReadOutputData
                0x00003634       0x8c ./std_periph_drivers/src/stm32f10x_gpio.o
                0x00003634                GPIO_ReadOutputData
 .text.GPIO_ReadOutputDataBit
                0x000036c0      0x148 ./std_periph_drivers/src/stm32f10x_gpio.o
                0x000036c0                GPIO_ReadOutputDataBit
 .text.GPIO_ReadInputData
                0x00003808       0x8c ./std_periph_drivers/src/stm32f10x_gpio.o
                0x00003808                GPIO_ReadInputData
 .text.GPIO_ReadInputDataBit
                0x00003894      0x148 ./std_periph_drivers/src/stm32f10x_gpio.o
                0x00003894                GPIO_ReadInputDataBit
 .text.GPIO_Init
                0x000039dc      0x1b0 ./std_periph_drivers/src/stm32f10x_gpio.o
                0x000039dc                GPIO_Init
 .text.GPIO_AFIODeInit
                0x00003b8c       0x1c ./std_periph_drivers/src/stm32f10x_gpio.o
                0x00003b8c                GPIO_AFIODeInit
 .text.GPIO_DeInit
                0x00003ba8      0x190 ./std_periph_drivers/src/stm32f10x_gpio.o
                0x00003ba8                GPIO_DeInit
 .text          0x00003d38        0x0 ./std_periph_drivers/src/stm32f10x_rcc.o
 .text.RCC_DeInit
                0x00003d38       0x44 ./std_periph_drivers/src/stm32f10x_rcc.o
                0x00003d38                RCC_DeInit
 .text.RCC_GetSYSCLKSource
                0x00003d7c       0x10 ./std_periph_drivers/src/stm32f10x_rcc.o
                0x00003d7c                RCC_GetSYSCLKSource
 .text.RCC_GetClocksFreq
                0x00003d8c       0xec ./std_periph_drivers/src/stm32f10x_rcc.o
                0x00003d8c                RCC_GetClocksFreq
 .text.RCC_ClearFlag
                0x00003e78       0x14 ./std_periph_drivers/src/stm32f10x_rcc.o
                0x00003e78                RCC_ClearFlag
 .text.RCC_ClearITPendingBit
                0x00003e8c       0x34 ./std_periph_drivers/src/stm32f10x_rcc.o
                0x00003e8c                RCC_ClearITPendingBit
 .text.RCC_GetITStatus
                0x00003ec0       0x58 ./std_periph_drivers/src/stm32f10x_rcc.o
                0x00003ec0                RCC_GetITStatus
 .text.RCC_GetFlagStatus
                0x00003f18       0xbc ./std_periph_drivers/src/stm32f10x_rcc.o
                0x00003f18                RCC_GetFlagStatus
 .text.RCC_WaitForHSEStartUp
                0x00003fd4       0x3c ./std_periph_drivers/src/stm32f10x_rcc.o
                0x00003fd4                RCC_WaitForHSEStartUp
 .text.RCC_MCOConfig
                0x00004010       0x48 ./std_periph_drivers/src/stm32f10x_rcc.o
                0x00004010                RCC_MCOConfig
 .text.RCC_ClockSecuritySystemCmd
                0x00004058       0x24 ./std_periph_drivers/src/stm32f10x_rcc.o
                0x00004058                RCC_ClockSecuritySystemCmd
 .text.RCC_BackupResetCmd
                0x0000407c       0x24 ./std_periph_drivers/src/stm32f10x_rcc.o
                0x0000407c                RCC_BackupResetCmd
 .text.RCC_APB1PeriphResetCmd
                0x000040a0       0x6c ./std_periph_drivers/src/stm32f10x_rcc.o
                0x000040a0                RCC_APB1PeriphResetCmd
 .text.RCC_APB2PeriphResetCmd
                0x0000410c       0x6c ./std_periph_drivers/src/stm32f10x_rcc.o
                0x0000410c                RCC_APB2PeriphResetCmd
 .text.RCC_APB1PeriphClockCmd
                0x00004178       0x6c ./std_periph_drivers/src/stm32f10x_rcc.o
                0x00004178                RCC_APB1PeriphClockCmd
 .text.RCC_APB2PeriphClockCmd
                0x000041e4       0x6c ./std_periph_drivers/src/stm32f10x_rcc.o
                0x000041e4                RCC_APB2PeriphClockCmd
 .text.RCC_AHBPeriphClockCmd
                0x00004250       0x6c ./std_periph_drivers/src/stm32f10x_rcc.o
                0x00004250                RCC_AHBPeriphClockCmd
 .text.RCC_RTCCLKCmd
                0x000042bc       0x24 ./std_periph_drivers/src/stm32f10x_rcc.o
                0x000042bc                RCC_RTCCLKCmd
 .text.RCC_RTCCLKConfig
                0x000042e0       0x44 ./std_periph_drivers/src/stm32f10x_rcc.o
                0x000042e0                RCC_RTCCLKConfig
 .text.RCC_LSICmd
                0x00004324       0x24 ./std_periph_drivers/src/stm32f10x_rcc.o
                0x00004324                RCC_LSICmd
 .text.RCC_LSEConfig
                0x00004348       0x60 ./std_periph_drivers/src/stm32f10x_rcc.o
                0x00004348                RCC_LSEConfig
 .text.RCC_ADCCLKConfig
                0x000043a8       0x54 ./std_periph_drivers/src/stm32f10x_rcc.o
                0x000043a8                RCC_ADCCLKConfig
 .text.RCC_USBCLKConfig
                0x000043fc       0x24 ./std_periph_drivers/src/stm32f10x_rcc.o
                0x000043fc                RCC_USBCLKConfig
 .text.RCC_ITConfig
                0x00004420       0x64 ./std_periph_drivers/src/stm32f10x_rcc.o
                0x00004420                RCC_ITConfig
 .text.RCC_PCLK2Config
                0x00004484       0x5c ./std_periph_drivers/src/stm32f10x_rcc.o
                0x00004484                RCC_PCLK2Config
 .text.RCC_PCLK1Config
                0x000044e0       0x5c ./std_periph_drivers/src/stm32f10x_rcc.o
                0x000044e0                RCC_PCLK1Config
 .text.RCC_HCLKConfig
                0x0000453c       0x80 ./std_periph_drivers/src/stm32f10x_rcc.o
                0x0000453c                RCC_HCLKConfig
 .text.RCC_SYSCLKConfig
                0x000045bc       0x30 ./std_periph_drivers/src/stm32f10x_rcc.o
                0x000045bc                RCC_SYSCLKConfig
 .text.RCC_PLLCmd
                0x000045ec       0x24 ./std_periph_drivers/src/stm32f10x_rcc.o
                0x000045ec                RCC_PLLCmd
 .text.RCC_PLLConfig
                0x00004610      0x100 ./std_periph_drivers/src/stm32f10x_rcc.o
                0x00004610                RCC_PLLConfig
 .text.RCC_HSICmd
                0x00004710       0x24 ./std_periph_drivers/src/stm32f10x_rcc.o
                0x00004710                RCC_HSICmd
 .text.RCC_AdjustHSICalibrationValue
                0x00004734       0x30 ./std_periph_drivers/src/stm32f10x_rcc.o
                0x00004734                RCC_AdjustHSICalibrationValue
 .text.RCC_HSEConfig
                0x00004764       0x94 ./std_periph_drivers/src/stm32f10x_rcc.o
                0x00004764                RCC_HSEConfig
 .text          0x000047f8        0x0 ./std_periph_drivers/src/stm32f10x_spi.o
 .text.SPI_StructInit
                0x000047f8       0x1c ./std_periph_drivers/src/stm32f10x_spi.o
                0x000047f8                SPI_StructInit
 .text.I2S_StructInit
                0x00004814       0x18 ./std_periph_drivers/src/stm32f10x_spi.o
                0x00004814                I2S_StructInit
 .text.SPI_I2S_ClearITPendingBit
                0x0000482c       0x70 ./std_periph_drivers/src/stm32f10x_spi.o
                0x0000482c                SPI_I2S_ClearITPendingBit
 .text.SPI_I2S_GetITStatus
                0x0000489c       0xc4 ./std_periph_drivers/src/stm32f10x_spi.o
                0x0000489c                SPI_I2S_GetITStatus
 .text.SPI_I2S_ClearFlag
                0x00004960       0x64 ./std_periph_drivers/src/stm32f10x_spi.o
                0x00004960                SPI_I2S_ClearFlag
 .text.SPI_I2S_GetFlagStatus
                0x000049c4       0xac ./std_periph_drivers/src/stm32f10x_spi.o
                0x000049c4                SPI_I2S_GetFlagStatus
 .text.SPI_BiDirectionalLineConfig
                0x00004a70       0x90 ./std_periph_drivers/src/stm32f10x_spi.o
                0x00004a70                SPI_BiDirectionalLineConfig
 .text.SPI_GetCRCPolynomial
                0x00004b00       0x48 ./std_periph_drivers/src/stm32f10x_spi.o
                0x00004b00                SPI_GetCRCPolynomial
 .text.SPI_GetCRC
                0x00004b48       0x6c ./std_periph_drivers/src/stm32f10x_spi.o
                0x00004b48                SPI_GetCRC
 .text.SPI_CalculateCRC
                0x00004bb4       0x78 ./std_periph_drivers/src/stm32f10x_spi.o
                0x00004bb4                SPI_CalculateCRC
 .text.SPI_TransmitCRC
                0x00004c2c       0x50 ./std_periph_drivers/src/stm32f10x_spi.o
                0x00004c2c                SPI_TransmitCRC
 .text.SPI_DataSizeConfig
                0x00004c7c       0x84 ./std_periph_drivers/src/stm32f10x_spi.o
                0x00004c7c                SPI_DataSizeConfig
 .text.SPI_SSOutputCmd
                0x00004d00       0x78 ./std_periph_drivers/src/stm32f10x_spi.o
                0x00004d00                SPI_SSOutputCmd
 .text.SPI_NSSInternalSoftwareConfig
                0x00004d78       0x8c ./std_periph_drivers/src/stm32f10x_spi.o
                0x00004d78                SPI_NSSInternalSoftwareConfig
 .text.SPI_I2S_ReceiveData
                0x00004e04       0x48 ./std_periph_drivers/src/stm32f10x_spi.o
                0x00004e04                SPI_I2S_ReceiveData
 .text.SPI_I2S_SendData
                0x00004e4c       0x48 ./std_periph_drivers/src/stm32f10x_spi.o
                0x00004e4c                SPI_I2S_SendData
 .text.SPI_I2S_DMACmd
                0x00004e94       0xa4 ./std_periph_drivers/src/stm32f10x_spi.o
                0x00004e94                SPI_I2S_DMACmd
 .text.SPI_I2S_ITConfig
                0x00004f38       0xac ./std_periph_drivers/src/stm32f10x_spi.o
                0x00004f38                SPI_I2S_ITConfig
 .text.I2S_Cmd  0x00004fe4       0x6c ./std_periph_drivers/src/stm32f10x_spi.o
                0x00004fe4                I2S_Cmd
 .text.SPI_Cmd  0x00005050       0x78 ./std_periph_drivers/src/stm32f10x_spi.o
                0x00005050                SPI_Cmd
 .text.SPI_Init
                0x000050c8      0x1ec ./std_periph_drivers/src/stm32f10x_spi.o
                0x000050c8                SPI_Init
 .text.I2S_Init
                0x000052b4      0x248 ./std_periph_drivers/src/stm32f10x_spi.o
                0x000052b4                I2S_Init
 .text.SPI_I2S_DeInit
                0x000054fc       0xb4 ./std_periph_drivers/src/stm32f10x_spi.o
                0x000054fc                SPI_I2S_DeInit
 .text          0x000055b0        0x0 ./std_periph_drivers/src/stm32f10x_tim.o
 .text.TIM_TimeBaseStructInit
                0x000055b0       0x14 ./std_periph_drivers/src/stm32f10x_tim.o
                0x000055b0                TIM_TimeBaseStructInit
 .text.TIM_OCStructInit
                0x000055c4       0x18 ./std_periph_drivers/src/stm32f10x_tim.o
                0x000055c4                TIM_OCStructInit
 .text.TIM_ICStructInit
                0x000055dc       0x14 ./std_periph_drivers/src/stm32f10x_tim.o
                0x000055dc                TIM_ICStructInit
 .text.TIM_BDTRStructInit
                0x000055f0       0x14 ./std_periph_drivers/src/stm32f10x_tim.o
                0x000055f0                TIM_BDTRStructInit
 .text.TI1_Config
                0x00005604       0x48 ./std_periph_drivers/src/stm32f10x_tim.o
 .text.TI2_Config
                0x0000564c       0x4c ./std_periph_drivers/src/stm32f10x_tim.o
 .text.TIM_ClearITPendingBit
                0x00005698       0xf8 ./std_periph_drivers/src/stm32f10x_tim.o
                0x00005698                TIM_ClearITPendingBit
 .text.TIM_GetITStatus
                0x00005790      0x138 ./std_periph_drivers/src/stm32f10x_tim.o
                0x00005790                TIM_GetITStatus
 .text.TIM_ClearFlag
                0x000058c8       0xf8 ./std_periph_drivers/src/stm32f10x_tim.o
                0x000058c8                TIM_ClearFlag
 .text.TIM_GetFlagStatus
                0x000059c0      0x158 ./std_periph_drivers/src/stm32f10x_tim.o
                0x000059c0                TIM_GetFlagStatus
 .text.TIM_GetPrescaler
                0x00005b18       0xd0 ./std_periph_drivers/src/stm32f10x_tim.o
                0x00005b18                TIM_GetPrescaler
 .text.TIM_GetCounter
                0x00005be8       0xd0 ./std_periph_drivers/src/stm32f10x_tim.o
                0x00005be8                TIM_GetCounter
 .text.TIM_GetCapture4
                0x00005cb8       0x7c ./std_periph_drivers/src/stm32f10x_tim.o
                0x00005cb8                TIM_GetCapture4
 .text.TIM_GetCapture3
                0x00005d34       0x7c ./std_periph_drivers/src/stm32f10x_tim.o
                0x00005d34                TIM_GetCapture3
 .text.TIM_GetCapture2
                0x00005db0       0x88 ./std_periph_drivers/src/stm32f10x_tim.o
                0x00005db0                TIM_GetCapture2
 .text.TIM_GetCapture1
                0x00005e38       0xac ./std_periph_drivers/src/stm32f10x_tim.o
                0x00005e38                TIM_GetCapture1
 .text.TIM_SetClockDivision
                0x00005ee4       0xe4 ./std_periph_drivers/src/stm32f10x_tim.o
                0x00005ee4                TIM_SetClockDivision
 .text.TIM_SetIC4Prescaler
                0x00005fc8       0xcc ./std_periph_drivers/src/stm32f10x_tim.o
                0x00005fc8                TIM_SetIC4Prescaler
 .text.TIM_SetIC3Prescaler
                0x00006094       0xc8 ./std_periph_drivers/src/stm32f10x_tim.o
                0x00006094                TIM_SetIC3Prescaler
 .text.TIM_SetIC2Prescaler
                0x0000615c       0xd8 ./std_periph_drivers/src/stm32f10x_tim.o
                0x0000615c                TIM_SetIC2Prescaler
 .text.TIM_SetIC1Prescaler
                0x00006234       0xf8 ./std_periph_drivers/src/stm32f10x_tim.o
                0x00006234                TIM_SetIC1Prescaler
 .text.TIM_SetCompare4
                0x0000632c       0x7c ./std_periph_drivers/src/stm32f10x_tim.o
                0x0000632c                TIM_SetCompare4
 .text.TIM_SetCompare3
                0x000063a8       0x7c ./std_periph_drivers/src/stm32f10x_tim.o
                0x000063a8                TIM_SetCompare3
 .text.TIM_SetCompare2
                0x00006424       0x88 ./std_periph_drivers/src/stm32f10x_tim.o
                0x00006424                TIM_SetCompare2
 .text.TIM_SetCompare1
                0x000064ac       0xac ./std_periph_drivers/src/stm32f10x_tim.o
                0x000064ac                TIM_SetCompare1
 .text.TIM_SetAutoreload
                0x00006558       0xd0 ./std_periph_drivers/src/stm32f10x_tim.o
                0x00006558                TIM_SetAutoreload
 .text.TIM_SetCounter
                0x00006628       0xd0 ./std_periph_drivers/src/stm32f10x_tim.o
                0x00006628                TIM_SetCounter
 .text.TIM_SelectMasterSlaveMode
                0x000066f8       0xc0 ./std_periph_drivers/src/stm32f10x_tim.o
                0x000066f8                TIM_SelectMasterSlaveMode
 .text.TIM_SelectSlaveMode
                0x000067b8       0xb8 ./std_periph_drivers/src/stm32f10x_tim.o
                0x000067b8                TIM_SelectSlaveMode
 .text.TIM_SelectOutputTrigger
                0x00006870      0x148 ./std_periph_drivers/src/stm32f10x_tim.o
                0x00006870                TIM_SelectOutputTrigger
 .text.TIM_SelectOnePulseMode
                0x000069b8      0x108 ./std_periph_drivers/src/stm32f10x_tim.o
                0x000069b8                TIM_SelectOnePulseMode
 .text.TIM_SelectHallSensor
                0x00006ac0       0xb8 ./std_periph_drivers/src/stm32f10x_tim.o
                0x00006ac0                TIM_SelectHallSensor
 .text.TIM_UpdateRequestConfig
                0x00006b78      0x100 ./std_periph_drivers/src/stm32f10x_tim.o
                0x00006b78                TIM_UpdateRequestConfig
 .text.TIM_UpdateDisableConfig
                0x00006c78      0x100 ./std_periph_drivers/src/stm32f10x_tim.o
                0x00006c78                TIM_UpdateDisableConfig
 .text.TIM_SelectOCxM
                0x00006d78      0x1b0 ./std_periph_drivers/src/stm32f10x_tim.o
                0x00006d78                TIM_SelectOCxM
 .text.TIM_CCxNCmd
                0x00006f28       0xd4 ./std_periph_drivers/src/stm32f10x_tim.o
                0x00006f28                TIM_CCxNCmd
 .text.TIM_CCxCmd
                0x00006ffc      0x114 ./std_periph_drivers/src/stm32f10x_tim.o
                0x00006ffc                TIM_CCxCmd
 .text.TIM_OC4PolarityConfig
                0x00007110       0xb0 ./std_periph_drivers/src/stm32f10x_tim.o
                0x00007110                TIM_OC4PolarityConfig
 .text.TIM_OC3NPolarityConfig
                0x000071c0       0x74 ./std_periph_drivers/src/stm32f10x_tim.o
                0x000071c0                TIM_OC3NPolarityConfig
 .text.TIM_OC3PolarityConfig
                0x00007234       0xb0 ./std_periph_drivers/src/stm32f10x_tim.o
                0x00007234                TIM_OC3PolarityConfig
 .text.TIM_OC2NPolarityConfig
                0x000072e4       0x74 ./std_periph_drivers/src/stm32f10x_tim.o
                0x000072e4                TIM_OC2NPolarityConfig
 .text.TIM_OC2PolarityConfig
                0x00007358       0xbc ./std_periph_drivers/src/stm32f10x_tim.o
                0x00007358                TIM_OC2PolarityConfig
 .text.TIM_OC1NPolarityConfig
                0x00007414       0xa0 ./std_periph_drivers/src/stm32f10x_tim.o
                0x00007414                TIM_OC1NPolarityConfig
 .text.TIM_OC1PolarityConfig
                0x000074b4       0xe0 ./std_periph_drivers/src/stm32f10x_tim.o
                0x000074b4                TIM_OC1PolarityConfig
 .text.TIM_ClearOC4Ref
                0x00007594       0xac ./std_periph_drivers/src/stm32f10x_tim.o
                0x00007594                TIM_ClearOC4Ref
 .text.TIM_ClearOC3Ref
                0x00007640       0xb0 ./std_periph_drivers/src/stm32f10x_tim.o
                0x00007640                TIM_ClearOC3Ref
 .text.TIM_ClearOC2Ref
                0x000076f0       0xac ./std_periph_drivers/src/stm32f10x_tim.o
                0x000076f0                TIM_ClearOC2Ref
 .text.TIM_ClearOC1Ref
                0x0000779c       0xb0 ./std_periph_drivers/src/stm32f10x_tim.o
                0x0000779c                TIM_ClearOC1Ref
 .text.TIM_OC4FastConfig
                0x0000784c       0xb0 ./std_periph_drivers/src/stm32f10x_tim.o
                0x0000784c                TIM_OC4FastConfig
 .text.TIM_OC3FastConfig
                0x000078fc       0xb0 ./std_periph_drivers/src/stm32f10x_tim.o
                0x000078fc                TIM_OC3FastConfig
 .text.TIM_OC2FastConfig
                0x000079ac       0xbc ./std_periph_drivers/src/stm32f10x_tim.o
                0x000079ac                TIM_OC2FastConfig
 .text.TIM_OC1FastConfig
                0x00007a68       0xe0 ./std_periph_drivers/src/stm32f10x_tim.o
                0x00007a68                TIM_OC1FastConfig
 .text.TIM_OC4PreloadConfig
                0x00007b48       0xb0 ./std_periph_drivers/src/stm32f10x_tim.o
                0x00007b48                TIM_OC4PreloadConfig
 .text.TIM_OC3PreloadConfig
                0x00007bf8       0xb0 ./std_periph_drivers/src/stm32f10x_tim.o
                0x00007bf8                TIM_OC3PreloadConfig
 .text.TIM_OC2PreloadConfig
                0x00007ca8       0xbc ./std_periph_drivers/src/stm32f10x_tim.o
                0x00007ca8                TIM_OC2PreloadConfig
 .text.TIM_OC1PreloadConfig
                0x00007d64       0xe0 ./std_periph_drivers/src/stm32f10x_tim.o
                0x00007d64                TIM_OC1PreloadConfig
 .text.TIM_CCPreloadControl
                0x00007e44       0x9c ./std_periph_drivers/src/stm32f10x_tim.o
                0x00007e44                TIM_CCPreloadControl
 .text.TIM_SelectCCDMA
                0x00007ee0       0xdc ./std_periph_drivers/src/stm32f10x_tim.o
                0x00007ee0                TIM_SelectCCDMA
 .text.TIM_SelectCOM
                0x00007fbc       0x9c ./std_periph_drivers/src/stm32f10x_tim.o
                0x00007fbc                TIM_SelectCOM
 .text.TIM_ARRPreloadConfig
                0x00008058      0x100 ./std_periph_drivers/src/stm32f10x_tim.o
                0x00008058                TIM_ARRPreloadConfig
 .text.TIM_ForcedOC4Config
                0x00008158       0xb4 ./std_periph_drivers/src/stm32f10x_tim.o
                0x00008158                TIM_ForcedOC4Config
 .text.TIM_ForcedOC3Config
                0x0000820c       0xb0 ./std_periph_drivers/src/stm32f10x_tim.o
                0x0000820c                TIM_ForcedOC3Config
 .text.TIM_ForcedOC2Config
                0x000082bc       0xc0 ./std_periph_drivers/src/stm32f10x_tim.o
                0x000082bc                TIM_ForcedOC2Config
 .text.TIM_ForcedOC1Config
                0x0000837c       0xe0 ./std_periph_drivers/src/stm32f10x_tim.o
                0x0000837c                TIM_ForcedOC1Config
 .text.TIM_EncoderInterfaceConfig
                0x0000845c      0x134 ./std_periph_drivers/src/stm32f10x_tim.o
                0x0000845c                TIM_EncoderInterfaceConfig
 .text.TIM_SelectInputTrigger
                0x00008590      0x11c ./std_periph_drivers/src/stm32f10x_tim.o
                0x00008590                TIM_SelectInputTrigger
 .text.TIM_CounterModeConfig
                0x000086ac       0xc8 ./std_periph_drivers/src/stm32f10x_tim.o
                0x000086ac                TIM_CounterModeConfig
 .text.TIM_PrescalerConfig
                0x00008774       0xe8 ./std_periph_drivers/src/stm32f10x_tim.o
                0x00008774                TIM_PrescalerConfig
 .text.TIM_ETRConfig
                0x0000885c      0x108 ./std_periph_drivers/src/stm32f10x_tim.o
                0x0000885c                TIM_ETRConfig
 .text.TIM_ETRClockMode2Config
                0x00008964      0x108 ./std_periph_drivers/src/stm32f10x_tim.o
                0x00008964                TIM_ETRClockMode2Config
 .text.TIM_ETRClockMode1Config
                0x00008a6c      0x114 ./std_periph_drivers/src/stm32f10x_tim.o
                0x00008a6c                TIM_ETRClockMode1Config
 .text.TIM_TIxExternalClockConfig
                0x00008b80      0x120 ./std_periph_drivers/src/stm32f10x_tim.o
                0x00008b80                TIM_TIxExternalClockConfig
 .text.TIM_ITRxExternalClockConfig
                0x00008ca0       0xd0 ./std_periph_drivers/src/stm32f10x_tim.o
                0x00008ca0                TIM_ITRxExternalClockConfig
 .text.TIM_InternalClockConfig
                0x00008d70       0xb8 ./std_periph_drivers/src/stm32f10x_tim.o
                0x00008d70                TIM_InternalClockConfig
 .text.TIM_DMACmd
                0x00008e28      0x128 ./std_periph_drivers/src/stm32f10x_tim.o
                0x00008e28                TIM_DMACmd
 .text.TIM_DMAConfig
                0x00008f50      0x1a4 ./std_periph_drivers/src/stm32f10x_tim.o
                0x00008f50                TIM_DMAConfig
 .text.TIM_GenerateEvent
                0x000090f4       0xf4 ./std_periph_drivers/src/stm32f10x_tim.o
                0x000090f4                TIM_GenerateEvent
 .text.TIM_ITConfig
                0x000091e8      0x120 ./std_periph_drivers/src/stm32f10x_tim.o
                0x000091e8                TIM_ITConfig
 .text.TIM_CtrlPWMOutputs
                0x00009308       0xa4 ./std_periph_drivers/src/stm32f10x_tim.o
                0x00009308                TIM_CtrlPWMOutputs
 .text.TIM_Cmd  0x000093ac      0x100 ./std_periph_drivers/src/stm32f10x_tim.o
                0x000093ac                TIM_Cmd
 .text.TIM_BDTRConfig
                0x000094ac      0x184 ./std_periph_drivers/src/stm32f10x_tim.o
                0x000094ac                TIM_BDTRConfig
 .text.TIM_PWMIConfig
                0x00009630       0xec ./std_periph_drivers/src/stm32f10x_tim.o
                0x00009630                TIM_PWMIConfig
 .text.TIM_ICInit
                0x0000971c      0x3dc ./std_periph_drivers/src/stm32f10x_tim.o
                0x0000971c                TIM_ICInit
 .text.TIM_OC4Init
                0x00009af8      0x1a4 ./std_periph_drivers/src/stm32f10x_tim.o
                0x00009af8                TIM_OC4Init
 .text.TIM_OC3Init
                0x00009c9c      0x240 ./std_periph_drivers/src/stm32f10x_tim.o
                0x00009c9c                TIM_OC3Init
 .text.TIM_OC2Init
                0x00009edc      0x24c ./std_periph_drivers/src/stm32f10x_tim.o
                0x00009edc                TIM_OC2Init
 .text.TIM_OC1Init
                0x0000a128      0x294 ./std_periph_drivers/src/stm32f10x_tim.o
                0x0000a128                TIM_OC1Init
 .text.TIM_TimeBaseInit
                0x0000a3bc      0x220 ./std_periph_drivers/src/stm32f10x_tim.o
                0x0000a3bc                TIM_TimeBaseInit
 .text.TIM_DeInit
                0x0000a5dc      0x264 ./std_periph_drivers/src/stm32f10x_tim.o
                0x0000a5dc                TIM_DeInit
 .text          0x0000a840        0x0 ./std_periph_drivers/src/stm32f10x_usart.o
 .text.USART_StructInit
                0x0000a840       0x1c ./std_periph_drivers/src/stm32f10x_usart.o
                0x0000a840                USART_StructInit
 .text.USART_ClockStructInit
                0x0000a85c       0x10 ./std_periph_drivers/src/stm32f10x_usart.o
                0x0000a85c                USART_ClockStructInit
 .text.USART_ClearITPendingBit
                0x0000a86c       0xe8 ./std_periph_drivers/src/stm32f10x_usart.o
                0x0000a86c                USART_ClearITPendingBit
 .text.USART_GetITStatus
                0x0000a954      0x188 ./std_periph_drivers/src/stm32f10x_usart.o
                0x0000a954                USART_GetITStatus
 .text.USART_ClearFlag
                0x0000aadc       0xc8 ./std_periph_drivers/src/stm32f10x_usart.o
                0x0000aadc                USART_ClearFlag
 .text.USART_GetFlagStatus
                0x0000aba4      0x10c ./std_periph_drivers/src/stm32f10x_usart.o
                0x0000aba4                USART_GetFlagStatus
 .text.USART_IrDACmd
                0x0000acb0       0x9c ./std_periph_drivers/src/stm32f10x_usart.o
                0x0000acb0                USART_IrDACmd
 .text.USART_IrDAConfig
                0x0000ad4c       0xa4 ./std_periph_drivers/src/stm32f10x_usart.o
                0x0000ad4c                USART_IrDAConfig
 .text.USART_OneBitMethodCmd
                0x0000adf0       0x9c ./std_periph_drivers/src/stm32f10x_usart.o
                0x0000adf0                USART_OneBitMethodCmd
 .text.USART_OverSampling8Cmd
                0x0000ae8c       0x9c ./std_periph_drivers/src/stm32f10x_usart.o
                0x0000ae8c                USART_OverSampling8Cmd
 .text.USART_HalfDuplexCmd
                0x0000af28       0x9c ./std_periph_drivers/src/stm32f10x_usart.o
                0x0000af28                USART_HalfDuplexCmd
 .text.USART_SmartCardNACKCmd
                0x0000afc4       0x78 ./std_periph_drivers/src/stm32f10x_usart.o
                0x0000afc4                USART_SmartCardNACKCmd
 .text.USART_SmartCardCmd
                0x0000b03c       0x78 ./std_periph_drivers/src/stm32f10x_usart.o
                0x0000b03c                USART_SmartCardCmd
 .text.USART_SetPrescaler
                0x0000b0b4       0x7c ./std_periph_drivers/src/stm32f10x_usart.o
                0x0000b0b4                USART_SetPrescaler
 .text.USART_SetGuardTime
                0x0000b130       0x58 ./std_periph_drivers/src/stm32f10x_usart.o
                0x0000b130                USART_SetGuardTime
 .text.USART_SendBreak
                0x0000b188       0x70 ./std_periph_drivers/src/stm32f10x_usart.o
                0x0000b188                USART_SendBreak
 .text.USART_ReceiveData
                0x0000b1f8       0x70 ./std_periph_drivers/src/stm32f10x_usart.o
                0x0000b1f8                USART_ReceiveData
 .text.USART_SendData
                0x0000b268       0x88 ./std_periph_drivers/src/stm32f10x_usart.o
                0x0000b268                USART_SendData
 .text.USART_LINCmd
                0x0000b2f0       0x9c ./std_periph_drivers/src/stm32f10x_usart.o
                0x0000b2f0                USART_LINCmd
 .text.USART_LINBreakDetectLengthConfig
                0x0000b38c       0xa8 ./std_periph_drivers/src/stm32f10x_usart.o
                0x0000b38c                USART_LINBreakDetectLengthConfig
 .text.USART_ReceiverWakeUpCmd
                0x0000b434       0x9c ./std_periph_drivers/src/stm32f10x_usart.o
                0x0000b434                USART_ReceiverWakeUpCmd
 .text.USART_WakeUpConfig
                0x0000b4d0       0xa8 ./std_periph_drivers/src/stm32f10x_usart.o
                0x0000b4d0                USART_WakeUpConfig
 .text.USART_SetAddress
                0x0000b578       0x98 ./std_periph_drivers/src/stm32f10x_usart.o
                0x0000b578                USART_SetAddress
 .text.USART_DMACmd
                0x0000b610       0xb8 ./std_periph_drivers/src/stm32f10x_usart.o
                0x0000b610                USART_DMACmd
 .text.USART_ITConfig
                0x0000b6c8      0x178 ./std_periph_drivers/src/stm32f10x_usart.o
                0x0000b6c8                USART_ITConfig
 .text.USART_Cmd
                0x0000b840       0x9c ./std_periph_drivers/src/stm32f10x_usart.o
                0x0000b840                USART_Cmd
 .text.USART_ClockInit
                0x0000b8dc      0x108 ./std_periph_drivers/src/stm32f10x_usart.o
                0x0000b8dc                USART_ClockInit
 .text.USART_Init
                0x0000b9e4      0x280 ./std_periph_drivers/src/stm32f10x_usart.o
                0x0000b9e4                USART_Init
 .text.USART_DeInit
                0x0000bc64      0x124 ./std_periph_drivers/src/stm32f10x_usart.o
                0x0000bc64                USART_DeInit
 .text          0x0000bd88        0x0 ./drivers/adc.o
 .text.read_adc
                0x0000bd88       0x44 ./drivers/adc.o
                0x0000bd88                read_adc
 .text.adc_init
                0x0000bdcc       0x94 ./drivers/adc.o
                0x0000bdcc                adc_init
 .text          0x0000be60        0x0 ./drivers/ds1820.o
 .text.ds1820_get_temp
                0x0000be60       0x10 ./drivers/ds1820.o
                0x0000be60                ds1820_get_temp
 .text.ds1820_search_key
                0x0000be70        0x4 ./drivers/ds1820.o
                0x0000be70                ds1820_search_key
 .text.delay_us
                0x0000be74       0x38 ./drivers/ds1820.o
 .text.ds1820_write_bit
                0x0000beac       0x88 ./drivers/ds1820.o
 .text.ds1820_write_byte
                0x0000bf34       0x48 ./drivers/ds1820.o
 .text.ds1820_read_byte
                0x0000bf7c       0xac ./drivers/ds1820.o
 .text.ds1820_reset
                0x0000c028       0x7c ./drivers/ds1820.o
 .text.ds1820_one_device_get_temp
                0x0000c0a4       0x88 ./drivers/ds1820.o
                0x0000c0a4                ds1820_one_device_get_temp
 .text.ds1820_display_temps
                0x0000c12c       0xbc ./drivers/ds1820.o
                0x0000c12c                ds1820_display_temps
 .text.ds1820_search_applet
                0x0000c1e8       0xa4 ./drivers/ds1820.o
                0x0000c1e8                ds1820_search_applet
 .text.vTaskDS1820Convert
                0x0000c28c      0x214 ./drivers/ds1820.o
                0x0000c28c                vTaskDS1820Convert
 .text          0x0000c4a0        0x0 ./drivers/lcd.o
 .text.Delay    0x0000c4a0       0x20 ./drivers/lcd.o
                0x0000c4a0                Delay
 .text.lcd_getdeviceid
                0x0000c4c0        0xc ./drivers/lcd.o
                0x0000c4c0                lcd_getdeviceid
 .text.BGR2RGB  0x0000c4cc       0x18 ./drivers/lcd.o
                0x0000c4cc                BGR2RGB
 .text.lcd_SetCursor
                0x0000c4e4       0x24 ./drivers/lcd.o
                0x0000c4e4                lcd_SetCursor
 .text.lcd_read_gram
                0x0000c508       0x20 ./drivers/lcd.o
                0x0000c508                lcd_read_gram
 .text.lcd_set_cursor
                0x0000c528       0x28 ./drivers/lcd.o
 .text.lcd_DrawHLine
                0x0000c550       0x38 ./drivers/lcd.o
 .text.lcd_DrawVLine
                0x0000c588       0x38 ./drivers/lcd.o
 .text.lcd_background
                0x0000c5c0        0xc ./drivers/lcd.o
                0x0000c5c0                lcd_background
 .text.display_on
                0x0000c5cc       0x1c ./drivers/lcd.o
                0x0000c5cc                display_on
 .text.display_off
                0x0000c5e8       0x28 ./drivers/lcd.o
                0x0000c5e8                display_off
 .text.lcd_release
                0x0000c610       0x28 ./drivers/lcd.o
                0x0000c610                lcd_release
 .text.LCD_SetDisplayWindow
                0x0000c638       0xd0 ./drivers/lcd.o
                0x0000c638                LCD_SetDisplayWindow
 .text.lcd_lock
                0x0000c708       0x48 ./drivers/lcd.o
                0x0000c708                lcd_lock
 .text.lcd_DrawRect
                0x0000c750       0x90 ./drivers/lcd.o
                0x0000c750                lcd_DrawRect
 .text.lcd_clear
                0x0000c7e0       0x58 ./drivers/lcd.o
                0x0000c7e0                lcd_clear
 .text.lcd_fill
                0x0000c838       0x8c ./drivers/lcd.o
                0x0000c838                lcd_fill
 .text.lcd_text_xy
                0x0000c8c4       0xf8 ./drivers/lcd.o
                0x0000c8c4                lcd_text_xy
 .text.lcd_text
                0x0000c9bc       0x24 ./drivers/lcd.o
                0x0000c9bc                lcd_text
 .text.lcd_printf
                0x0000c9e0       0xa8 ./drivers/lcd.o
                0x0000c9e0                lcd_printf
 .text.lcd_init
                0x0000ca88      0x4dc ./drivers/lcd.o
                0x0000ca88                lcd_init
 .text          0x0000cf64        0x0 ./drivers/leds.o
 .text.vLEDSet  0x0000cf64       0x30 ./drivers/leds.o
                0x0000cf64                vLEDSet
 .text.vLEDToggle
                0x0000cf94       0x28 ./drivers/leds.o
                0x0000cf94                vLEDToggle
 .text.vLEDFlashTask
                0x0000cfbc       0x34 ./drivers/leds.o
                0x0000cfbc                vLEDFlashTask
 .text.vStartupLEDTask
                0x0000cff0       0xac ./drivers/leds.o
                0x0000cff0                vStartupLEDTask
 .text.vLEDInit
                0x0000d09c       0x6c ./drivers/leds.o
                0x0000d09c                vLEDInit
 .text          0x0000d108        0x0 ./drivers/serial.o
 .text.comm_test
                0x0000d108       0x1c ./drivers/serial.o
                0x0000d108                comm_test
 .text.comm_put
                0x0000d124       0x30 ./drivers/serial.o
                0x0000d124                comm_put
 .text.comm_puts
                0x0000d154       0x18 ./drivers/serial.o
                0x0000d154                comm_puts
 .text.USARTInit
                0x0000d16c       0xcc ./drivers/serial.o
                0x0000d16c                USARTInit
 .text.comm_get
                0x0000d238       0x2c ./drivers/serial.o
                0x0000d238                comm_get
 .text          0x0000d264        0x0 ./drivers/speaker.o
 .text.beep     0x0000d264       0x48 ./drivers/speaker.o
 .text.vBeepTask
                0x0000d2ac       0x60 ./drivers/speaker.o
                0x0000d2ac                vBeepTask
 .text.speaker_init
                0x0000d30c       0x30 ./drivers/speaker.o
                0x0000d30c                speaker_init
 .text          0x0000d33c        0x0 ./drivers/timer.o
 .text.TIM3_IRQHandler
                0x0000d33c       0x14 ./drivers/timer.o
                0x0000d33c                TIM3_IRQHandler
 .text.vSetupTimerTest
                0x0000d350       0xb4 ./drivers/timer.o
                0x0000d350                vSetupTimerTest
 .text.vTimerSetupTask
                0x0000d404       0x14 ./drivers/timer.o
                0x0000d404                vTimerSetupTask
 .text          0x0000d418        0x0 ./drivers/touch.o
 .text.SPI_delay
                0x0000d418        0x4 ./drivers/touch.o
                0x0000d418                SPI_delay
 .text._AD2X    0x0000d41c       0x34 ./drivers/touch.o
                0x0000d41c                _AD2X
 .text._AD2Y    0x0000d450       0x34 ./drivers/touch.o
                0x0000d450                _AD2Y
 .text.Touch_Initializtion
                0x0000d484       0xf0 ./drivers/touch.o
                0x0000d484                Touch_Initializtion
 .text.Touch_PenIRQ
                0x0000d574       0x14 ./drivers/touch.o
                0x0000d574                Touch_PenIRQ
 .text.Touch_Busy
                0x0000d588       0x14 ./drivers/touch.o
                0x0000d588                Touch_Busy
 .text.SPI_DOUT
                0x0000d59c       0x14 ./drivers/touch.o
                0x0000d59c                SPI_DOUT
 .text.SPI_CLK  0x0000d5b0       0x28 ./drivers/touch.o
                0x0000d5b0                SPI_CLK
 .text.Touch_Read
                0x0000d5d8       0x40 ./drivers/touch.o
                0x0000d5d8                Touch_Read
 .text.SPI_DIN  0x0000d618       0x28 ./drivers/touch.o
                0x0000d618                SPI_DIN
 .text.Touch_Write
                0x0000d640       0x48 ./drivers/touch.o
                0x0000d640                Touch_Write
 .text.SPI_CS   0x0000d688       0x28 ./drivers/touch.o
                0x0000d688                SPI_CS
 .text.Touch_Start
                0x0000d6b0       0x2c ./drivers/touch.o
                0x0000d6b0                Touch_Start
 .text.Touch_GetPhyY
                0x0000d6dc       0x30 ./drivers/touch.o
                0x0000d6dc                Touch_GetPhyY
 .text.Touch_MeasurementX
                0x0000d70c       0x5c ./drivers/touch.o
                0x0000d70c                Touch_MeasurementX
 .text.Touch_GetPhyX
                0x0000d768       0x30 ./drivers/touch.o
                0x0000d768                Touch_GetPhyX
 .text.Touch_MeasurementY
                0x0000d798       0x5c ./drivers/touch.o
                0x0000d798                Touch_MeasurementY
 .text.vTouchTask
                0x0000d7f4       0x74 ./drivers/touch.o
                0x0000d7f4                vTouchTask
 .text          0x0000d868        0x0 ./FreeRTOS/Source/portable/MemMang/heap_2.o
 .text.xPortGetFreeHeapSize
                0x0000d868        0xc ./FreeRTOS/Source/portable/MemMang/heap_2.o
                0x0000d868                xPortGetFreeHeapSize
 .text.vPortInitialiseBlocks
                0x0000d874        0x4 ./FreeRTOS/Source/portable/MemMang/heap_2.o
                0x0000d874                vPortInitialiseBlocks
 .text.vPortFree
                0x0000d878       0x3c ./FreeRTOS/Source/portable/MemMang/heap_2.o
                0x0000d878                vPortFree
 .text.pvPortMalloc
                0x0000d8b4       0xfc ./FreeRTOS/Source/portable/MemMang/heap_2.o
                0x0000d8b4                pvPortMalloc
 .text          0x0000d9b0        0x0 ./FreeRTOS/Source/portable/GCC/ARM_CM3/port.o
 .text.pxPortInitialiseStack
                0x0000d9b0       0x24 ./FreeRTOS/Source/portable/GCC/ARM_CM3/port.o
                0x0000d9b0                pxPortInitialiseStack
 .text.SVC_Handler
                0x0000d9d4       0x20 ./FreeRTOS/Source/portable/GCC/ARM_CM3/port.o
                0x0000d9d4                SVC_Handler
 .text.vPortStartFirstTask
                0x0000d9f4       0x10 ./FreeRTOS/Source/portable/GCC/ARM_CM3/port.o
                0x0000d9f4                vPortStartFirstTask
 .text.vPortEndScheduler
                0x0000da04        0x4 ./FreeRTOS/Source/portable/GCC/ARM_CM3/port.o
                0x0000da04                vPortEndScheduler
 .text.vPortYieldFromISR
                0x0000da08       0x10 ./FreeRTOS/Source/portable/GCC/ARM_CM3/port.o
                0x0000da08                vPortYieldFromISR
 .text.vPortEnterCritical
                0x0000da18       0x1c ./FreeRTOS/Source/portable/GCC/ARM_CM3/port.o
                0x0000da18                vPortEnterCritical
 .text.vPortExitCritical
                0x0000da34       0x1c ./FreeRTOS/Source/portable/GCC/ARM_CM3/port.o
                0x0000da34                vPortExitCritical
 .text.PendSV_Handler
                0x0000da50       0x3c ./FreeRTOS/Source/portable/GCC/ARM_CM3/port.o
                0x0000da50                PendSV_Handler
 .text.xPortStartScheduler
                0x0000da8c       0x50 ./FreeRTOS/Source/portable/GCC/ARM_CM3/port.o
                0x0000da8c                xPortStartScheduler
 .text.SysTick_Handler
                0x0000dadc       0x28 ./FreeRTOS/Source/portable/GCC/ARM_CM3/port.o
                0x0000dadc                SysTick_Handler
 .text          0x0000db04        0x0 ./FreeRTOS/Source/list.o
 .text.vListInitialise
                0x0000db04       0x18 ./FreeRTOS/Source/list.o
                0x0000db04                vListInitialise
 .text.vListInitialiseItem
                0x0000db1c        0x8 ./FreeRTOS/Source/list.o
                0x0000db1c                vListInitialiseItem
 .text.vListInsertEnd
                0x0000db24       0x20 ./FreeRTOS/Source/list.o
                0x0000db24                vListInsertEnd
 .text.vListInsert
                0x0000db44       0x40 ./FreeRTOS/Source/list.o
                0x0000db44                vListInsert
 .text.vListRemove
                0x0000db84       0x28 ./FreeRTOS/Source/list.o
                0x0000db84                vListRemove
 .text          0x0000dbac        0x0 ./FreeRTOS/Source/queue.o
 .text.uxQueueMessagesWaitingFromISR
                0x0000dbac        0x4 ./FreeRTOS/Source/queue.o
                0x0000dbac                uxQueueMessagesWaitingFromISR
 .text.xQueueIsQueueEmptyFromISR
                0x0000dbb0        0xc ./FreeRTOS/Source/queue.o
                0x0000dbb0                xQueueIsQueueEmptyFromISR
 .text.xQueueIsQueueFullFromISR
                0x0000dbbc       0x10 ./FreeRTOS/Source/queue.o
                0x0000dbbc                xQueueIsQueueFullFromISR
 .text.vQueueDelete
                0x0000dbcc       0x14 ./FreeRTOS/Source/queue.o
                0x0000dbcc                vQueueDelete
 .text.uxQueueMessagesWaiting
                0x0000dbe0       0x14 ./FreeRTOS/Source/queue.o
                0x0000dbe0                uxQueueMessagesWaiting
 .text.prvCopyDataFromQueue
                0x0000dbf4       0x28 ./FreeRTOS/Source/queue.o
 .text.xQueueReceiveFromISR
                0x0000dc1c       0x58 ./FreeRTOS/Source/queue.o
                0x0000dc1c                xQueueReceiveFromISR
 .text.prvUnlockQueue
                0x0000dc74       0x7c ./FreeRTOS/Source/queue.o
 .text.xQueueGenericReceive
                0x0000dcf0      0x120 ./FreeRTOS/Source/queue.o
                0x0000dcf0                xQueueGenericReceive
 .text.xQueueTakeMutexRecursive
                0x0000de10       0x38 ./FreeRTOS/Source/queue.o
                0x0000de10                xQueueTakeMutexRecursive
 .text.prvCopyDataToQueue
                0x0000de48       0x64 ./FreeRTOS/Source/queue.o
 .text.xQueueGenericSendFromISR
                0x0000deac       0x5c ./FreeRTOS/Source/queue.o
                0x0000deac                xQueueGenericSendFromISR
 .text.xQueueGenericSend
                0x0000df08       0xec ./FreeRTOS/Source/queue.o
                0x0000df08                xQueueGenericSend
 .text.xQueueGiveMutexRecursive
                0x0000dff4       0x38 ./FreeRTOS/Source/queue.o
                0x0000dff4                xQueueGiveMutexRecursive
 .text.xQueueCreateMutex
                0x0000e02c       0x4c ./FreeRTOS/Source/queue.o
                0x0000e02c                xQueueCreateMutex
 .text.xQueueCreate
                0x0000e078       0x74 ./FreeRTOS/Source/queue.o
                0x0000e078                xQueueCreate
 .text          0x0000e0ec        0x0 ./FreeRTOS/Source/tasks.o
 .text.xTaskIsTaskSuspended
                0x0000e0ec       0x2c ./FreeRTOS/Source/tasks.o
                0x0000e0ec                xTaskIsTaskSuspended
 .text.vTaskSuspendAll
                0x0000e118       0x14 ./FreeRTOS/Source/tasks.o
                0x0000e118                vTaskSuspendAll
 .text.uxTaskGetNumberOfTasks
                0x0000e12c        0xc ./FreeRTOS/Source/tasks.o
                0x0000e12c                uxTaskGetNumberOfTasks
 .text.vTaskSetTimeOutState
                0x0000e138       0x1c ./FreeRTOS/Source/tasks.o
                0x0000e138                vTaskSetTimeOutState
 .text.vTaskMissedYield
                0x0000e154       0x10 ./FreeRTOS/Source/tasks.o
                0x0000e154                vTaskMissedYield
 .text.usTaskCheckFreeStackSpace
                0x0000e164       0x24 ./FreeRTOS/Source/tasks.o
 .text.uxTaskGetStackHighWaterMark
                0x0000e188       0x18 ./FreeRTOS/Source/tasks.o
                0x0000e188                uxTaskGetStackHighWaterMark
 .text.xTaskGetCurrentTaskHandle
                0x0000e1a0        0xc ./FreeRTOS/Source/tasks.o
                0x0000e1a0                xTaskGetCurrentTaskHandle
 .text.vTaskPriorityDisinherit
                0x0000e1ac       0x54 ./FreeRTOS/Source/tasks.o
                0x0000e1ac                vTaskPriorityDisinherit
 .text.vTaskPriorityInherit
                0x0000e200       0x98 ./FreeRTOS/Source/tasks.o
                0x0000e200                vTaskPriorityInherit
 .text.xTaskRemoveFromEventList
                0x0000e298       0x88 ./FreeRTOS/Source/tasks.o
                0x0000e298                xTaskRemoveFromEventList
 .text.vTaskIncrementTick
                0x0000e320      0x104 ./FreeRTOS/Source/tasks.o
                0x0000e320                vTaskIncrementTick
 .text.xTaskResumeFromISR
                0x0000e424       0x8c ./FreeRTOS/Source/tasks.o
                0x0000e424                xTaskResumeFromISR
 .text.xTaskCheckForTimeOut
                0x0000e4b0       0x74 ./FreeRTOS/Source/tasks.o
                0x0000e4b0                xTaskCheckForTimeOut
 .text.ulTaskEndTrace
                0x0000e524       0x34 ./FreeRTOS/Source/tasks.o
                0x0000e524                ulTaskEndTrace
 .text.vTaskStartTrace
                0x0000e558       0x44 ./FreeRTOS/Source/tasks.o
                0x0000e558                vTaskStartTrace
 .text.xTaskGetTickCount
                0x0000e59c       0x18 ./FreeRTOS/Source/tasks.o
                0x0000e59c                xTaskGetTickCount
 .text.uxTaskPriorityGet
                0x0000e5b4       0x24 ./FreeRTOS/Source/tasks.o
                0x0000e5b4                uxTaskPriorityGet
 .text.vTaskPlaceOnEventList
                0x0000e5d8       0x94 ./FreeRTOS/Source/tasks.o
                0x0000e5d8                vTaskPlaceOnEventList
 .text.vTaskSwitchContext
                0x0000e66c      0x190 ./FreeRTOS/Source/tasks.o
                0x0000e66c                vTaskSwitchContext
 .text.prvDeleteTCB
                0x0000e7fc       0x14 ./FreeRTOS/Source/tasks.o
 .text.vTaskCleanUpResources
                0x0000e810      0x11c ./FreeRTOS/Source/tasks.o
                0x0000e810                vTaskCleanUpResources
 .text.prvListTaskWithinSingleList
                0x0000e92c       0x7c ./FreeRTOS/Source/tasks.o
 .text.xTaskResumeAll
                0x0000e9a8      0x108 ./FreeRTOS/Source/tasks.o
                0x0000e9a8                xTaskResumeAll
 .text.vTaskList
                0x0000eab0       0xec ./FreeRTOS/Source/tasks.o
                0x0000eab0                vTaskList
 .text.prvIdleTask
                0x0000eb9c       0x7c ./FreeRTOS/Source/tasks.o
 .text.vTaskResume
                0x0000ec18       0x7c ./FreeRTOS/Source/tasks.o
                0x0000ec18                vTaskResume
 .text.vTaskSuspend
                0x0000ec94       0x5c ./FreeRTOS/Source/tasks.o
                0x0000ec94                vTaskSuspend
 .text.vTaskPrioritySet
                0x0000ecf0       0xb8 ./FreeRTOS/Source/tasks.o
                0x0000ecf0                vTaskPrioritySet
 .text.vTaskDelay
                0x0000eda8       0x70 ./FreeRTOS/Source/tasks.o
                0x0000eda8                vTaskDelay
 .text.vTaskDelayUntil
                0x0000ee18       0xb8 ./FreeRTOS/Source/tasks.o
                0x0000ee18                vTaskDelayUntil
 .text.vTaskDelete
                0x0000eed0       0x88 ./FreeRTOS/Source/tasks.o
                0x0000eed0                vTaskDelete
 .text.vTaskEndScheduler
                0x0000ef58       0x20 ./FreeRTOS/Source/tasks.o
                0x0000ef58                vTaskEndScheduler
 .text.xTaskGenericCreate
                0x0000ef78      0x1f8 ./FreeRTOS/Source/tasks.o
                0x0000ef78                xTaskGenericCreate
 .text.vTaskStartScheduler
                0x0000f170       0x58 ./FreeRTOS/Source/tasks.o
                0x0000f170                vTaskStartScheduler
 .text          0x0000f1c8        0x0 ./CM3/core_cm3.o
 .text.__get_PSP
                0x0000f1c8        0x8 ./CM3/core_cm3.o
                0x0000f1c8                __get_PSP
 .text.__set_PSP
                0x0000f1d0        0x8 ./CM3/core_cm3.o
                0x0000f1d0                __set_PSP
 .text.__get_MSP
                0x0000f1d8        0x8 ./CM3/core_cm3.o
                0x0000f1d8                __get_MSP
 .text.__set_MSP
                0x0000f1e0        0x8 ./CM3/core_cm3.o
                0x0000f1e0                __set_MSP
 .text.__get_BASEPRI
                0x0000f1e8        0x8 ./CM3/core_cm3.o
                0x0000f1e8                __get_BASEPRI
 .text.__set_BASEPRI
                0x0000f1f0        0x8 ./CM3/core_cm3.o
                0x0000f1f0                __set_BASEPRI
 .text.__get_PRIMASK
                0x0000f1f8        0x8 ./CM3/core_cm3.o
                0x0000f1f8                __get_PRIMASK
 .text.__set_PRIMASK
                0x0000f200        0x8 ./CM3/core_cm3.o
                0x0000f200                __set_PRIMASK
 .text.__get_FAULTMASK
                0x0000f208        0x8 ./CM3/core_cm3.o
                0x0000f208                __get_FAULTMASK
 .text.__set_FAULTMASK
                0x0000f210        0x8 ./CM3/core_cm3.o
                0x0000f210                __set_FAULTMASK
 .text.__get_CONTROL
                0x0000f218        0x8 ./CM3/core_cm3.o
                0x0000f218                __get_CONTROL
 .text.__set_CONTROL
                0x0000f220        0x8 ./CM3/core_cm3.o
                0x0000f220                __set_CONTROL
 .text.__REV    0x0000f228        0x4 ./CM3/core_cm3.o
                0x0000f228                __REV
 .text.__REV16  0x0000f22c        0x4 ./CM3/core_cm3.o
                0x0000f22c                __REV16
 .text.__REVSH  0x0000f230        0x4 ./CM3/core_cm3.o
                0x0000f230                __REVSH
 .text.__RBIT   0x0000f234        0x8 ./CM3/core_cm3.o
                0x0000f234                __RBIT
 .text.__LDREXB
                0x0000f23c        0x8 ./CM3/core_cm3.o
                0x0000f23c                __LDREXB
 .text.__LDREXH
                0x0000f244        0x8 ./CM3/core_cm3.o
                0x0000f244                __LDREXH
 .text.__LDREXW
                0x0000f24c        0x8 ./CM3/core_cm3.o
                0x0000f24c                __LDREXW
 .text.__STREXB
                0x0000f254        0x8 ./CM3/core_cm3.o
                0x0000f254                __STREXB
 .text.__STREXH
                0x0000f25c        0x8 ./CM3/core_cm3.o
                0x0000f25c                __STREXH
 .text.__STREXW
                0x0000f264        0x8 ./CM3/core_cm3.o
                0x0000f264                __STREXW
 .text          0x0000f26c        0x0 ./CM3/startup_stm32f10x_hd.o
 .text.Default_Handler
                0x0000f26c        0x4 ./CM3/startup_stm32f10x_hd.o
                0x0000f26c                EXTI2_IRQHandler
                0x0000f26c                TIM8_TRG_COM_IRQHandler
                0x0000f26c                TIM8_CC_IRQHandler
                0x0000f26c                TIM1_CC_IRQHandler
                0x0000f26c                TIM6_IRQHandler
                0x0000f26c                PVD_IRQHandler
                0x0000f26c                SDIO_IRQHandler
                0x0000f26c                EXTI3_IRQHandler
                0x0000f26c                EXTI0_IRQHandler
                0x0000f26c                I2C2_EV_IRQHandler
                0x0000f26c                ADC1_2_IRQHandler
                0x0000f26c                SPI1_IRQHandler
                0x0000f26c                TAMPER_IRQHandler
                0x0000f26c                TIM8_UP_IRQHandler
                0x0000f26c                DMA2_Channel2_IRQHandler
                0x0000f26c                DMA1_Channel4_IRQHandler
                0x0000f26c                USART3_IRQHandler
                0x0000f26c                RTC_IRQHandler
                0x0000f26c                DMA1_Channel7_IRQHandler
                0x0000f26c                CAN1_RX1_IRQHandler
                0x0000f26c                UART5_IRQHandler
                0x0000f26c                ADC3_IRQHandler
                0x0000f26c                TIM4_IRQHandler
                0x0000f26c                DMA2_Channel1_IRQHandler
                0x0000f26c                I2C1_EV_IRQHandler
                0x0000f26c                DMA1_Channel6_IRQHandler
                0x0000f26c                UART4_IRQHandler
                0x0000f26c                RCC_IRQHandler
                0x0000f26c                TIM1_TRG_COM_IRQHandler
                0x0000f26c                DMA1_Channel1_IRQHandler
                0x0000f26c                Default_Handler
                0x0000f26c                EXTI15_10_IRQHandler
                0x0000f26c                TIM7_IRQHandler
                0x0000f26c                TIM5_IRQHandler
                0x0000f26c                EXTI9_5_IRQHandler
                0x0000f26c                SPI2_IRQHandler
                0x0000f26c                DMA1_Channel5_IRQHandler
                0x0000f26c                EXTI4_IRQHandler
                0x0000f26c                USB_LP_CAN1_RX0_IRQHandler
                0x0000f26c                USB_HP_CAN1_TX_IRQHandler
                0x0000f26c                DMA1_Channel3_IRQHandler
                0x0000f26c                FSMC_IRQHandler
                0x0000f26c                TIM1_UP_IRQHandler
                0x0000f26c                WWDG_IRQHandler
                0x0000f26c                TIM2_IRQHandler
                0x0000f26c                TIM1_BRK_IRQHandler
                0x0000f26c                EXTI1_IRQHandler
                0x0000f26c                RTCAlarm_IRQHandler
                0x0000f26c                DMA2_Channel4_5_IRQHandler
                0x0000f26c                USART2_IRQHandler
                0x0000f26c                I2C2_ER_IRQHandler
                0x0000f26c                DMA1_Channel2_IRQHandler
                0x0000f26c                TIM8_BRK_IRQHandler
                0x0000f26c                CAN1_SCE_IRQHandler
                0x0000f26c                FLASH_IRQHandler
                0x0000f26c                USART1_IRQHandler
                0x0000f26c                SPI3_IRQHandler
                0x0000f26c                I2C1_ER_IRQHandler
                0x0000f26c                USBWakeUp_IRQHandler
                0x0000f26c                DMA2_Channel3_IRQHandler
 .text.SystemInit_ExtMemCtl_Dummy
                0x0000f270        0x4 ./CM3/startup_stm32f10x_hd.o
                0x0000f270                SystemInit_ExtMemCtl_Dummy
                0x0000f270                SystemInit_ExtMemCtl
 .text.Reset_Handler
                0x0000f274       0xb8 ./CM3/startup_stm32f10x_hd.o
                0x0000f274                Reset_Handler
 .text          0x0000f32c        0x0 ./CM3/stm32f10x_it.o
 .text.NMI_Handler
                0x0000f32c        0x4 ./CM3/stm32f10x_it.o
                0x0000f32c                NMI_Handler
 .text.BusFault_Handler
                0x0000f330        0x4 ./CM3/stm32f10x_it.o
                0x0000f330                BusFault_Handler
 .text.DebugMon_Handler
                0x0000f334        0x4 ./CM3/stm32f10x_it.o
                0x0000f334                DebugMon_Handler
 .text.UsageFault_Handler
                0x0000f338       0x24 ./CM3/stm32f10x_it.o
                0x0000f338                UsageFault_Handler
 .text.MemManage_Handler
                0x0000f35c       0x24 ./CM3/stm32f10x_it.o
                0x0000f35c                MemManage_Handler
 .text.HardFault_Handler
                0x0000f380       0x24 ./CM3/stm32f10x_it.o
                0x0000f380                HardFault_Handler
 .text          0x0000f3a4        0x0 ./CM3/system_stm32f10x.o
 .text.SystemCoreClockUpdate
                0x0000f3a4       0xf0 ./CM3/system_stm32f10x.o
                0x0000f3a4                SystemCoreClockUpdate
 .text.SystemInit
                0x0000f494      0x12c ./CM3/system_stm32f10x.o
                0x0000f494                SystemInit
 .text          0x0000f5c0        0x0 ./main.o
 .text.assert_failed
                0x0000f5c0       0x18 ./main.o
                0x0000f5c0                assert_failed
 .text.vApplicationStackOverflowHook
                0x0000f5d8       0x3c ./main.o
                0x0000f5d8                vApplicationStackOverflowHook
 .text.main     0x0000f614      0x128 ./main.o
                0x0000f614                main
 .text.example_applet_touch_handler
                0x0000f73c       0x50 ./main.o
                0x0000f73c                example_applet_touch_handler
 .text.example_applet
                0x0000f78c       0x34 ./main.o
                0x0000f78c                example_applet
 .text.item_2_callback
                0x0000f7c0       0x28 ./main.o
                0x0000f7c0                item_2_callback
 .text.item_1_callback
                0x0000f7e8       0x18 ./main.o
                0x0000f7e8                item_1_callback
 .text          0x0000f800        0x0 ./menu.o
 .text.menu_run_callback
                0x0000f800       0x38 ./menu.o
 .text.menu_clear
                0x0000f838        0xc ./menu.o
                0x0000f838                menu_clear
 .text.menu_paint_cell
                0x0000f844       0xd8 ./menu.o
 .text.menu_update
                0x0000f91c      0x318 ./menu.o
 .text.menu_touch
                0x0000fc34      0x2a4 ./menu.o
                0x0000fc34                menu_touch
 .text.menu_set_root
                0x0000fed8       0x14 ./menu.o
                0x0000fed8                menu_set_root
 .text          0x0000feec        0x0 ./stf_syscalls_minimal.o
 .text._close   0x0000feec        0x8 ./stf_syscalls_minimal.o
                0x0000feec                _close
 .text._fstat   0x0000fef4        0xc ./stf_syscalls_minimal.o
                0x0000fef4                _fstat
 .text._isatty  0x0000ff00        0x8 ./stf_syscalls_minimal.o
                0x0000ff00                _isatty
 .text._lseek   0x0000ff08        0x8 ./stf_syscalls_minimal.o
                0x0000ff08                _lseek
 .text._read    0x0000ff10        0x8 ./stf_syscalls_minimal.o
                0x0000ff10                _read
 .text._open    0x0000ff18        0x8 ./stf_syscalls_minimal.o
                0x0000ff18                _open
 .text._link    0x0000ff20       0x14 ./stf_syscalls_minimal.o
                0x0000ff20                _link
 .text._unlink  0x0000ff34       0x14 ./stf_syscalls_minimal.o
                0x0000ff34                _unlink
 .text._stat    0x0000ff48        0xc ./stf_syscalls_minimal.o
                0x0000ff48                _stat
 .text._execve  0x0000ff54       0x14 ./stf_syscalls_minimal.o
                0x0000ff54                _execve
 .text._fork    0x0000ff68       0x14 ./stf_syscalls_minimal.o
                0x0000ff68                _fork
 .text._getpid  0x0000ff7c        0x8 ./stf_syscalls_minimal.o
                0x0000ff7c                _getpid
 .text._kill    0x0000ff84       0x14 ./stf_syscalls_minimal.o
                0x0000ff84                _kill
 .text.times    0x0000ff98        0x8 ./stf_syscalls_minimal.o
                0x0000ff98                times
 .text._wait    0x0000ffa0       0x14 ./stf_syscalls_minimal.o
                0x0000ffa0                _wait
 .text.malloc   0x0000ffb4        0x8 ./stf_syscalls_minimal.o
                0x0000ffb4                malloc
 .text._malloc_r
                0x0000ffbc        0xc ./stf_syscalls_minimal.o
                0x0000ffbc                _malloc_r
 .text._calloc_r
                0x0000ffc8        0xc ./stf_syscalls_minimal.o
                0x0000ffc8                _calloc_r
 .text._free_r  0x0000ffd4        0xc ./stf_syscalls_minimal.o
                0x0000ffd4                _free_r
 .text._realloc_r
                0x0000ffe0       0x2c ./stf_syscalls_minimal.o
                0x0000ffe0                _realloc_r
 .text._sbrk    0x0001000c       0x14 ./stf_syscalls_minimal.o
                0x0001000c                _sbrk
 .text._write   0x00010020       0x20 ./stf_syscalls_minimal.o
                0x00010020                _write
 .text._exit    0x00010040       0x10 ./stf_syscalls_minimal.o
                0x00010040                _exit
 .text          0x00010050      0x370 /opt/arm-2009q1/bin/../lib/gcc/arm-none-eabi/4.3.3/thumb2/libgcc.a(_arm_addsubdf3.o)
                0x00010364                __floatdidf
                0x000102f4                __floatsidf
                0x000102d4                __aeabi_ui2d
                0x00010050                __aeabi_drsub
                0x00010318                __extendsfdf2
                0x0001005c                __adddf3
                0x000102d4                __floatunsidf
                0x0001005c                __aeabi_dadd
                0x00010354                __aeabi_ul2d
                0x00010058                __aeabi_dsub
                0x00010354                __floatundidf
                0x000102f4                __aeabi_i2d
                0x00010364                __aeabi_l2d
                0x00010318                __aeabi_f2d
                0x00010058                __subdf3
 .text          0x000103c0      0x21c /opt/arm-2009q1/bin/../lib/gcc/arm-none-eabi/4.3.3/thumb2/libgcc.a(_arm_addsubsf3.o)
                0x000103cc                __aeabi_fadd
                0x000103c8                __subsf3
                0x00010534                __aeabi_i2f
                0x000103c8                __aeabi_fsub
                0x00010560                __floatdisf
                0x00010534                __floatsisf
                0x00010550                __floatundisf
                0x0001052c                __aeabi_ui2f
                0x00010560                __aeabi_l2f
                0x00010550                __aeabi_ul2f
                0x000103c0                __aeabi_frsub
                0x0001052c                __floatunsisf
                0x000103cc                __addsf3
 .text          0x000105dc      0x2a0 /opt/arm-2009q1/bin/../lib/gcc/arm-none-eabi/4.3.3/thumb2/libgcc.a(_arm_muldivsf3.o)
                0x00010744                __divsf3
                0x00010744                __aeabi_fdiv
                0x000105dc                __mulsf3
                0x000105dc                __aeabi_fmul
 .text          0x0001087c       0x60 /opt/arm-2009q1/bin/../lib/gcc/arm-none-eabi/4.3.3/../../../../arm-none-eabi/lib/thumb2/libc.a(lib_a-memcmp.o)
                0x0001087c                memcmp
 .text          0x000108dc       0x88 /opt/arm-2009q1/bin/../lib/gcc/arm-none-eabi/4.3.3/../../../../arm-none-eabi/lib/thumb2/libc.a(lib_a-memcpy-stub.o)
                0x000108dc                memcpy
 .text          0x00010964       0xac /opt/arm-2009q1/bin/../lib/gcc/arm-none-eabi/4.3.3/../../../../arm-none-eabi/lib/thumb2/libc.a(lib_a-memset.o)
                0x00010964                memset
 .text          0x00010a10       0x48 /opt/arm-2009q1/bin/../lib/gcc/arm-none-eabi/4.3.3/../../../../arm-none-eabi/lib/thumb2/libc.a(lib_a-printf.o)
                0x00010a10                printf
                0x00010a38                _printf_r
 .text          0x00010a58       0x7c /opt/arm-2009q1/bin/../lib/gcc/arm-none-eabi/4.3.3/../../../../arm-none-eabi/lib/thumb2/libc.a(lib_a-puts.o)
                0x00010a58                _puts_r
                0x00010ac0                puts
 .text          0x00010ad4       0xf0 /opt/arm-2009q1/bin/../lib/gcc/arm-none-eabi/4.3.3/../../../../arm-none-eabi/lib/thumb2/libc.a(lib_a-reent.o)
                0x00010b1c                cleanup_glue
                0x00010b34                _reclaim_reent
                0x00010ad4                _wrapup_reent
 .text          0x00010bc4       0x8c /opt/arm-2009q1/bin/../lib/gcc/arm-none-eabi/4.3.3/../../../../arm-none-eabi/lib/thumb2/libc.a(lib_a-sprintf.o)
                0x00010c10                _sprintf_r
                0x00010bc4                sprintf
 .text          0x00010c50       0x48 /opt/arm-2009q1/bin/../lib/gcc/arm-none-eabi/4.3.3/../../../../arm-none-eabi/lib/thumb2/libc.a(lib_a-strcat.o)
                0x00010c50                strcat
 .text          0x00010c98      0x1dc /opt/arm-2009q1/bin/../lib/gcc/arm-none-eabi/4.3.3/../../../../arm-none-eabi/lib/thumb2/libc.a(lib_a-strcmp.o)
                0x00010c98                strcmp
 .text          0x00010e74       0xbc /opt/arm-2009q1/bin/../lib/gcc/arm-none-eabi/4.3.3/../../../../arm-none-eabi/lib/thumb2/libc.a(lib_a-strcpy.o)
                0x00010e74                strcpy
 .text          0x00010f30       0x60 /opt/arm-2009q1/bin/../lib/gcc/arm-none-eabi/4.3.3/../../../../arm-none-eabi/lib/thumb2/libc.a(lib_a-strlen.o)
                0x00010f30                strlen
 .text          0x00010f90       0x80 /opt/arm-2009q1/bin/../lib/gcc/arm-none-eabi/4.3.3/../../../../arm-none-eabi/lib/thumb2/libc.a(lib_a-strncpy.o)
                0x00010f90                strncpy
 .text          0x00011010      0x928 /opt/arm-2009q1/bin/../lib/gcc/arm-none-eabi/4.3.3/../../../../arm-none-eabi/lib/thumb2/libc.a(lib_a-svfprintf.o)
                0x00011010                _svfprintf_r
 .text          0x00011938      0xaa4 /opt/arm-2009q1/bin/../lib/gcc/arm-none-eabi/4.3.3/../../../../arm-none-eabi/lib/thumb2/libc.a(lib_a-vfprintf.o)
                0x00011938                _vfprintf_r
                0x000123c0                vfprintf
 .text          0x000123dc       0x7c /opt/arm-2009q1/bin/../lib/gcc/arm-none-eabi/4.3.3/../../../../arm-none-eabi/lib/thumb2/libc.a(lib_a-vsnprintf.o)
                0x00012434                vsnprintf
                0x000123dc                _vsnprintf_r
 .text          0x00012458       0xd8 /opt/arm-2009q1/bin/../lib/gcc/arm-none-eabi/4.3.3/../../../../arm-none-eabi/lib/thumb2/libc.a(lib_a-wsetup.o)
                0x00012458                __swsetup_r
 .text          0x00012530      0x1ac /opt/arm-2009q1/bin/../lib/gcc/arm-none-eabi/4.3.3/../../../../arm-none-eabi/lib/thumb2/libc.a(lib_a-fflush.o)
                0x000126ac                fflush
                0x00012688                _fflush_r
                0x00012530                __sflush_r
 .text          0x000126dc      0x1d8 /opt/arm-2009q1/bin/../lib/gcc/arm-none-eabi/4.3.3/../../../../arm-none-eabi/lib/thumb2/libc.a(lib_a-findfp.o)
                0x000127a8                __sinit
                0x000127f8                __sfmoreglue
                0x0001273c                _cleanup
                0x0001272c                _cleanup_r
                0x00012710                __fp_lock_all
                0x000126dc                __sfp_lock_acquire
                0x00012824                __sfp
                0x000126e8                __sinit_lock_release
                0x000126f4                __fp_unlock_all
                0x000126e0                __sfp_lock_release
                0x000126e4                __sinit_lock_acquire
 .text          0x000128b4      0x2cc /opt/arm-2009q1/bin/../lib/gcc/arm-none-eabi/4.3.3/../../../../arm-none-eabi/lib/thumb2/libc.a(lib_a-fvwrite.o)
                0x000128b4                __sfvwrite_r
 .text          0x00012b80       0xa4 /opt/arm-2009q1/bin/../lib/gcc/arm-none-eabi/4.3.3/../../../../arm-none-eabi/lib/thumb2/libc.a(lib_a-fwalk.o)
                0x00012b80                _fwalk
                0x00012bd0                _fwalk_reent
 .text          0x00012c24        0x0 /opt/arm-2009q1/bin/../lib/gcc/arm-none-eabi/4.3.3/../../../../arm-none-eabi/lib/thumb2/libc.a(lib_a-impure.o)
 .text          0x00012c24       0xe0 /opt/arm-2009q1/bin/../lib/gcc/arm-none-eabi/4.3.3/../../../../arm-none-eabi/lib/thumb2/libc.a(lib_a-makebuf.o)
                0x00012c24                __smakebuf_r
 .text          0x00012d04       0x7c /opt/arm-2009q1/bin/../lib/gcc/arm-none-eabi/4.3.3/../../../../arm-none-eabi/lib/thumb2/libc.a(lib_a-memchr-stub.o)
                0x00012d04                memchr
 .text          0x00012d80       0xbc /opt/arm-2009q1/bin/../lib/gcc/arm-none-eabi/4.3.3/../../../../arm-none-eabi/lib/thumb2/libc.a(lib_a-memmove.o)
                0x00012d80                memmove
 .text          0x00012e3c       0x98 /opt/arm-2009q1/bin/../lib/gcc/arm-none-eabi/4.3.3/../../../../arm-none-eabi/lib/thumb2/libc.a(lib_a-stdio.o)
                0x00012e4c                __sseek
                0x00012e3c                __seofread
                0x00012eb0                __sread
                0x00012e40                __sclose
                0x00012e74                __swrite
 .text          0x00012ed4      0xa24 /opt/arm-2009q1/bin/../lib/gcc/arm-none-eabi/4.3.3/../../../../arm-none-eabi/lib/thumb2/libc.a(lib_a-svfiprintf.o)
                0x00012ed4                __ssprint_r
                0x00012fd0                _svfiprintf_r
 .text          0x000138f8      0xb18 /opt/arm-2009q1/bin/../lib/gcc/arm-none-eabi/4.3.3/../../../../arm-none-eabi/lib/thumb2/libc.a(lib_a-vfiprintf.o)
                0x000143f4                vfiprintf
                0x0001396c                _vfiprintf_r
                0x000138f8                __sprint_r
 .text          0x00014410       0x2c /opt/arm-2009q1/bin/../lib/gcc/arm-none-eabi/4.3.3/../../../../arm-none-eabi/lib/thumb2/libc.a(lib_a-writer.o)
                0x00014410                _write_r
 .text          0x0001443c       0x28 /opt/arm-2009q1/bin/../lib/gcc/arm-none-eabi/4.3.3/../../../../arm-none-eabi/lib/thumb2/libc.a(lib_a-closer.o)
                0x0001443c                _close_r
 .text          0x00014464       0x9c /opt/arm-2009q1/bin/../lib/gcc/arm-none-eabi/4.3.3/../../../../arm-none-eabi/lib/thumb2/libc.a(lib_a-fclose.o)
                0x00014464                _fclose_r
                0x000144ec                fclose
 .text          0x00014500      0x110 /opt/arm-2009q1/bin/../lib/gcc/arm-none-eabi/4.3.3/../../../../arm-none-eabi/lib/thumb2/libc.a(lib_a-fputwc.o)
                0x00014500                _fputwc_r
                0x000145e8                fputwc
 .text          0x00014610       0x2c /opt/arm-2009q1/bin/../lib/gcc/arm-none-eabi/4.3.3/../../../../arm-none-eabi/lib/thumb2/libc.a(lib_a-fstatr.o)
                0x00014610                _fstat_r
 .text          0x0001463c       0x28 /opt/arm-2009q1/bin/../lib/gcc/arm-none-eabi/4.3.3/../../../../arm-none-eabi/lib/thumb2/libc.a(lib_a-isattyr.o)
                0x0001463c                _isatty_r
 .text          0x00014664       0x94 /opt/arm-2009q1/bin/../lib/gcc/arm-none-eabi/4.3.3/../../../../arm-none-eabi/lib/thumb2/libc.a(lib_a-locale.o)
                0x00014698                _setlocale_r
                0x00014664                __locale_charset
                0x00014688                _localeconv_r
                0x00014670                __locale_mb_cur_max
                0x000146e0                setlocale
                0x00014684                __locale_cjk_lang
                0x00014690                localeconv
                0x0001467c                __locale_msgcharset
 .text          0x000146f8       0x2c /opt/arm-2009q1/bin/../lib/gcc/arm-none-eabi/4.3.3/../../../../arm-none-eabi/lib/thumb2/libc.a(lib_a-lseekr.o)
                0x000146f8                _lseek_r
 .text          0x00014724       0x2c /opt/arm-2009q1/bin/../lib/gcc/arm-none-eabi/4.3.3/../../../../arm-none-eabi/lib/thumb2/libc.a(lib_a-readr.o)
                0x00014724                _read_r
 .text          0x00014750       0xc0 /opt/arm-2009q1/bin/../lib/gcc/arm-none-eabi/4.3.3/../../../../arm-none-eabi/lib/thumb2/libc.a(lib_a-wbuf.o)
                0x00014750                __swbuf_r
                0x000147f8                __swbuf
 .text          0x00014810       0xcc /opt/arm-2009q1/bin/../lib/gcc/arm-none-eabi/4.3.3/../../../../arm-none-eabi/lib/thumb2/libc.a(lib_a-wcrtomb.o)
                0x00014880                _wcrtomb_r
                0x00014810                wcrtomb
 .text          0x000148dc       0x50 /opt/arm-2009q1/bin/../lib/gcc/arm-none-eabi/4.3.3/../../../../arm-none-eabi/lib/thumb2/libc.a(lib_a-wctomb_r.o)
                0x000148dc                __ascii_wctomb
                0x000148fc                _wctomb_r
 *(.rodata .rodata.* .gnu.linkonce.r.*)
 .rodata.str1.4
                0x0001492c       0x21 ./std_periph_drivers/src/misc.o
                                 0x24 (size before relaxing)
 *fill*         0x0001494d        0x3 00
 .rodata.str1.4
                0x00014950       0x2a ./std_periph_drivers/src/stm32f10x_adc.o
                                 0x2c (size before relaxing)
 *fill*         0x0001497a        0x2 00
 .rodata.str1.4
                0x0001497c       0x2c ./std_periph_drivers/src/stm32f10x_flash.o
 .rodata.str1.4
                0x000149a8       0x2b ./std_periph_drivers/src/stm32f10x_fsmc.o
                                 0x2c (size before relaxing)
 *fill*         0x000149d3        0x1 00
 .rodata.str1.4
                0x000149d4       0x2b ./std_periph_drivers/src/stm32f10x_gpio.o
                                 0x2c (size before relaxing)
 *fill*         0x000149ff        0x1 00
 .rodata.str1.4
                0x00014a00       0x2a ./std_periph_drivers/src/stm32f10x_rcc.o
                                 0x2c (size before relaxing)
 *fill*         0x00014a2a        0x2 00
 .rodata.str1.4
                0x00014a2c       0x2a ./std_periph_drivers/src/stm32f10x_spi.o
                                 0x2c (size before relaxing)
 *fill*         0x00014a56        0x2 00
 .rodata.str1.4
                0x00014a58       0x2a ./std_periph_drivers/src/stm32f10x_tim.o
                                 0x2c (size before relaxing)
 *fill*         0x00014a82        0x2 00
 .rodata.str1.4
                0x00014a84       0x2c ./std_periph_drivers/src/stm32f10x_usart.o
 .rodata        0x00014ab0       0x6c ./drivers/ds1820.o
 .rodata.str1.4
                0x00014b1c       0x85 ./drivers/ds1820.o
                                 0x88 (size before relaxing)
 *fill*         0x00014ba1        0x3 00
 .rodata.str1.4
                0x00014ba4      0x113 ./drivers/lcd.o
                                0x114 (size before relaxing)
 .rodata.AsciiLib
                0x00014cb7      0x5f0 ./drivers/lcd.o
 *fill*         0x000152a7        0x1 00
 .rodata.str1.4
                0x000152a8        0x5 ./drivers/leds.o
                                  0x8 (size before relaxing)
 *fill*         0x000152ad        0x3 00
 .rodata.str1.4
                0x000152b0        0x7 ./drivers/serial.o
                                  0x8 (size before relaxing)
 *fill*         0x000152b7        0x1 00
 .rodata.str1.4
                0x000152b8       0x2d ./drivers/touch.o
                                 0x30 (size before relaxing)
 *fill*         0x000152e5        0x3 00
 .rodata.ulKernelPriority
                0x000152e8        0x4 ./FreeRTOS/Source/portable/GCC/ARM_CM3/port.o
                0x000152e8                ulKernelPriority
 .rodata.str1.4
                0x000152ec       0x19 ./FreeRTOS/Source/tasks.o
                                 0x20 (size before relaxing)
 .rodata.ucExpectedStackBytes.3250
                0x00015305       0x14 ./FreeRTOS/Source/tasks.o
 .rodata.AHBPrescTable
                0x00015319       0x10 ./CM3/system_stm32f10x.o
                0x00015319                AHBPrescTable
 *fill*         0x00015329        0x3 00
 .rodata.str1.4
                0x0001532c       0x94 ./main.o