Archive member included because of file (symbol)

/usr/local/CodeSourcery/bin/../lib/gcc/arm-none-eabi/4.5.2/../../../../arm-none-eabi/lib/thumb2/libm.a(lib_a-s_floor.o)
                              Debug/main.o (floor)
/usr/local/CodeSourcery/bin/../lib/gcc/arm-none-eabi/4.5.2/thumb2/libgcc.a(_arm_addsubdf3.o)
                              Debug/hlt.o (__aeabi_dsub)
/usr/local/CodeSourcery/bin/../lib/gcc/arm-none-eabi/4.5.2/thumb2/libgcc.a(_arm_muldivdf3.o)
                              Debug/hlt.o (__aeabi_dmul)
/usr/local/CodeSourcery/bin/../lib/gcc/arm-none-eabi/4.5.2/thumb2/libgcc.a(_arm_cmpdf2.o)
                              Debug/ds1820.o (__aeabi_dcmplt)
/usr/local/CodeSourcery/bin/../lib/gcc/arm-none-eabi/4.5.2/thumb2/libgcc.a(_arm_fixunsdfsi.o)
                              Debug/main.o (__aeabi_d2uiz)
/usr/local/CodeSourcery/bin/../lib/gcc/arm-none-eabi/4.5.2/thumb2/libgcc.a(_arm_truncdfsf2.o)
                              Debug/hlt.o (__aeabi_d2f)
/usr/local/CodeSourcery/bin/../lib/gcc/arm-none-eabi/4.5.2/thumb2/libgcc.a(_arm_addsubsf3.o)
                              Debug/hlt.o (__aeabi_fsub)
/usr/local/CodeSourcery/bin/../lib/gcc/arm-none-eabi/4.5.2/thumb2/libgcc.a(_arm_muldivsf3.o)
                              Debug/hlt.o (__aeabi_fmul)
/usr/local/CodeSourcery/bin/../lib/gcc/arm-none-eabi/4.5.2/thumb2/libgcc.a(_arm_cmpsf2.o)
                              Debug/ds1820.o (__aeabi_fcmpeq)
/usr/local/CodeSourcery/bin/../lib/gcc/arm-none-eabi/4.5.2/thumb2/libgcc.a(_arm_fixsfsi.o)
                              Debug/hlt.o (__aeabi_f2iz)
/usr/local/CodeSourcery/bin/../lib/gcc/arm-none-eabi/4.5.2/../../../../arm-none-eabi/lib/thumb2/libc.a(lib_a-atof.o)
                              Debug/parameters.o (atof)
/usr/local/CodeSourcery/bin/../lib/gcc/arm-none-eabi/4.5.2/../../../../arm-none-eabi/lib/thumb2/libc.a(lib_a-atoi.o)
                              Debug/parameters.o (atoi)
/usr/local/CodeSourcery/bin/../lib/gcc/arm-none-eabi/4.5.2/../../../../arm-none-eabi/lib/thumb2/libc.a(lib_a-fflush.o)
                              Debug/serial.o (fflush)
/usr/local/CodeSourcery/bin/../lib/gcc/arm-none-eabi/4.5.2/../../../../arm-none-eabi/lib/thumb2/libc.a(lib_a-findfp.o)
                              /usr/local/CodeSourcery/bin/../lib/gcc/arm-none-eabi/4.5.2/../../../../arm-none-eabi/lib/thumb2/libc.a(lib_a-fflush.o) (__sinit)
/usr/local/CodeSourcery/bin/../lib/gcc/arm-none-eabi/4.5.2/../../../../arm-none-eabi/lib/thumb2/libc.a(lib_a-fwalk.o)
                              /usr/local/CodeSourcery/bin/../lib/gcc/arm-none-eabi/4.5.2/../../../../arm-none-eabi/lib/thumb2/libc.a(lib_a-findfp.o) (_fwalk)
/usr/local/CodeSourcery/bin/../lib/gcc/arm-none-eabi/4.5.2/../../../../arm-none-eabi/lib/thumb2/libc.a(lib_a-impure.o)
                              Debug/serial.o (_impure_ptr)
/usr/local/CodeSourcery/bin/../lib/gcc/arm-none-eabi/4.5.2/../../../../arm-none-eabi/lib/thumb2/libc.a(lib_a-malloc.o)
                              Debug/ds1820.o (malloc)
/usr/local/CodeSourcery/bin/../lib/gcc/arm-none-eabi/4.5.2/../../../../arm-none-eabi/lib/thumb2/libc.a(lib_a-memcmp.o)
                              Debug/tasks.o (memcmp)
/usr/local/CodeSourcery/bin/../lib/gcc/arm-none-eabi/4.5.2/../../../../arm-none-eabi/lib/thumb2/libc.a(lib_a-memcpy.o)
                              Debug/serial.o (memcpy)
/usr/local/CodeSourcery/bin/../lib/gcc/arm-none-eabi/4.5.2/../../../../arm-none-eabi/lib/thumb2/libc.a(lib_a-memset.o)
                              Debug/tasks.o (memset)
/usr/local/CodeSourcery/bin/../lib/gcc/arm-none-eabi/4.5.2/../../../../arm-none-eabi/lib/thumb2/libc.a(lib_a-putchar.o)
                              Debug/printf-stdarg.o (putchar)
/usr/local/CodeSourcery/bin/../lib/gcc/arm-none-eabi/4.5.2/../../../../arm-none-eabi/lib/thumb2/libc.a(lib_a-puts.o)
                              Debug/main.o (puts)
/usr/local/CodeSourcery/bin/../lib/gcc/arm-none-eabi/4.5.2/../../../../arm-none-eabi/lib/thumb2/libc.a(lib_a-reent.o)
                              Debug/stf_syscalls_minimal.o (errno)
/usr/local/CodeSourcery/bin/../lib/gcc/arm-none-eabi/4.5.2/../../../../arm-none-eabi/lib/thumb2/libc.a(lib_a-stdio.o)
                              /usr/local/CodeSourcery/bin/../lib/gcc/arm-none-eabi/4.5.2/../../../../arm-none-eabi/lib/thumb2/libc.a(lib_a-findfp.o) (__sread)
/usr/local/CodeSourcery/bin/../lib/gcc/arm-none-eabi/4.5.2/../../../../arm-none-eabi/lib/thumb2/libc.a(lib_a-strcat.o)
                              Debug/tasks.o (strcat)
/usr/local/CodeSourcery/bin/../lib/gcc/arm-none-eabi/4.5.2/../../../../arm-none-eabi/lib/thumb2/libc.a(lib_a-strcmp.o)
                              Debug/serial.o (strcmp)
/usr/local/CodeSourcery/bin/../lib/gcc/arm-none-eabi/4.5.2/../../../../arm-none-eabi/lib/thumb2/libc.a(lib_a-strcpy.o)
                              Debug/serial.o (strcpy)
/usr/local/CodeSourcery/bin/../lib/gcc/arm-none-eabi/4.5.2/../../../../arm-none-eabi/lib/thumb2/libc.a(lib_a-strlen.o)
[...]
Memory Configuration

Name             Origin             Length             Attributes
FLASH            0x00000000         0x00080000         xr
SRAM             0x20000000         0x00010000         xrw
*default*        0x00000000         0xffffffff

Linker script and memory map

LOAD Debug/main.o
LOAD Debug/lcd.o
LOAD Debug/printf-stdarg.o
LOAD Debug/touch.o
LOAD Debug/serial.o
LOAD Debug/adc.o
LOAD Debug/leds.o
LOAD Debug/buffer.o
LOAD Debug/hlt.o
LOAD Debug/mash_pump.o
LOAD Debug/mill.o
LOAD Debug/boil.o
LOAD Debug/hop_dropper.o
LOAD Debug/stir.o
LOAD Debug/stirApplet.o
LOAD Debug/menu.o
LOAD Debug/valves.o
LOAD Debug/diag_temps.o
LOAD Debug/crane.o
LOAD Debug/speaker.o
LOAD Debug/timer.o
LOAD Debug/ds1820.o
LOAD Debug/Flow1.o
LOAD Debug/diag_pwm.o
LOAD Debug/I2C-IO.o
LOAD Debug/chiller_pump.o
LOAD Debug/console.o
LOAD Debug/brew.o
LOAD Debug/parameters.o
LOAD Debug/boil_valve.o
LOAD Debug/stf_syscalls_minimal.o
LOAD Debug/io_util.o
LOAD Debug/core_cm3.o
LOAD Debug/system_stm32f10x.o
LOAD Debug/stm32f10x_it.o
LOAD Debug/stm32f10x_i2c.o
LOAD Debug/misc.o
LOAD Debug/stm32f10x_rcc.o
LOAD Debug/stm32f10x_gpio.o
LOAD Debug/stm32f10x_spi.o
LOAD Debug/stm32f10x_tim.o
LOAD Debug/stm32f10x_usart.o
LOAD Debug/stm32f10x_fsmc.o
LOAD Debug/stm32f10x_flash.o
LOAD Debug/stm32f10x_adc.o
LOAD Debug/stm32f10x_exti.o
LOAD Debug/list.o
LOAD Debug/queue.o
LOAD Debug/tasks.o
LOAD Debug/port.o
LOAD Debug/heap_2.o
LOAD Debug/startup_stm32f10x.o
LOAD /usr/local/CodeSourcery/bin/../lib/gcc/arm-none-eabi/4.5.2/../../../../arm-none-eabi/lib/thumb2/libm.a
START GROUP
LOAD /usr/local/CodeSourcery/bin/../lib/gcc/arm-none-eabi/4.5.2/thumb2/libgcc.a
LOAD /usr/local/CodeSourcery/bin/../lib/gcc/arm-none-eabi/4.5.2/../../../../arm-none-eabi/lib/thumb2/libc.a
END GROUP

.text           0x00000000    0x3b490
 *(.isr_vector)
 .isr_vector    0x00000000      0x1e0 Debug/startup_stm32f10x.o
                0x00000000                g_pfnVectors
 *(.text .text.* .gnu.linkonce.t.*)
 .text          0x000001e0        0x0 Debug/main.o
 .text.__enable_irq
                0x000001e0        0xc Debug/main.o
 .text.__disable_irq
                0x000001ec        0xc Debug/main.o
 .text.__enable_fault_irq
                0x000001f8        0xc Debug/main.o
 .text.__disable_fault_irq
                0x00000204        0xc Debug/main.o
 .text.__NOP    0x00000210        0xc Debug/main.o
 .text.__WFI    0x0000021c        0xc Debug/main.o
 .text.__WFE    0x00000228        0xc Debug/main.o
 .text.__SEV    0x00000234        0xc Debug/main.o
 .text.__ISB    0x00000240       0x10 Debug/main.o
 .text.__DSB    0x00000250       0x10 Debug/main.o
 .text.__DMB    0x00000260       0x10 Debug/main.o
 .text.__CLREX  0x00000270       0x10 Debug/main.o
 .text.NVIC_SetPriorityGrouping
                0x00000280       0x4c Debug/main.o
 .text.NVIC_GetPriorityGrouping
                0x000002cc       0x1c Debug/main.o
 .text.NVIC_EnableIRQ
                0x000002e8       0x34 Debug/main.o
 .text.NVIC_DisableIRQ
                0x0000031c       0x38 Debug/main.o
 .text.NVIC_GetPendingIRQ
                0x00000354       0x4c Debug/main.o
 .text.NVIC_SetPendingIRQ
                0x000003a0       0x38 Debug/main.o
 .text.NVIC_ClearPendingIRQ
                0x000003d8       0x38 Debug/main.o
 .text.NVIC_GetActive
                0x00000410       0x4c Debug/main.o
 .text.NVIC_SetPriority
                0x0000045c       0x58 Debug/main.o
 .text.NVIC_GetPriority
                0x000004b4       0x54 Debug/main.o
 .text.NVIC_EncodePriority
                0x00000508       0x7c Debug/main.o
 .text.NVIC_DecodePriority
                0x00000584       0x7c Debug/main.o
 .text.SysTick_Config
                0x00000600       0x54 Debug/main.o
 .text.NVIC_SystemReset
                0x00000654       0x24 Debug/main.o
 .text.ITM_SendChar
                0x00000678       0x60 Debug/main.o
 .text.ITM_ReceiveChar
                0x000006d8       0x38 Debug/main.o
 .text.ITM_CheckChar
                0x00000710       0x28 Debug/main.o
 .text.item_1_callback
                0x00000738       0x28 Debug/main.o
                0x00000738                item_1_callback
 .text.item_2_callback
                0x00000760       0x50 Debug/main.o
                0x00000760                item_2_callback
 .text.example_applet
                0x000007b0       0x44 Debug/main.o
                0x000007b0                example_applet
 .text.example_applet_touch_handler
                0x000007f4       0x64 Debug/main.o
                0x000007f4                example_applet_touch_handler
 .text.vCheckTask
                0x00000858      0x57c Debug/main.o
                0x00000858                vCheckTask
 .text.main     0x00000dd4      0x350 Debug/main.o
                0x00000dd4                main
 .text.prvSetupHardware
                0x00001124       0xcc Debug/main.o
 .text.vApplicationStackOverflowHook
                0x000011f0       0x3c Debug/main.o
                0x000011f0                vApplicationStackOverflowHook
 .text.vApplicationMallocFailedHook
                0x0000122c       0x10 Debug/main.o
                0x0000122c                vApplicationMallocFailedHook
 .text.vApplicationIdleHook
                0x0000123c       0x1c Debug/main.o
                0x0000123c                vApplicationIdleHook
 .text.assert_failed
                0x00001258       0x1c Debug/main.o
                0x00001258                assert_failed
 .text          0x00001274        0x0 Debug/lcd.o
 .text.__enable_irq
                0x00001274        0xc Debug/lcd.o
 .text.__disable_irq
                0x00001280        0xc Debug/lcd.o
 .text.__enable_fault_irq
                0x0000128c        0xc Debug/lcd.o
 .text.__disable_fault_irq
                0x00001298        0xc Debug/lcd.o
 .text.__NOP    0x000012a4        0xc Debug/lcd.o
 .text.__WFI    0x000012b0        0xc Debug/lcd.o
 .text.__WFE    0x000012bc        0xc Debug/lcd.o
 .text.__SEV    0x000012c8        0xc Debug/lcd.o
 .text.__ISB    0x000012d4       0x10 Debug/lcd.o
 .text.__DSB    0x000012e4       0x10 Debug/lcd.o
 .text.__DMB    0x000012f4       0x10 Debug/lcd.o
 .text.__CLREX  0x00001304       0x10 Debug/lcd.o
 .text.NVIC_SetPriorityGrouping
                0x00001314       0x4c Debug/lcd.o
 .text.NVIC_GetPriorityGrouping
                0x00001360       0x1c Debug/lcd.o
 .text.NVIC_EnableIRQ
                0x0000137c       0x34 Debug/lcd.o
 .text.NVIC_DisableIRQ
                0x000013b0       0x38 Debug/lcd.o
 .text.NVIC_GetPendingIRQ
                0x000013e8       0x4c Debug/lcd.o
 .text.NVIC_SetPendingIRQ
                0x00001434       0x38 Debug/lcd.o
 .text.NVIC_ClearPendingIRQ
                0x0000146c       0x38 Debug/lcd.o
 .text.NVIC_GetActive
                0x000014a4       0x4c Debug/lcd.o
 .text.NVIC_SetPriority
                0x000014f0       0x58 Debug/lcd.o
 .text.NVIC_GetPriority
                0x00001548       0x54 Debug/lcd.o
 .text.NVIC_EncodePriority
                0x0000159c       0x7c Debug/lcd.o
 .text.NVIC_DecodePriority
                0x00001618       0x7c Debug/lcd.o
 .text.SysTick_Config
                0x00001694       0x54 Debug/lcd.o
 .text.NVIC_SystemReset
                0x000016e8       0x24 Debug/lcd.o
 .text.ITM_SendChar
                0x0000170c       0x60 Debug/lcd.o
 .text.ITM_ReceiveChar
                0x0000176c       0x38 Debug/lcd.o
 .text.ITM_CheckChar
                0x000017a4       0x28 Debug/lcd.o
 .text.Delay    0x000017cc       0x40 Debug/lcd.o
                0x000017cc                Delay
 .text.write_cmd
                0x0000180c       0x1c Debug/lcd.o
 .text.read_data
                0x00001828       0x18 Debug/lcd.o
 .text.write_data
                0x00001840       0x20 Debug/lcd.o
 .text.write_reg
                0x00001860       0x28 Debug/lcd.o
 .text.read_reg
                0x00001888       0x30 Debug/lcd.o
 .text.lcd_getdeviceid
                0x000018b8       0x14 Debug/lcd.o
                0x000018b8                lcd_getdeviceid
 .text.BGR2RGB  0x000018cc       0x50 Debug/lcd.o
                0x000018cc                BGR2RGB
 .text.lcd_SetCursor
                0x0000191c       0x30 Debug/lcd.o
                0x0000191c                lcd_SetCursor
 .text.lcd_read_gram
                0x0000194c       0x38 Debug/lcd.o
                0x0000194c                lcd_read_gram
 .text.lcd_init
                0x00001984       0x90 Debug/lcd.o
                0x00001984                lcd_init
 .text.LCD_FSMCConfig
                0x00001a14       0xa4 Debug/lcd.o
 .text.lcd_port_init
                0x00001ab8       0xbc Debug/lcd.o
 .text.power_SET
                0x00001b74      0x160 Debug/lcd.o
 .text.gamma_SET
                0x00001cd4       0x90 Debug/lcd.o
 .text.display_ON
                0x00001d64       0x64 Debug/lcd.o
 .text.display_OFF
                0x00001dc8       0x24 Debug/lcd.o
 .text.lcd_data_bus_test
                0x00001dec       0xa8 Debug/lcd.o
 .text.lcd_gram_test
                0x00001e94       0xe8 Debug/lcd.o
 .text.LCD_SetDisplayWindow
                0x00001f7c       0xa4 Debug/lcd.o
                0x00001f7c                LCD_SetDisplayWindow
 .text.lcd_write_ram_prepare
                0x00002020       0x10 Debug/lcd.o
 .text.lcd_set_cursor
                0x00002030       0x38 Debug/lcd.o
 .text.lcd_char_xy
                0x00002068       0xac Debug/lcd.o
 .text.lcd_DrawHLine
                0x00002114       0x54 Debug/lcd.o
 .text.lcd_DrawVLine
                0x00002168       0x54 Debug/lcd.o
 .text.lcd_lock
                0x000021bc       0x40 Debug/lcd.o
                0x000021bc                lcd_lock
 .text.lcd_release
                0x000021fc       0x2c Debug/lcd.o
                0x000021fc                lcd_release
 .text.lcd_text_xy
                0x00002228       0xb0 Debug/lcd.o
                0x00002228                lcd_text_xy
 .text.lcd_text
                0x000022d8       0x44 Debug/lcd.o
                0x000022d8                lcd_text
 .text.lcd_fill
                0x0000231c       0x94 Debug/lcd.o
                0x0000231c                lcd_fill
 .text.lcd_printf
                0x000023b0       0xb4 Debug/lcd.o
                0x000023b0                lcd_printf
 .text.lcd_clear
                0x00002464       0x78 Debug/lcd.o
                0x00002464                lcd_clear
 .text.lcd_background
                0x000024dc       0x20 Debug/lcd.o
                0x000024dc                lcd_background
 .text.lcd_DrawRect
                0x000024fc       0xb0 Debug/lcd.o
                0x000024fc                lcd_DrawRect
 .text.display_on
                0x000025ac       0x14 Debug/lcd.o
                0x000025ac                display_on
 .text.display_off
                0x000025c0       0x20 Debug/lcd.o
                0x000025c0                display_off
 .text          0x000025e0        0x0 Debug/printf-stdarg.o
 .text.printchar
                0x000025e0       0x38 Debug/printf-stdarg.o
 .text.prints   0x00002618       0xd0 Debug/printf-stdarg.o
 .text.printi   0x000026e8       0xf4 Debug/printf-stdarg.o
 .text.print    0x000027dc      0x218 Debug/printf-stdarg.o
 .text.printf   0x000029f4       0x2c Debug/printf-stdarg.o
                0x000029f4                printf
 .text.sprintf  0x00002a20       0x30 Debug/printf-stdarg.o
                0x00002a20                sprintf
 .text.snprintf
                0x00002a50       0x34 Debug/printf-stdarg.o
                0x00002a50                snprintf
 .text          0x00002a84        0x0 Debug/touch.o
 .text.__enable_irq
                0x00002a84        0xc Debug/touch.o
 .text.__disable_irq
                0x00002a90        0xc Debug/touch.o
 .text.__enable_fault_irq
                0x00002a9c        0xc Debug/touch.o
 .text.__disable_fault_irq
                0x00002aa8        0xc Debug/touch.o
 .text.__NOP    0x00002ab4        0xc Debug/touch.o
 .text.__WFI    0x00002ac0        0xc Debug/touch.o
 .text.__WFE    0x00002acc        0xc Debug/touch.o
 .text.__SEV    0x00002ad8        0xc Debug/touch.o
 .text.__ISB    0x00002ae4       0x10 Debug/touch.o
 .text.__DSB    0x00002af4       0x10 Debug/touch.o
 .text.__DMB    0x00002b04       0x10 Debug/touch.o
 .text.__CLREX  0x00002b14       0x10 Debug/touch.o
 .text.NVIC_SetPriorityGrouping
                0x00002b24       0x4c Debug/touch.o
 .text.NVIC_GetPriorityGrouping
                0x00002b70       0x1c Debug/touch.o
 .text.NVIC_EnableIRQ
                0x00002b8c       0x34 Debug/touch.o
 .text.NVIC_DisableIRQ
                0x00002bc0       0x38 Debug/touch.o
 .text.NVIC_GetPendingIRQ
                0x00002bf8       0x4c Debug/touch.o
 .text.NVIC_SetPendingIRQ
                0x00002c44       0x38 Debug/touch.o
 .text.NVIC_ClearPendingIRQ
                0x00002c7c       0x38 Debug/touch.o
 .text.NVIC_GetActive
                0x00002cb4       0x4c Debug/touch.o
 .text.NVIC_SetPriority
                0x00002d00       0x58 Debug/touch.o
 .text.NVIC_GetPriority
                0x00002d58       0x54 Debug/touch.o
 .text.NVIC_EncodePriority
                0x00002dac       0x7c Debug/touch.o
 .text.NVIC_DecodePriority
                0x00002e28       0x7c Debug/touch.o
 .text.SysTick_Config
                0x00002ea4       0x54 Debug/touch.o
 .text.NVIC_SystemReset
                0x00002ef8       0x24 Debug/touch.o
 .text.ITM_SendChar
                0x00002f1c       0x60 Debug/touch.o
 .text.ITM_ReceiveChar
                0x00002f7c       0x38 Debug/touch.o
 .text.ITM_CheckChar
                0x00002fb4       0x28 Debug/touch.o
 .text.SPI_CS   0x00002fdc       0x34 Debug/touch.o
                0x00002fdc                SPI_CS
 .text.SPI_DIN  0x00003010       0x34 Debug/touch.o
                0x00003010                SPI_DIN
 .text.SPI_CLK  0x00003044       0x34 Debug/touch.o
                0x00003044                SPI_CLK
 .text.SPI_DOUT
                0x00003078       0x18 Debug/touch.o
                0x00003078                SPI_DOUT
 .text.SPI_delay
                0x00003090       0x2c Debug/touch.o
                0x00003090                SPI_delay
 .text.Touch_Start
                0x000030bc       0x30 Debug/touch.o
                0x000030bc                Touch_Start
 .text.Touch_Write
                0x000030ec       0x64 Debug/touch.o
                0x000030ec                Touch_Write
 .text.Touch_Read
                0x00003150       0x58 Debug/touch.o
                0x00003150                Touch_Read
 .text.Touch_Busy
                0x000031a8       0x18 Debug/touch.o
                0x000031a8                Touch_Busy
 .text.Touch_PenIRQ
                0x000031c0       0x18 Debug/touch.o
                0x000031c0                Touch_PenIRQ
 .text.Touch_Initializtion
                0x000031d8       0xf8 Debug/touch.o
                0x000031d8                Touch_Initializtion
 .text._AD2X    0x000032d0       0x60 Debug/touch.o
                0x000032d0                _AD2X
 .text._AD2Y    0x00003330       0x64 Debug/touch.o
                0x00003330                _AD2Y
 .text.Touch_MeasurementY
                0x00003394       0x80 Debug/touch.o
                0x00003394                Touch_MeasurementY
 .text.Touch_MeasurementX
                0x00003414       0x80 Debug/touch.o
                0x00003414                Touch_MeasurementX
 .text.Touch_GetPhyX
                0x00003494       0x40 Debug/touch.o
                0x00003494                Touch_GetPhyX
 .text.Touch_GetPhyY
                0x000034d4       0x40 Debug/touch.o
                0x000034d4                Touch_GetPhyY
 .text.vTouchTask
                0x00003514       0x94 Debug/touch.o
                0x00003514                vTouchTask
 .text          0x000035a8        0x0 Debug/serial.o
 .text.__enable_irq
                0x000035a8        0xc Debug/serial.o
 .text.__disable_irq
                0x000035b4        0xc Debug/serial.o
 .text.__enable_fault_irq
                0x000035c0        0xc Debug/serial.o
 .text.__disable_fault_irq
                0x000035cc        0xc Debug/serial.o
 .text.__NOP    0x000035d8        0xc Debug/serial.o
 .text.__WFI    0x000035e4        0xc Debug/serial.o
 .text.__WFE    0x000035f0        0xc Debug/serial.o
 .text.__SEV    0x000035fc        0xc Debug/serial.o
 .text.__ISB    0x00003608       0x10 Debug/serial.o
 .text.__DSB    0x00003618       0x10 Debug/serial.o
 .text.__DMB    0x00003628       0x10 Debug/serial.o
 .text.__CLREX  0x00003638       0x10 Debug/serial.o
 .text.NVIC_SetPriorityGrouping
                0x00003648       0x4c Debug/serial.o
 .text.NVIC_GetPriorityGrouping
                0x00003694       0x1c Debug/serial.o
 .text.NVIC_EnableIRQ
                0x000036b0       0x34 Debug/serial.o
 .text.NVIC_DisableIRQ
                0x000036e4       0x38 Debug/serial.o
 .text.NVIC_GetPendingIRQ
                0x0000371c       0x4c Debug/serial.o
 .text.NVIC_SetPendingIRQ
                0x00003768       0x38 Debug/serial.o
 .text.NVIC_ClearPendingIRQ
                0x000037a0       0x38 Debug/serial.o
 .text.NVIC_GetActive
                0x000037d8       0x4c Debug/serial.o
 .text.NVIC_SetPriority
                0x00003824       0x58 Debug/serial.o
 .text.NVIC_GetPriority
                0x0000387c       0x54 Debug/serial.o
 .text.NVIC_EncodePriority
                0x000038d0       0x7c Debug/serial.o
 .text.NVIC_DecodePriority
                0x0000394c       0x7c Debug/serial.o
 .text.SysTick_Config
                0x000039c8       0x54 Debug/serial.o
 .text.NVIC_SystemReset
                0x00003a1c       0x24 Debug/serial.o
 .text.ITM_SendChar
                0x00003a40       0x60 Debug/serial.o
 .text.ITM_ReceiveChar
                0x00003aa0       0x38 Debug/serial.o
 .text.ITM_CheckChar
                0x00003ad8       0x28 Debug/serial.o
 .text.comm_test
                0x00003b00       0x24 Debug/serial.o
                0x00003b00                comm_test
 .text.comm_get
                0x00003b24       0x48 Debug/serial.o
                0x00003b24                comm_get
 .text.comm_put
                0x00003b6c       0x34 Debug/serial.o
                0x00003b6c                comm_put
 .text.comm_puts
                0x00003ba0       0x38 Debug/serial.o
                0x00003ba0                comm_puts
 .text.USARTInit
                0x00003bd8      0x15c Debug/serial.o
                0x00003bd8                USARTInit
 .text.USART1_IRQHandler
                0x00003d34       0xa8 Debug/serial.o
                0x00003d34                USART1_IRQHandler
 .text.vSerialHandlerTask
                0x00003ddc      0x1a8 Debug/serial.o
                0x00003ddc                vSerialHandlerTask
 .text.vSerialControlCentreTask
                0x00003f84       0xf8 Debug/serial.o
                0x00003f84                vSerialControlCentreTask
 .text          0x0000407c        0x0 Debug/adc.o
 .text.__enable_irq
                0x0000407c        0xc Debug/adc.o
 .text.__disable_irq
                0x00004088        0xc Debug/adc.o
 .text.__enable_fault_irq
                0x00004094        0xc Debug/adc.o
 .text.__disable_fault_irq
                0x000040a0        0xc Debug/adc.o
 .text.__NOP    0x000040ac        0xc Debug/adc.o
 .text.__WFI    0x000040b8        0xc Debug/adc.o
 .text.__WFE    0x000040c4        0xc Debug/adc.o
 .text.__SEV    0x000040d0        0xc Debug/adc.o
 .text.__ISB    0x000040dc       0x10 Debug/adc.o
 .text.__DSB    0x000040ec       0x10 Debug/adc.o
 .text.__DMB    0x000040fc       0x10 Debug/adc.o
 .text.__CLREX  0x0000410c       0x10 Debug/adc.o
 .text.NVIC_SetPriorityGrouping
                0x0000411c       0x4c Debug/adc.o
 .text.NVIC_GetPriorityGrouping
                0x00004168       0x1c Debug/adc.o
 .text.NVIC_EnableIRQ
                0x00004184       0x34 Debug/adc.o
 .text.NVIC_DisableIRQ
                0x000041b8       0x38 Debug/adc.o
 .text.NVIC_GetPendingIRQ
                0x000041f0       0x4c Debug/adc.o
 .text.NVIC_SetPendingIRQ
                0x0000423c       0x38 Debug/adc.o
 .text.NVIC_ClearPendingIRQ
                0x00004274       0x38 Debug/adc.o
 .text.NVIC_GetActive
                0x000042ac       0x4c Debug/adc.o
 .text.NVIC_SetPriority
                0x000042f8       0x58 Debug/adc.o
 .text.NVIC_GetPriority
                0x00004350       0x54 Debug/adc.o
 .text.NVIC_EncodePriority
                0x000043a4       0x7c Debug/adc.o
 .text.NVIC_DecodePriority
                0x00004420       0x7c Debug/adc.o
 .text.SysTick_Config
                0x0000449c       0x54 Debug/adc.o
 .text.NVIC_SystemReset
                0x000044f0       0x24 Debug/adc.o
 .text.ITM_SendChar
                0x00004514       0x60 Debug/adc.o
 .text.ITM_ReceiveChar
                0x00004574       0x38 Debug/adc.o
 .text.ITM_CheckChar
                0x000045ac       0x28 Debug/adc.o
 .text.adc_init
                0x000045d4       0x90 Debug/adc.o
                0x000045d4                adc_init
 .text.read_adc
                0x00004664       0x50 Debug/adc.o
                0x00004664                read_adc
 .text          0x000046b4        0x0 Debug/leds.o
 .text.__enable_irq
                0x000046b4        0xc Debug/leds.o
 .text.__disable_irq
                0x000046c0        0xc Debug/leds.o
 .text.__enable_fault_irq
                0x000046cc        0xc Debug/leds.o
 .text.__disable_fault_irq
                0x000046d8        0xc Debug/leds.o
 .text.__NOP    0x000046e4        0xc Debug/leds.o
 .text.__WFI    0x000046f0        0xc Debug/leds.o
 .text.__WFE    0x000046fc        0xc Debug/leds.o
 .text.__SEV    0x00004708        0xc Debug/leds.o
 .text.__ISB    0x00004714       0x10 Debug/leds.o
 .text.__DSB    0x00004724       0x10 Debug/leds.o
 .text.__DMB    0x00004734       0x10 Debug/leds.o
 .text.__CLREX  0x00004744       0x10 Debug/leds.o
 .text.NVIC_SetPriorityGrouping
                0x00004754       0x4c Debug/leds.o
 .text.NVIC_GetPriorityGrouping
                0x000047a0       0x1c Debug/leds.o
 .text.NVIC_EnableIRQ
                0x000047bc       0x34 Debug/leds.o
 .text.NVIC_DisableIRQ
                0x000047f0       0x38 Debug/leds.o
 .text.NVIC_GetPendingIRQ
                0x00004828       0x4c Debug/leds.o
 .text.NVIC_SetPendingIRQ
                0x00004874       0x38 Debug/leds.o
 .text.NVIC_ClearPendingIRQ
                0x000048ac       0x38 Debug/leds.o
 .text.NVIC_GetActive
                0x000048e4       0x4c Debug/leds.o
 .text.NVIC_SetPriority
                0x00004930       0x58 Debug/leds.o
 .text.NVIC_GetPriority
                0x00004988       0x54 Debug/leds.o
 .text.NVIC_EncodePriority
                0x000049dc       0x7c Debug/leds.o
 .text.NVIC_DecodePriority
                0x00004a58       0x7c Debug/leds.o
 .text.SysTick_Config
                0x00004ad4       0x54 Debug/leds.o
 .text.NVIC_SystemReset
                0x00004b28       0x24 Debug/leds.o
 .text.ITM_SendChar
                0x00004b4c       0x60 Debug/leds.o
 .text.ITM_ReceiveChar
                0x00004bac       0x38 Debug/leds.o
 .text.ITM_CheckChar
                0x00004be4       0x28 Debug/leds.o
 .text.vLEDInit
                0x00004c0c       0x70 Debug/leds.o
                0x00004c0c                vLEDInit
 .text.vStartupLEDTask
                0x00004c7c       0xb4 Debug/leds.o
                0x00004c7c                vStartupLEDTask
 .text.vLEDFlashTask
                0x00004d30       0x34 Debug/leds.o
                0x00004d30                vLEDFlashTask
 .text.vLEDSet  0x00004d64       0x44 Debug/leds.o
                0x00004d64                vLEDSet
 .text.vLEDToggle
                0x00004da8       0x48 Debug/leds.o
                0x00004da8                vLEDToggle
 .text          0x00004df0        0x0 Debug/buffer.o
 .text.__enable_irq
                0x00004df0        0xc Debug/buffer.o
 .text.__disable_irq
                0x00004dfc        0xc Debug/buffer.o
 .text.__enable_fault_irq
                0x00004e08        0xc Debug/buffer.o
 .text.__disable_fault_irq
                0x00004e14        0xc Debug/buffer.o
 .text.__NOP    0x00004e20        0xc Debug/buffer.o
 .text.__WFI    0x00004e2c        0xc Debug/buffer.o
 .text.__WFE    0x00004e38        0xc Debug/buffer.o
 .text.__SEV    0x00004e44        0xc Debug/buffer.o
 .text.__ISB    0x00004e50       0x10 Debug/buffer.o
 .text.__DSB    0x00004e60       0x10 Debug/buffer.o
 .text.__DMB    0x00004e70       0x10 Debug/buffer.o
 .text.__CLREX  0x00004e80       0x10 Debug/buffer.o
 .text.NVIC_SetPriorityGrouping
                0x00004e90       0x4c Debug/buffer.o
 .text.NVIC_GetPriorityGrouping
                0x00004edc       0x1c Debug/buffer.o
 .text.NVIC_EnableIRQ
                0x00004ef8       0x34 Debug/buffer.o
 .text.NVIC_DisableIRQ
                0x00004f2c       0x38 Debug/buffer.o
 .text.NVIC_GetPendingIRQ
                0x00004f64       0x4c Debug/buffer.o
 .text.NVIC_SetPendingIRQ
                0x00004fb0       0x38 Debug/buffer.o
 .text.NVIC_ClearPendingIRQ
                0x00004fe8       0x38 Debug/buffer.o
 .text.NVIC_GetActive
                0x00005020       0x4c Debug/buffer.o
 .text.NVIC_SetPriority
                0x0000506c       0x58 Debug/buffer.o
 .text.NVIC_GetPriority
                0x000050c4       0x54 Debug/buffer.o
 .text.NVIC_EncodePriority
                0x00005118       0x7c Debug/buffer.o
 .text.NVIC_DecodePriority
                0x00005194       0x7c Debug/buffer.o
 .text.SysTick_Config
                0x00005210       0x54 Debug/buffer.o
 .text.NVIC_SystemReset
                0x00005264       0x24 Debug/buffer.o
 .text.ITM_SendChar
                0x00005288       0x60 Debug/buffer.o
 .text.ITM_ReceiveChar
                0x000052e8       0x38 Debug/buffer.o
 .text.ITM_CheckChar
                0x00005320       0x28 Debug/buffer.o
 .text.BufferInit
                0x00005348       0x4c Debug/buffer.o
                0x00005348                BufferInit
 .text.BufferPut
                0x00005394       0x68 Debug/buffer.o
                0x00005394                BufferPut
 .text.BufferGet
                0x000053fc       0x6c Debug/buffer.o
                0x000053fc                BufferGet
 .text.BufferIsEmpty
                0x00005468       0x2c Debug/buffer.o
                0x00005468                BufferIsEmpty
 .text          0x00005494        0x0 Debug/hlt.o
 .text.__enable_irq
                0x00005494        0xc Debug/hlt.o
 .text.__disable_irq
                0x000054a0        0xc Debug/hlt.o
 .text.__enable_fault_irq
                0x000054ac        0xc Debug/hlt.o
 .text.__disable_fault_irq
                0x000054b8        0xc Debug/hlt.o
 .text.__NOP    0x000054c4        0xc Debug/hlt.o
 .text.__WFI    0x000054d0        0xc Debug/hlt.o
 .text.__WFE    0x000054dc        0xc Debug/hlt.o
 .text.__SEV    0x000054e8        0xc Debug/hlt.o
 .text.__ISB    0x000054f4       0x10 Debug/hlt.o
 .text.__DSB    0x00005504       0x10 Debug/hlt.o
 .text.__DMB    0x00005514       0x10 Debug/hlt.o
 .text.__CLREX  0x00005524       0x10 Debug/hlt.o
 .text.NVIC_SetPriorityGrouping
                0x00005534       0x4c Debug/hlt.o
 .text.NVIC_GetPriorityGrouping
                0x00005580       0x1c Debug/hlt.o
 .text.NVIC_EnableIRQ
                0x0000559c       0x34 Debug/hlt.o
 .text.NVIC_DisableIRQ
                0x000055d0       0x38 Debug/hlt.o
 .text.NVIC_GetPendingIRQ
                0x00005608       0x4c Debug/hlt.o
 .text.NVIC_SetPendingIRQ
                0x00005654       0x38 Debug/hlt.o
 .text.NVIC_ClearPendingIRQ
                0x0000568c       0x38 Debug/hlt.o
 .text.NVIC_GetActive
                0x000056c4       0x4c Debug/hlt.o
 .text.NVIC_SetPriority
                0x00005710       0x58 Debug/hlt.o
 .text.NVIC_GetPriority
                0x00005768       0x54 Debug/hlt.o
 .text.NVIC_EncodePriority
                0x000057bc       0x7c Debug/hlt.o
 .text.NVIC_DecodePriority
                0x00005838       0x7c Debug/hlt.o
 .text.SysTick_Config
                0x000058b4       0x54 Debug/hlt.o
 .text.NVIC_SystemReset
                0x00005908       0x24 Debug/hlt.o
 .text.ITM_SendChar
                0x0000592c       0x60 Debug/hlt.o
 .text.ITM_ReceiveChar
                0x0000598c       0x38 Debug/hlt.o
 .text.ITM_CheckChar
                0x000059c4       0x28 Debug/hlt.o
 .text.hlt_init
                0x000059ec       0xf0 Debug/hlt.o
                0x000059ec                hlt_init
 *fill*         0x00005adc        0x4 00
 .text.vTaskBrewHLT
                0x00005ae0      0x7d8 Debug/hlt.o
                0x00005ae0                vTaskBrewHLT
 .text.vTaskHLTLevelChecker
                0x000062b8      0x134 Debug/hlt.o
                0x000062b8                vTaskHLTLevelChecker
 .text.vTaskHeatHLT
                0x000063ec       0xf4 Debug/hlt.o
                0x000063ec                vTaskHeatHLT
 .text.vHLTApplet
                0x000064e0      0x1ec Debug/hlt.o
                0x000064e0                vHLTApplet
 *fill*         0x000066cc        0x4 00
 .text.vHLTAppletDisplay
                0x000066d0      0x398 Debug/hlt.o
                0x000066d0                vHLTAppletDisplay
 .text.vHLTAppletCallback
                0x00006a68       0x14 Debug/hlt.o
                0x00006a68                vHLTAppletCallback
 .text.HLTKey   0x00006a7c      0x1b8 Debug/hlt.o
                0x00006a7c                HLTKey
 .text          0x00006c34        0x0 Debug/mash_pump.o
 .text.__enable_irq
                0x00006c34        0xc Debug/mash_pump.o
 .text.__disable_irq
                0x00006c40        0xc Debug/mash_pump.o
 .text.__enable_fault_irq
                0x00006c4c        0xc Debug/mash_pump.o
 .text.__disable_fault_irq
                0x00006c58        0xc Debug/mash_pump.o
 .text.__NOP    0x00006c64        0xc Debug/mash_pump.o
 .text.__WFI    0x00006c70        0xc Debug/mash_pump.o
 .text.__WFE    0x00006c7c        0xc Debug/mash_pump.o
 .text.__SEV    0x00006c88        0xc Debug/mash_pump.o
 .text.__ISB    0x00006c94       0x10 Debug/mash_pump.o
 .text.__DSB    0x00006ca4       0x10 Debug/mash_pump.o
 .text.__DMB    0x00006cb4       0x10 Debug/mash_pump.o
 .text.__CLREX  0x00006cc4       0x10 Debug/mash_pump.o
 .text.NVIC_SetPriorityGrouping
                0x00006cd4       0x4c Debug/mash_pump.o
 .text.NVIC_GetPriorityGrouping
                0x00006d20       0x1c Debug/mash_pump.o
 .text.NVIC_EnableIRQ
                0x00006d3c       0x34 Debug/mash_pump.o
 .text.NVIC_DisableIRQ
                0x00006d70       0x38 Debug/mash_pump.o
 .text.NVIC_GetPendingIRQ
                0x00006da8       0x4c Debug/mash_pump.o
 .text.NVIC_SetPendingIRQ
                0x00006df4       0x38 Debug/mash_pump.o
 .text.NVIC_ClearPendingIRQ
                0x00006e2c       0x38 Debug/mash_pump.o
 .text.NVIC_GetActive
                0x00006e64       0x4c Debug/mash_pump.o
 .text.NVIC_SetPriority
                0x00006eb0       0x58 Debug/mash_pump.o
 .text.NVIC_GetPriority
                0x00006f08       0x54 Debug/mash_pump.o
 .text.NVIC_EncodePriority
                0x00006f5c       0x7c Debug/mash_pump.o
 .text.NVIC_DecodePriority
                0x00006fd8       0x7c Debug/mash_pump.o
 .text.SysTick_Config
                0x00007054       0x54 Debug/mash_pump.o
 .text.NVIC_SystemReset
                0x000070a8       0x24 Debug/mash_pump.o
 .text.ITM_SendChar
                0x000070cc       0x60 Debug/mash_pump.o
 .text.ITM_ReceiveChar
                0x0000712c       0x38 Debug/mash_pump.o
 .text.ITM_CheckChar
                0x00007164       0x28 Debug/mash_pump.o
 .text.vMashPumpInit
                0x0000718c       0x70 Debug/mash_pump.o
                0x0000718c                vMashPumpInit
 .text.vMashPump
                0x000071fc       0x3c Debug/mash_pump.o
                0x000071fc                vMashPump
 .text.vMashPumpApplet
                0x00007238      0x140 Debug/mash_pump.o
                0x00007238                vMashPumpApplet
 .text.vMashPumpAppletDisplay
                0x00007378      0x114 Debug/mash_pump.o
                0x00007378                vMashPumpAppletDisplay
 .text.iMashPumpKey
                0x0000748c       0xf8 Debug/mash_pump.o
                0x0000748c                iMashPumpKey
 .text          0x00007584        0x0 Debug/mill.o
 .text.__enable_irq
                0x00007584        0xc Debug/mill.o
 .text.__disable_irq
                0x00007590        0xc Debug/mill.o
 .text.__enable_fault_irq
                0x0000759c        0xc Debug/mill.o
 .text.__disable_fault_irq
                0x000075a8        0xc Debug/mill.o
 .text.__NOP    0x000075b4        0xc Debug/mill.o
 .text.__WFI    0x000075c0        0xc Debug/mill.o
 .text.__WFE    0x000075cc        0xc Debug/mill.o
 .text.__SEV    0x000075d8        0xc Debug/mill.o
 .text.__ISB    0x000075e4       0x10 Debug/mill.o
 .text.__DSB    0x000075f4       0x10 Debug/mill.o
 .text.__DMB    0x00007604       0x10 Debug/mill.o
 .text.__CLREX  0x00007614       0x10 Debug/mill.o
 .text.NVIC_SetPriorityGrouping
                0x00007624       0x4c Debug/mill.o
 .text.NVIC_GetPriorityGrouping
                0x00007670       0x1c Debug/mill.o
 .text.NVIC_EnableIRQ
                0x0000768c       0x34 Debug/mill.o
 .text.NVIC_DisableIRQ
                0x000076c0       0x38 Debug/mill.o
 .text.NVIC_GetPendingIRQ
                0x000076f8       0x4c Debug/mill.o
 .text.NVIC_SetPendingIRQ
                0x00007744       0x38 Debug/mill.o
 .text.NVIC_ClearPendingIRQ
                0x0000777c       0x38 Debug/mill.o
 .text.NVIC_GetActive
                0x000077b4       0x4c Debug/mill.o
 .text.NVIC_SetPriority
                0x00007800       0x58 Debug/mill.o
 .text.NVIC_GetPriority
                0x00007858       0x54 Debug/mill.o
 .text.NVIC_EncodePriority
                0x000078ac       0x7c Debug/mill.o
 .text.NVIC_DecodePriority
                0x00007928       0x7c Debug/mill.o
 .text.SysTick_Config
                0x000079a4       0x54 Debug/mill.o
 .text.NVIC_SystemReset
                0x000079f8       0x24 Debug/mill.o
 .text.ITM_SendChar
                0x00007a1c       0x60 Debug/mill.o
 .text.ITM_ReceiveChar
                0x00007a7c       0x38 Debug/mill.o
 .text.ITM_CheckChar
                0x00007ab4       0x28 Debug/mill.o
 .text.vMillInit
                0x00007adc       0x7c Debug/mill.o
                0x00007adc                vMillInit
 .text.vMill    0x00007b58       0x44 Debug/mill.o
                0x00007b58                vMill
 .text.vMillApplet
                0x00007b9c      0x140 Debug/mill.o
                0x00007b9c                vMillApplet
 .text.vMillAppletDisplay
                0x00007cdc      0x114 Debug/mill.o
                0x00007cdc                vMillAppletDisplay
 .text.iMillKey
                0x00007df0       0xe4 Debug/mill.o
                0x00007df0                iMillKey
 .text          0x00007ed4        0x0 Debug/boil.o
 .text.__enable_irq
                0x00007ed4        0xc Debug/boil.o
 .text.__disable_irq
                0x00007ee0        0xc Debug/boil.o
 .text.__enable_fault_irq
                0x00007eec        0xc Debug/boil.o
 .text.__disable_fault_irq
                0x00007ef8        0xc Debug/boil.o
 .text.__NOP    0x00007f04        0xc Debug/boil.o
 .text.__WFI    0x00007f10        0xc Debug/boil.o
 .text.__WFE    0x00007f1c        0xc Debug/boil.o
 .text.__SEV    0x00007f28        0xc Debug/boil.o
 .text.__ISB    0x00007f34       0x10 Debug/boil.o
 .text.__DSB    0x00007f44       0x10 Debug/boil.o
 .text.__DMB    0x00007f54       0x10 Debug/boil.o
 .text.__CLREX  0x00007f64       0x10 Debug/boil.o
 .text.NVIC_SetPriorityGrouping
                0x00007f74       0x4c Debug/boil.o
 .text.NVIC_GetPriorityGrouping
                0x00007fc0       0x1c Debug/boil.o
 .text.NVIC_EnableIRQ
                0x00007fdc       0x34 Debug/boil.o
 .text.NVIC_DisableIRQ
                0x00008010       0x38 Debug/boil.o
 .text.NVIC_GetPendingIRQ
                0x00008048       0x4c Debug/boil.o
 .text.NVIC_SetPendingIRQ
                0x00008094       0x38 Debug/boil.o
 .text.NVIC_ClearPendingIRQ
                0x000080cc       0x38 Debug/boil.o
 .text.NVIC_GetActive
                0x00008104       0x4c Debug/boil.o
 .text.NVIC_SetPriority
                0x00008150       0x58 Debug/boil.o
 .text.NVIC_GetPriority
                0x000081a8       0x54 Debug/boil.o
 .text.NVIC_EncodePriority
                0x000081fc       0x7c Debug/boil.o
 .text.NVIC_DecodePriority
                0x00008278       0x7c Debug/boil.o
 .text.SysTick_Config
                0x000082f4       0x54 Debug/boil.o
 .text.NVIC_SystemReset
                0x00008348       0x24 Debug/boil.o
 .text.ITM_SendChar
                0x0000836c       0x60 Debug/boil.o
 .text.ITM_ReceiveChar
                0x000083cc       0x38 Debug/boil.o
 .text.ITM_CheckChar
                0x00008404       0x28 Debug/boil.o
 .text.ucGetBoilState
                0x0000842c       0x18 Debug/boil.o
                0x0000842c                ucGetBoilState
 .text.vBoilInit
                0x00008444      0x188 Debug/boil.o
                0x00008444                vBoilInit
 .text.uGetBoilLevel
                0x000085cc       0x24 Debug/boil.o
                0x000085cc                uGetBoilLevel
 .text.uiGetADCBoilDuty
                0x000085f0       0x98 Debug/boil.o
 .text.uiTimerCompare
                0x00008688       0x20 Debug/boil.o
 .text.vStartBoilPWM
                0x000086a8       0x2c Debug/boil.o
 .text.vStopBoilPWM
                0x000086d4       0x2c Debug/boil.o
 .text.vTaskBoil
                0x00008700      0x1a8 Debug/boil.o
                0x00008700                vTaskBoil
 .text.vBoilApplet
                0x000088a8      0x1d4 Debug/boil.o
                0x000088a8                vBoilApplet
 .text.vBoilAppletDisplay
                0x00008a7c      0x1b4 Debug/boil.o
                0x00008a7c                vBoilAppletDisplay
 .text.iBoilKey
                0x00008c30      0x1d0 Debug/boil.o
                0x00008c30                iBoilKey
 .text          0x00008e00        0x0 Debug/hop_dropper.o
 .text.__enable_irq
                0x00008e00        0xc Debug/hop_dropper.o
 .text.__disable_irq
                0x00008e0c        0xc Debug/hop_dropper.o
 .text.__enable_fault_irq
                0x00008e18        0xc Debug/hop_dropper.o
 .text.__disable_fault_irq
                0x00008e24        0xc Debug/hop_dropper.o
 .text.__NOP    0x00008e30        0xc Debug/hop_dropper.o
 .text.__WFI    0x00008e3c        0xc Debug/hop_dropper.o
 .text.__WFE    0x00008e48        0xc Debug/hop_dropper.o
 .text.__SEV    0x00008e54        0xc Debug/hop_dropper.o
 .text.__ISB    0x00008e60       0x10 Debug/hop_dropper.o
 .text.__DSB    0x00008e70       0x10 Debug/hop_dropper.o
 .text.__DMB    0x00008e80       0x10 Debug/hop_dropper.o
 .text.__CLREX  0x00008e90       0x10 Debug/hop_dropper.o
 .text.NVIC_SetPriorityGrouping
                0x00008ea0       0x4c Debug/hop_dropper.o
 .text.NVIC_GetPriorityGrouping
                0x00008eec       0x1c Debug/hop_dropper.o
 .text.NVIC_EnableIRQ
                0x00008f08       0x34 Debug/hop_dropper.o
 .text.NVIC_DisableIRQ
                0x00008f3c       0x38 Debug/hop_dropper.o
 .text.NVIC_GetPendingIRQ
                0x00008f74       0x4c Debug/hop_dropper.o
 .text.NVIC_SetPendingIRQ
                0x00008fc0       0x38 Debug/hop_dropper.o
 .text.NVIC_ClearPendingIRQ
                0x00008ff8       0x38 Debug/hop_dropper.o
 .text.NVIC_GetActive
                0x00009030       0x4c Debug/hop_dropper.o
 .text.NVIC_SetPriority
                0x0000907c       0x58 Debug/hop_dropper.o
 .text.NVIC_GetPriority
                0x000090d4       0x54 Debug/hop_dropper.o
 .text.NVIC_EncodePriority
                0x00009128       0x7c Debug/hop_dropper.o
 .text.NVIC_DecodePriority
                0x000091a4       0x7c Debug/hop_dropper.o
 .text.SysTick_Config
                0x00009220       0x54 Debug/hop_dropper.o
 .text.NVIC_SystemReset
                0x00009274       0x24 Debug/hop_dropper.o
 .text.ITM_SendChar
                0x00009298       0x60 Debug/hop_dropper.o
 .text.ITM_ReceiveChar
                0x000092f8       0x38 Debug/hop_dropper.o
 .text.ITM_CheckChar
                0x00009330       0x28 Debug/hop_dropper.o
 .text.vHopsInit
                0x00009358       0x70 Debug/hop_dropper.o
                0x00009358                vHopsInit
 .text.vHopsDrive
                0x000093c8       0x34 Debug/hop_dropper.o
                0x000093c8                vHopsDrive
 .text.uDebounce
                0x000093fc       0x58 Debug/hop_dropper.o
 .text.vTaskHops
                0x00009454      0x110 Debug/hop_dropper.o
                0x00009454                vTaskHops
 .text.vHopDropperAppletDisplay
                0x00009564      0x170 Debug/hop_dropper.o
                0x00009564                vHopDropperAppletDisplay
 .text.vHopDropperApplet
                0x000096d4       0xf4 Debug/hop_dropper.o
                0x000096d4                vHopDropperApplet
 .text.iHopDropperKey
                0x000097c8      0x108 Debug/hop_dropper.o
                0x000097c8                iHopDropperKey
 .text          0x000098d0        0x0 Debug/stir.o
 .text.__enable_irq
                0x000098d0        0xc Debug/stir.o
 .text.__disable_irq
                0x000098dc        0xc Debug/stir.o
 .text.__enable_fault_irq
                0x000098e8        0xc Debug/stir.o
 .text.__disable_fault_irq
                0x000098f4        0xc Debug/stir.o
 .text.__NOP    0x00009900        0xc Debug/stir.o
 .text.__WFI    0x0000990c        0xc Debug/stir.o
 .text.__WFE    0x00009918        0xc Debug/stir.o
 .text.__SEV    0x00009924        0xc Debug/stir.o
 .text.__ISB    0x00009930       0x10 Debug/stir.o
 .text.__DSB    0x00009940       0x10 Debug/stir.o
 .text.__DMB    0x00009950       0x10 Debug/stir.o
 .text.__CLREX  0x00009960       0x10 Debug/stir.o
 .text.NVIC_SetPriorityGrouping
                0x00009970       0x4c Debug/stir.o
 .text.NVIC_GetPriorityGrouping
                0x000099bc       0x1c Debug/stir.o
 .text.NVIC_EnableIRQ
                0x000099d8       0x34 Debug/stir.o
 .text.NVIC_DisableIRQ
                0x00009a0c       0x38 Debug/stir.o
 .text.NVIC_GetPendingIRQ
                0x00009a44       0x4c Debug/stir.o
 .text.NVIC_SetPendingIRQ
                0x00009a90       0x38 Debug/stir.o
 .text.NVIC_ClearPendingIRQ
                0x00009ac8       0x38 Debug/stir.o
 .text.NVIC_GetActive
                0x00009b00       0x4c Debug/stir.o
 .text.NVIC_SetPriority
                0x00009b4c       0x58 Debug/stir.o
 .text.NVIC_GetPriority
                0x00009ba4       0x54 Debug/stir.o
 .text.NVIC_EncodePriority
                0x00009bf8       0x7c Debug/stir.o
 .text.NVIC_DecodePriority
                0x00009c74       0x7c Debug/stir.o
 .text.SysTick_Config
                0x00009cf0       0x54 Debug/stir.o
 .text.NVIC_SystemReset
                0x00009d44       0x24 Debug/stir.o
 .text.ITM_SendChar
                0x00009d68       0x60 Debug/stir.o
 .text.ITM_ReceiveChar
                0x00009dc8       0x38 Debug/stir.o
 .text.ITM_CheckChar
                0x00009e00       0x28 Debug/stir.o
 .text.vStirInit
                0x00009e28       0x54 Debug/stir.o
                0x00009e28                vStirInit
 .text.vStir    0x00009e7c       0x3c Debug/stir.o
                0x00009e7c                vStir
 .text.xGetStirState
                0x00009eb8       0x18 Debug/stir.o
                0x00009eb8                xGetStirState
 .text          0x00009ed0        0x0 Debug/stirApplet.o
 .text.__enable_irq
                0x00009ed0        0xc Debug/stirApplet.o
 .text.__disable_irq
                0x00009edc        0xc Debug/stirApplet.o
 .text.__enable_fault_irq
                0x00009ee8        0xc Debug/stirApplet.o
 .text.__disable_fault_irq
                0x00009ef4        0xc Debug/stirApplet.o
 .text.__NOP    0x00009f00        0xc Debug/stirApplet.o
 .text.__WFI    0x00009f0c        0xc Debug/stirApplet.o
 .text.__WFE    0x00009f18        0xc Debug/stirApplet.o
 .text.__SEV    0x00009f24        0xc Debug/stirApplet.o
 .text.__ISB    0x00009f30       0x10 Debug/stirApplet.o
 .text.__DSB    0x00009f40       0x10 Debug/stirApplet.o
 .text.__DMB    0x00009f50       0x10 Debug/stirApplet.o
 .text.__CLREX  0x00009f60       0x10 Debug/stirApplet.o
 .text.NVIC_SetPriorityGrouping
                0x00009f70       0x4c Debug/stirApplet.o
 .text.NVIC_GetPriorityGrouping
                0x00009fbc       0x1c Debug/stirApplet.o
 .text.NVIC_EnableIRQ
                0x00009fd8       0x34 Debug/stirApplet.o
 .text.NVIC_DisableIRQ
                0x0000a00c       0x38 Debug/stirApplet.o
 .text.NVIC_GetPendingIRQ
                0x0000a044       0x4c Debug/stirApplet.o
 .text.NVIC_SetPendingIRQ
                0x0000a090       0x38 Debug/stirApplet.o
 .text.NVIC_ClearPendingIRQ
                0x0000a0c8       0x38 Debug/stirApplet.o
 .text.NVIC_GetActive
                0x0000a100       0x4c Debug/stirApplet.o
 .text.NVIC_SetPriority
                0x0000a14c       0x58 Debug/stirApplet.o
 .text.NVIC_GetPriority
                0x0000a1a4       0x54 Debug/stirApplet.o
 .text.NVIC_EncodePriority
                0x0000a1f8       0x7c Debug/stirApplet.o
 .text.NVIC_DecodePriority
                0x0000a274       0x7c Debug/stirApplet.o
 .text.SysTick_Config
                0x0000a2f0       0x54 Debug/stirApplet.o
 .text.NVIC_SystemReset
                0x0000a344       0x24 Debug/stirApplet.o
 .text.ITM_SendChar
                0x0000a368       0x60 Debug/stirApplet.o
 .text.ITM_ReceiveChar
                0x0000a3c8       0x38 Debug/stirApplet.o
 .text.ITM_CheckChar
                0x0000a400       0x28 Debug/stirApplet.o
 .text.vStirApplet
                0x0000a428      0x140 Debug/stirApplet.o
                0x0000a428                vStirApplet
 .text.vStirAppletDisplay
                0x0000a568      0x114 Debug/stirApplet.o
                0x0000a568                vStirAppletDisplay
 .text.iStirKey
                0x0000a67c       0xe4 Debug/stirApplet.o
                0x0000a67c                iStirKey
 .text          0x0000a760        0x0 Debug/menu.o
 .text.menu_run_callback
                0x0000a760       0x64 Debug/menu.o
 .text.menu_get_selected
                0x0000a7c4       0xd4 Debug/menu.o
 .text.menu_paint_cell
                0x0000a898      0x134 Debug/menu.o
 .text.menu_two_column
                0x0000a9cc      0x108 Debug/menu.o
 .text.menu_update
                0x0000aad4      0x170 Debug/menu.o
 .text.menu_set_root
                0x0000ac44       0x20 Debug/menu.o
                0x0000ac44                menu_set_root
 .text.menu_back_after_applet
                0x0000ac64       0x6c Debug/menu.o
 .text.menu_command
                0x0000acd0       0x34 Debug/menu.o
                0x0000acd0                menu_command
 .text.menu_touch
                0x0000ad04      0x2fc Debug/menu.o
                0x0000ad04                menu_touch
 .text.menu_clear
                0x0000b000       0x10 Debug/menu.o
                0x0000b000                menu_clear
 .text          0x0000b010        0x0 Debug/valves.o
 .text.__enable_irq
                0x0000b010        0xc Debug/valves.o
 .text.__disable_irq
                0x0000b01c        0xc Debug/valves.o
 .text.__enable_fault_irq
                0x0000b028        0xc Debug/valves.o
 .text.__disable_fault_irq
                0x0000b034        0xc Debug/valves.o
 .text.__NOP    0x0000b040        0xc Debug/valves.o
 .text.__WFI    0x0000b04c        0xc Debug/valves.o
 .text.__WFE    0x0000b058        0xc Debug/valves.o
 .text.__SEV    0x0000b064        0xc Debug/valves.o
 .text.__ISB    0x0000b070       0x10 Debug/valves.o
 .text.__DSB    0x0000b080       0x10 Debug/valves.o
 .text.__DMB    0x0000b090       0x10 Debug/valves.o
 .text.__CLREX  0x0000b0a0       0x10 Debug/valves.o
 .text.NVIC_SetPriorityGrouping
                0x0000b0b0       0x4c Debug/valves.o
 .text.NVIC_GetPriorityGrouping
                0x0000b0fc       0x1c Debug/valves.o
 .text.NVIC_EnableIRQ
                0x0000b118       0x34 Debug/valves.o
 .text.NVIC_DisableIRQ
                0x0000b14c       0x38 Debug/valves.o
 .text.NVIC_GetPendingIRQ
                0x0000b184       0x4c Debug/valves.o
 .text.NVIC_SetPendingIRQ
                0x0000b1d0       0x38 Debug/valves.o
 .text.NVIC_ClearPendingIRQ
                0x0000b208       0x38 Debug/valves.o
 .text.NVIC_GetActive
                0x0000b240       0x4c Debug/valves.o
 .text.NVIC_SetPriority
                0x0000b28c       0x58 Debug/valves.o
 .text.NVIC_GetPriority
                0x0000b2e4       0x54 Debug/valves.o
 .text.NVIC_EncodePriority
                0x0000b338       0x7c Debug/valves.o
 .text.NVIC_DecodePriority
                0x0000b3b4       0x7c Debug/valves.o
 .text.SysTick_Config
                0x0000b430       0x54 Debug/valves.o
 .text.NVIC_SystemReset
                0x0000b484       0x24 Debug/valves.o
 .text.ITM_SendChar
                0x0000b4a8       0x60 Debug/valves.o
 .text.ITM_ReceiveChar
                0x0000b508       0x38 Debug/valves.o
 .text.ITM_CheckChar
                0x0000b540       0x28 Debug/valves.o
 .text.vValvesInit
                0x0000b568       0xec Debug/valves.o
                0x0000b568                vValvesInit
 .text.vValveActuate
                0x0000b654      0x15c Debug/valves.o
                0x0000b654                vValveActuate
 .text.vValvesApplet
                0x0000b7b0      0x3b8 Debug/valves.o
                0x0000b7b0                vValvesApplet
 .text.vValvesAppletDisplay
                0x0000bb68      0x650 Debug/valves.o
                0x0000bb68                vValvesAppletDisplay
 .text.iValvesKey
                0x0000c1b8      0x160 Debug/valves.o
                0x0000c1b8                iValvesKey
 .text          0x0000c318        0x0 Debug/diag_temps.o
 .text.__enable_irq
                0x0000c318        0xc Debug/diag_temps.o
 .text.__disable_irq
                0x0000c324        0xc Debug/diag_temps.o
 .text.__enable_fault_irq
                0x0000c330        0xc Debug/diag_temps.o
 .text.__disable_fault_irq
                0x0000c33c        0xc Debug/diag_temps.o
 .text.__NOP    0x0000c348        0xc Debug/diag_temps.o
 .text.__WFI    0x0000c354        0xc Debug/diag_temps.o
 .text.__WFE    0x0000c360        0xc Debug/diag_temps.o
 .text.__SEV    0x0000c36c        0xc Debug/diag_temps.o
 .text.__ISB    0x0000c378       0x10 Debug/diag_temps.o
 .text.__DSB    0x0000c388       0x10 Debug/diag_temps.o
 .text.__DMB    0x0000c398       0x10 Debug/diag_temps.o
 .text.__CLREX  0x0000c3a8       0x10 Debug/diag_temps.o
 .text.NVIC_SetPriorityGrouping
                0x0000c3b8       0x4c Debug/diag_temps.o
 .text.NVIC_GetPriorityGrouping
                0x0000c404       0x1c Debug/diag_temps.o
 .text.NVIC_EnableIRQ
                0x0000c420       0x34 Debug/diag_temps.o
 .text.NVIC_DisableIRQ
                0x0000c454       0x38 Debug/diag_temps.o
 .text.NVIC_GetPendingIRQ
                0x0000c48c       0x4c Debug/diag_temps.o
 .text.NVIC_SetPendingIRQ
                0x0000c4d8       0x38 Debug/diag_temps.o
 .text.NVIC_ClearPendingIRQ
                0x0000c510       0x38 Debug/diag_temps.o
 .text.NVIC_GetActive
                0x0000c548       0x4c Debug/diag_temps.o
 .text.NVIC_SetPriority
                0x0000c594       0x58 Debug/diag_temps.o
 .text.NVIC_GetPriority
                0x0000c5ec       0x54 Debug/diag_temps.o
 .text.NVIC_EncodePriority
                0x0000c640       0x7c Debug/diag_temps.o
 .text.NVIC_DecodePriority
                0x0000c6bc       0x7c Debug/diag_temps.o
 .text.SysTick_Config
                0x0000c738       0x54 Debug/diag_temps.o
 .text.NVIC_SystemReset
                0x0000c78c       0x24 Debug/diag_temps.o
 .text.ITM_SendChar
                0x0000c7b0       0x60 Debug/diag_temps.o
 .text.ITM_ReceiveChar
                0x0000c810       0x38 Debug/diag_temps.o
 .text.ITM_CheckChar
                0x0000c848       0x28 Debug/diag_temps.o
 .text.vDiagTempsInit
                0x0000c870       0x3c Debug/diag_temps.o
                0x0000c870                vDiagTempsInit
 .text.vDS1820DiagApplet
                0x0000c8ac       0x4c Debug/diag_temps.o
                0x0000c8ac                vDS1820DiagApplet
 .text.DS1820DiagKey
                0x0000c8f8       0x78 Debug/diag_temps.o
                0x0000c8f8                DS1820DiagKey
 .text.vTaskDS1820DisplayTemps
                0x0000c970      0x3a8 Debug/diag_temps.o
                0x0000c970                vTaskDS1820DisplayTemps
 .text          0x0000cd18        0x0 Debug/crane.o
 .text.__enable_irq
                0x0000cd18        0xc Debug/crane.o
 .text.__disable_irq
                0x0000cd24        0xc Debug/crane.o
 .text.__enable_fault_irq
                0x0000cd30        0xc Debug/crane.o
 .text.__disable_fault_irq
                0x0000cd3c        0xc Debug/crane.o
 .text.__NOP    0x0000cd48        0xc Debug/crane.o
 .text.__WFI    0x0000cd54        0xc Debug/crane.o
 .text.__WFE    0x0000cd60        0xc Debug/crane.o
 .text.__SEV    0x0000cd6c        0xc Debug/crane.o
 .text.__ISB    0x0000cd78       0x10 Debug/crane.o
 .text.__DSB    0x0000cd88       0x10 Debug/crane.o
 .text.__DMB    0x0000cd98       0x10 Debug/crane.o
 .text.__CLREX  0x0000cda8       0x10 Debug/crane.o
 .text.NVIC_SetPriorityGrouping
                0x0000cdb8       0x4c Debug/crane.o
 .text.NVIC_GetPriorityGrouping
                0x0000ce04       0x1c Debug/crane.o
 .text.NVIC_EnableIRQ
                0x0000ce20       0x34 Debug/crane.o
 .text.NVIC_DisableIRQ
                0x0000ce54       0x38 Debug/crane.o
 .text.NVIC_GetPendingIRQ
                0x0000ce8c       0x4c Debug/crane.o
 .text.NVIC_SetPendingIRQ
                0x0000ced8       0x38 Debug/crane.o
 .text.NVIC_ClearPendingIRQ
                0x0000cf10       0x38 Debug/crane.o
 .text.NVIC_GetActive
                0x0000cf48       0x4c Debug/crane.o
 .text.NVIC_SetPriority
                0x0000cf94       0x58 Debug/crane.o
 .text.NVIC_GetPriority
                0x0000cfec       0x54 Debug/crane.o
 .text.NVIC_EncodePriority
                0x0000d040       0x7c Debug/crane.o
 .text.NVIC_DecodePriority
                0x0000d0bc       0x7c Debug/crane.o
 .text.SysTick_Config
                0x0000d138       0x54 Debug/crane.o
 .text.NVIC_SystemReset
                0x0000d18c       0x24 Debug/crane.o
 .text.ITM_SendChar
                0x0000d1b0       0x60 Debug/crane.o
 .text.ITM_ReceiveChar
                0x0000d210       0x38 Debug/crane.o
 .text.ITM_CheckChar
                0x0000d248       0x28 Debug/crane.o
 .text.vGetCraneState
                0x0000d270       0x18 Debug/crane.o
                0x0000d270                vGetCraneState
 .text.vCraneInit
                0x0000d288       0x8c Debug/crane.o
                0x0000d288                vCraneInit
 .text.vCraneFunc
                0x0000d314       0x6c Debug/crane.o
                0x0000d314                vCraneFunc
 .text.vTaskCrane
                0x0000d380      0x7b0 Debug/crane.o
                0x0000d380                vTaskCrane
 .text.vCraneAppletDisplay
                0x0000db30      0x238 Debug/crane.o
                0x0000db30                vCraneAppletDisplay
 .text.vCraneApplet
                0x0000dd68      0x18c Debug/crane.o
                0x0000dd68                vCraneApplet
 .text.iCraneKey
                0x0000def4      0x168 Debug/crane.o
                0x0000def4                iCraneKey
 .text          0x0000e05c        0x0 Debug/speaker.o
 .text.__enable_irq
                0x0000e05c        0xc Debug/speaker.o
 .text.__disable_irq
                0x0000e068        0xc Debug/speaker.o
 .text.__enable_fault_irq
                0x0000e074        0xc Debug/speaker.o
 .text.__disable_fault_irq
                0x0000e080        0xc Debug/speaker.o
 .text.__NOP    0x0000e08c        0xc Debug/speaker.o
 .text.__WFI    0x0000e098        0xc Debug/speaker.o
 .text.__WFE    0x0000e0a4        0xc Debug/speaker.o
 .text.__SEV    0x0000e0b0        0xc Debug/speaker.o
 .text.__ISB    0x0000e0bc       0x10 Debug/speaker.o
 .text.__DSB    0x0000e0cc       0x10 Debug/speaker.o
 .text.__DMB    0x0000e0dc       0x10 Debug/speaker.o
 .text.__CLREX  0x0000e0ec       0x10 Debug/speaker.o
 .text.NVIC_SetPriorityGrouping
                0x0000e0fc       0x4c Debug/speaker.o
 .text.NVIC_GetPriorityGrouping
                0x0000e148       0x1c Debug/speaker.o
 .text.NVIC_EnableIRQ
                0x0000e164       0x34 Debug/speaker.o
 .text.NVIC_DisableIRQ
                0x0000e198       0x38 Debug/speaker.o
 .text.NVIC_GetPendingIRQ
                0x0000e1d0       0x4c Debug/speaker.o
 .text.NVIC_SetPendingIRQ
                0x0000e21c       0x38 Debug/speaker.o
 .text.NVIC_ClearPendingIRQ
                0x0000e254       0x38 Debug/speaker.o
 .text.NVIC_GetActive
                0x0000e28c       0x4c Debug/speaker.o
 .text.NVIC_SetPriority
                0x0000e2d8       0x58 Debug/speaker.o
 .text.NVIC_GetPriority
                0x0000e330       0x54 Debug/speaker.o
 .text.NVIC_EncodePriority
                0x0000e384       0x7c Debug/speaker.o
 .text.NVIC_DecodePriority
                0x0000e400       0x7c Debug/speaker.o
 .text.SysTick_Config
                0x0000e47c       0x54 Debug/speaker.o
 .text.NVIC_SystemReset
                0x0000e4d0       0x24 Debug/speaker.o
 .text.ITM_SendChar
                0x0000e4f4       0x60 Debug/speaker.o
 .text.ITM_ReceiveChar
                0x0000e554       0x38 Debug/speaker.o
 .text.ITM_CheckChar
                0x0000e58c       0x28 Debug/speaker.o
 .text.speaker_init
                0x0000e5b4       0x30 Debug/speaker.o
                0x0000e5b4                speaker_init
 .text.beep     0x0000e5e4       0x58 Debug/speaker.o
 .text.vBeepTask
                0x0000e63c       0x68 Debug/speaker.o
                0x0000e63c                vBeepTask
 .text          0x0000e6a4        0x0 Debug/timer.o
 .text.__enable_irq
                0x0000e6a4        0xc Debug/timer.o
 .text.__disable_irq
                0x0000e6b0        0xc Debug/timer.o
 .text.__enable_fault_irq
                0x0000e6bc        0xc Debug/timer.o
 .text.__disable_fault_irq
                0x0000e6c8        0xc Debug/timer.o
 .text.__NOP    0x0000e6d4        0xc Debug/timer.o
 .text.__WFI    0x0000e6e0        0xc Debug/timer.o
 .text.__WFE    0x0000e6ec        0xc Debug/timer.o
 .text.__SEV    0x0000e6f8        0xc Debug/timer.o
 .text.__ISB    0x0000e704       0x10 Debug/timer.o
 .text.__DSB    0x0000e714       0x10 Debug/timer.o
 .text.__DMB    0x0000e724       0x10 Debug/timer.o
 .text.__CLREX  0x0000e734       0x10 Debug/timer.o
 .text.NVIC_SetPriorityGrouping
                0x0000e744       0x4c Debug/timer.o
 .text.NVIC_GetPriorityGrouping
                0x0000e790       0x1c Debug/timer.o
 .text.NVIC_EnableIRQ
                0x0000e7ac       0x34 Debug/timer.o
 .text.NVIC_DisableIRQ
                0x0000e7e0       0x38 Debug/timer.o
 .text.NVIC_GetPendingIRQ
                0x0000e818       0x4c Debug/timer.o
 .text.NVIC_SetPendingIRQ
                0x0000e864       0x38 Debug/timer.o
 .text.NVIC_ClearPendingIRQ
                0x0000e89c       0x38 Debug/timer.o
 .text.NVIC_GetActive
                0x0000e8d4       0x4c Debug/timer.o
 .text.NVIC_SetPriority
                0x0000e920       0x58 Debug/timer.o
 .text.NVIC_GetPriority
                0x0000e978       0x54 Debug/timer.o
 .text.NVIC_EncodePriority
                0x0000e9cc       0x7c Debug/timer.o
 .text.NVIC_DecodePriority
                0x0000ea48       0x7c Debug/timer.o
 .text.SysTick_Config
                0x0000eac4       0x54 Debug/timer.o
 .text.NVIC_SystemReset
                0x0000eb18       0x24 Debug/timer.o
 .text.ITM_SendChar
                0x0000eb3c       0x60 Debug/timer.o
 .text.ITM_ReceiveChar
                0x0000eb9c       0x38 Debug/timer.o
 .text.ITM_CheckChar
                0x0000ebd4       0x28 Debug/timer.o
 .text.vSetupTimerTest
                0x0000ebfc       0xb0 Debug/timer.o
                0x0000ebfc                vSetupTimerTest
 .text.TIM3_IRQHandler
                0x0000ecac       0x24 Debug/timer.o
                0x0000ecac                TIM3_IRQHandler
 .text.vTimerSetupTask
                0x0000ecd0       0x18 Debug/timer.o
                0x0000ecd0                vTimerSetupTask
 .text          0x0000ece8        0x0 Debug/ds1820.o
 .text.__enable_irq
                0x0000ece8        0xc Debug/ds1820.o
 .text.__disable_irq
                0x0000ecf4        0xc Debug/ds1820.o
 .text.__enable_fault_irq
                0x0000ed00        0xc Debug/ds1820.o
 .text.__disable_fault_irq
                0x0000ed0c        0xc Debug/ds1820.o
 .text.__NOP    0x0000ed18        0xc Debug/ds1820.o
 .text.__WFI    0x0000ed24        0xc Debug/ds1820.o
 .text.__WFE    0x0000ed30        0xc Debug/ds1820.o
 .text.__SEV    0x0000ed3c        0xc Debug/ds1820.o
 .text.__ISB    0x0000ed48       0x10 Debug/ds1820.o
 .text.__DSB    0x0000ed58       0x10 Debug/ds1820.o
 .text.__DMB    0x0000ed68       0x10 Debug/ds1820.o
 .text.__CLREX  0x0000ed78       0x10 Debug/ds1820.o
 .text.NVIC_SetPriorityGrouping
                0x0000ed88       0x4c Debug/ds1820.o
 .text.NVIC_GetPriorityGrouping
                0x0000edd4       0x1c Debug/ds1820.o
 .text.NVIC_EnableIRQ
                0x0000edf0       0x34 Debug/ds1820.o
 .text.NVIC_DisableIRQ
                0x0000ee24       0x38 Debug/ds1820.o
 .text.NVIC_GetPendingIRQ
                0x0000ee5c       0x4c Debug/ds1820.o
 .text.NVIC_SetPendingIRQ
                0x0000eea8       0x38 Debug/ds1820.o
 .text.NVIC_ClearPendingIRQ
                0x0000eee0       0x38 Debug/ds1820.o
 .text.NVIC_GetActive
                0x0000ef18       0x4c Debug/ds1820.o
 .text.NVIC_SetPriority
                0x0000ef64       0x58 Debug/ds1820.o
 .text.NVIC_GetPriority
                0x0000efbc       0x54 Debug/ds1820.o
 .text.NVIC_EncodePriority
                0x0000f010       0x7c Debug/ds1820.o
 .text.NVIC_DecodePriority
                0x0000f08c       0x7c Debug/ds1820.o
 .text.SysTick_Config
                0x0000f108       0x54 Debug/ds1820.o
 .text.NVIC_SystemReset
                0x0000f15c       0x24 Debug/ds1820.o
 .text.ITM_SendChar
                0x0000f180       0x60 Debug/ds1820.o
 .text.ITM_ReceiveChar
                0x0000f1e0       0x38 Debug/ds1820.o
 .text.ITM_CheckChar
                0x0000f218       0x28 Debug/ds1820.o
 .text.vTaskDS1820Convert
                0x0000f240      0x3cc Debug/ds1820.o
                0x0000f240                vTaskDS1820Convert
 .text.ds1820_get_temp
                0x0000f60c       0x24 Debug/ds1820.o
                0x0000f60c                ds1820_get_temp
 .text.ds1820_error
                0x0000f630       0x6c Debug/ds1820.o
 .text.ds1820_search_key
                0x0000f69c       0x2c Debug/ds1820.o
                0x0000f69c                ds1820_search_key
 .text.delay_us
                0x0000f6c8       0x50 Debug/ds1820.o
 .text.ds1820_init
                0x0000f718       0xc0 Debug/ds1820.o
 .text.ds1820_reset
                0x0000f7d8       0x90 Debug/ds1820.o
 .text.ds1820_power_reset
                0x0000f868       0x2c Debug/ds1820.o
 .text.ds1820_write_bit
                0x0000f894       0x9c Debug/ds1820.o
 .text.ds1820_read_bit
                0x0000f930       0xa0 Debug/ds1820.o
 .text.ds1820_write_byte
                0x0000f9d0       0x60 Debug/ds1820.o
 .text.ds1820_read_byte
                0x0000fa30       0x68 Debug/ds1820.o
 .text.ds1820_convert
                0x0000fa98       0x64 Debug/ds1820.o
 .text.ds1820_search
                0x0000fafc       0x54 Debug/ds1820.o
 .text.ds1820_read_device
                0x0000fb50      0x1e4 Debug/ds1820.o
 .text.ds1820_search_applet
                0x0000fd34       0xc0 Debug/ds1820.o
                0x0000fd34                ds1820_search_applet
 .text.ds1820_one_device_get_temp
                0x0000fdf4       0xe0 Debug/ds1820.o
                0x0000fdf4                ds1820_one_device_get_temp
 .text          0x0000fed4        0x0 Debug/Flow1.o
 .text.__enable_irq
                0x0000fed4        0xc Debug/Flow1.o
 .text.__disable_irq
                0x0000fee0        0xc Debug/Flow1.o
 .text.__enable_fault_irq
                0x0000feec        0xc Debug/Flow1.o
 .text.__disable_fault_irq
                0x0000fef8        0xc Debug/Flow1.o
 .text.__NOP    0x0000ff04        0xc Debug/Flow1.o
 .text.__WFI    0x0000ff10        0xc Debug/Flow1.o
 .text.__WFE    0x0000ff1c        0xc Debug/Flow1.o
 .text.__SEV    0x0000ff28        0xc Debug/Flow1.o
 .text.__ISB    0x0000ff34       0x10 Debug/Flow1.o
 .text.__DSB    0x0000ff44       0x10 Debug/Flow1.o
 .text.__DMB    0x0000ff54       0x10 Debug/Flow1.o
 .text.__CLREX  0x0000ff64       0x10 Debug/Flow1.o
 .text.NVIC_SetPriorityGrouping
                0x0000ff74       0x4c Debug/Flow1.o
 .text.NVIC_GetPriorityGrouping
                0x0000ffc0       0x1c Debug/Flow1.o
 .text.NVIC_EnableIRQ
                0x0000ffdc       0x34 Debug/Flow1.o
 .text.NVIC_DisableIRQ
                0x00010010       0x38 Debug/Flow1.o
 .text.NVIC_GetPendingIRQ
                0x00010048       0x4c Debug/Flow1.o
 .text.NVIC_SetPendingIRQ
                0x00010094       0x38 Debug/Flow1.o
 .text.NVIC_ClearPendingIRQ
                0x000100cc       0x38 Debug/Flow1.o
 .text.NVIC_GetActive
                0x00010104       0x4c Debug/Flow1.o
 .text.NVIC_SetPriority
                0x00010150       0x58 Debug/Flow1.o
 .text.NVIC_GetPriority
                0x000101a8       0x54 Debug/Flow1.o
 .text.NVIC_EncodePriority
                0x000101fc       0x7c Debug/Flow1.o
 .text.NVIC_DecodePriority
                0x00010278       0x7c Debug/Flow1.o
 .text.SysTick_Config
                0x000102f4       0x54 Debug/Flow1.o
 .text.NVIC_SystemReset
                0x00010348       0x24 Debug/Flow1.o
 .text.ITM_SendChar
                0x0001036c       0x60 Debug/Flow1.o
 .text.ITM_ReceiveChar
                0x000103cc       0x38 Debug/Flow1.o
 .text.ITM_CheckChar
                0x00010404       0x28 Debug/Flow1.o
 .text.vFlow1Init
                0x0001042c      0x10c Debug/Flow1.o
                0x0001042c                vFlow1Init
 .text.EXTI4_IRQHandler
                0x00010538       0x20 Debug/Flow1.o
                0x00010538                EXTI4_IRQHandler
 .text.EXTIX_IRQHandler
                0x00010558        0xc Debug/Flow1.o
                0x00010558                EXTIX_IRQHandler
 *fill*         0x00010564        0x4 00
 .text.vTaskLitresToBoil
                0x00010568      0x1e0 Debug/Flow1.o
                0x00010568                vTaskLitresToBoil
 .text.vTaskLitresToMash
                0x00010748      0x170 Debug/Flow1.o
                0x00010748                vTaskLitresToMash
 .text.vResetFlow1
                0x000108b8       0x30 Debug/Flow1.o
                0x000108b8                vResetFlow1
 .text.vResetFlow2
                0x000108e8       0x30 Debug/Flow1.o
                0x000108e8                vResetFlow2
 .text.fGetBoilFlowLitres
                0x00010918       0x14 Debug/Flow1.o
                0x00010918                fGetBoilFlowLitres
 .text.fGetMashFlowLitres
                0x0001092c       0x14 Debug/Flow1.o
                0x0001092c                fGetMashFlowLitres
 .text.vFlow1Applet
                0x00010940      0x128 Debug/Flow1.o
                0x00010940                vFlow1Applet
 .text.vFlow1AppletDisplay
                0x00010a68      0x270 Debug/Flow1.o
                0x00010a68                vFlow1AppletDisplay
 .text.iFlow1Key
                0x00010cd8       0xd8 Debug/Flow1.o
                0x00010cd8                iFlow1Key
 .text          0x00010db0        0x0 Debug/diag_pwm.o
 .text.__enable_irq
                0x00010db0        0xc Debug/diag_pwm.o
 .text.__disable_irq
                0x00010dbc        0xc Debug/diag_pwm.o
 .text.__enable_fault_irq
                0x00010dc8        0xc Debug/diag_pwm.o
 .text.__disable_fault_irq
                0x00010dd4        0xc Debug/diag_pwm.o
 .text.__NOP    0x00010de0        0xc Debug/diag_pwm.o
 .text.__WFI    0x00010dec        0xc Debug/diag_pwm.o
 .text.__WFE    0x00010df8        0xc Debug/diag_pwm.o
 .text.__SEV    0x00010e04        0xc Debug/diag_pwm.o
 .text.__ISB    0x00010e10       0x10 Debug/diag_pwm.o
 .text.__DSB    0x00010e20       0x10 Debug/diag_pwm.o
 .text.__DMB    0x00010e30       0x10 Debug/diag_pwm.o
 .text.__CLREX  0x00010e40       0x10 Debug/diag_pwm.o
 .text.NVIC_SetPriorityGrouping
                0x00010e50       0x4c Debug/diag_pwm.o
 .text.NVIC_GetPriorityGrouping
                0x00010e9c       0x1c Debug/diag_pwm.o
 .text.NVIC_EnableIRQ
                0x00010eb8       0x34 Debug/diag_pwm.o
 .text.NVIC_DisableIRQ
                0x00010eec       0x38 Debug/diag_pwm.o
 .text.NVIC_GetPendingIRQ
                0x00010f24       0x4c Debug/diag_pwm.o
 .text.NVIC_SetPendingIRQ
                0x00010f70       0x38 Debug/diag_pwm.o
 .text.NVIC_ClearPendingIRQ
                0x00010fa8       0x38 Debug/diag_pwm.o
 .text.NVIC_GetActive
                0x00010fe0       0x4c Debug/diag_pwm.o
 .text.NVIC_SetPriority
                0x0001102c       0x58 Debug/diag_pwm.o
 .text.NVIC_GetPriority
                0x00011084       0x54 Debug/diag_pwm.o
 .text.NVIC_EncodePriority
                0x000110d8       0x7c Debug/diag_pwm.o
 .text.NVIC_DecodePriority
                0x00011154       0x7c Debug/diag_pwm.o
 .text.SysTick_Config
                0x000111d0       0x54 Debug/diag_pwm.o
 .text.NVIC_SystemReset
                0x00011224       0x24 Debug/diag_pwm.o
 .text.ITM_SendChar
                0x00011248       0x60 Debug/diag_pwm.o
 .text.ITM_ReceiveChar
                0x000112a8       0x38 Debug/diag_pwm.o
 .text.ITM_CheckChar
                0x000112e0       0x28 Debug/diag_pwm.o
 .text.vDiagPWMInit
                0x00011308       0x3c Debug/diag_pwm.o
                0x00011308                vDiagPWMInit
 .text.vDiagPWMApplet
                0x00011344      0x268 Debug/diag_pwm.o
                0x00011344                vDiagPWMApplet
 .text.iDiagPWMKey
                0x000115ac      0x21c Debug/diag_pwm.o
                0x000115ac                iDiagPWMKey
 .text.vTaskDiagPWMApplet
                0x000117c8      0x280 Debug/diag_pwm.o
                0x000117c8                vTaskDiagPWMApplet
 .text          0x00011a48        0x0 Debug/I2C-IO.o
 .text.__enable_irq
                0x00011a48        0xc Debug/I2C-IO.o
 .text.__disable_irq
                0x00011a54        0xc Debug/I2C-IO.o
 .text.__enable_fault_irq
                0x00011a60        0xc Debug/I2C-IO.o
 .text.__disable_fault_irq
                0x00011a6c        0xc Debug/I2C-IO.o
 .text.__NOP    0x00011a78        0xc Debug/I2C-IO.o
 .text.__WFI    0x00011a84        0xc Debug/I2C-IO.o
 .text.__WFE    0x00011a90        0xc Debug/I2C-IO.o
 .text.__SEV    0x00011a9c        0xc Debug/I2C-IO.o
 .text.__ISB    0x00011aa8       0x10 Debug/I2C-IO.o
 .text.__DSB    0x00011ab8       0x10 Debug/I2C-IO.o
 .text.__DMB    0x00011ac8       0x10 Debug/I2C-IO.o
 .text.__CLREX  0x00011ad8       0x10 Debug/I2C-IO.o
 .text.NVIC_SetPriorityGrouping
                0x00011ae8       0x4c Debug/I2C-IO.o
 .text.NVIC_GetPriorityGrouping
                0x00011b34       0x1c Debug/I2C-IO.o
 .text.NVIC_EnableIRQ
                0x00011b50       0x34 Debug/I2C-IO.o
 .text.NVIC_DisableIRQ
                0x00011b84       0x38 Debug/I2C-IO.o
 .text.NVIC_GetPendingIRQ
                0x00011bbc       0x4c Debug/I2C-IO.o
 .text.NVIC_SetPendingIRQ
                0x00011c08       0x38 Debug/I2C-IO.o
 .text.NVIC_ClearPendingIRQ
                0x00011c40       0x38 Debug/I2C-IO.o
 .text.NVIC_GetActive
                0x00011c78       0x4c Debug/I2C-IO.o
 .text.NVIC_SetPriority
                0x00011cc4       0x58 Debug/I2C-IO.o
 .text.NVIC_GetPriority
                0x00011d1c       0x54 Debug/I2C-IO.o
 .text.NVIC_EncodePriority
                0x00011d70       0x7c Debug/I2C-IO.o
 .text.NVIC_DecodePriority
                0x00011dec       0x7c Debug/I2C-IO.o
 .text.SysTick_Config
                0x00011e68       0x54 Debug/I2C-IO.o
 .text.NVIC_SystemReset
                0x00011ebc       0x24 Debug/I2C-IO.o
 .text.ITM_SendChar
                0x00011ee0       0x60 Debug/I2C-IO.o
 .text.ITM_ReceiveChar
                0x00011f40       0x38 Debug/I2C-IO.o
 .text.ITM_CheckChar
                0x00011f78       0x28 Debug/I2C-IO.o
 .text.vI2C_Init
                0x00011fa0       0xfc Debug/I2C-IO.o
                0x00011fa0                vI2C_Init
 .text.iI2C_Send
                0x0001209c      0x19c Debug/I2C-IO.o
 .text.iI2C_Receive
                0x00012238      0x178 Debug/I2C-IO.o
 .text.vI2C_TestTask
                0x000123b0      0x178 Debug/I2C-IO.o
                0x000123b0                vI2C_TestTask
 .text.vI2C_SendTask
                0x00012528      0x21c Debug/I2C-IO.o
                0x00012528                vI2C_SendTask
 .text.vPCF_ResetBits
                0x00012744       0x70 Debug/I2C-IO.o
                0x00012744                vPCF_ResetBits
 .text.vPCF_SetBits
                0x000127b4       0x7c Debug/I2C-IO.o
                0x000127b4                vPCF_SetBits
 .text.cI2cGetInput
                0x00012830       0x90 Debug/I2C-IO.o
                0x00012830                cI2cGetInput
 .text          0x000128c0        0x0 Debug/chiller_pump.o
 .text.__enable_irq
                0x000128c0        0xc Debug/chiller_pump.o
 .text.__disable_irq
                0x000128cc        0xc Debug/chiller_pump.o
 .text.__enable_fault_irq
                0x000128d8        0xc Debug/chiller_pump.o
 .text.__disable_fault_irq
                0x000128e4        0xc Debug/chiller_pump.o
 .text.__NOP    0x000128f0        0xc Debug/chiller_pump.o
 .text.__WFI    0x000128fc        0xc Debug/chiller_pump.o
 .text.__WFE    0x00012908        0xc Debug/chiller_pump.o
 .text.__SEV    0x00012914        0xc Debug/chiller_pump.o
 .text.__ISB    0x00012920       0x10 Debug/chiller_pump.o
 .text.__DSB    0x00012930       0x10 Debug/chiller_pump.o
 .text.__DMB    0x00012940       0x10 Debug/chiller_pump.o
 .text.__CLREX  0x00012950       0x10 Debug/chiller_pump.o
 .text.NVIC_SetPriorityGrouping
                0x00012960       0x4c Debug/chiller_pump.o
 .text.NVIC_GetPriorityGrouping
                0x000129ac       0x1c Debug/chiller_pump.o
 .text.NVIC_EnableIRQ
                0x000129c8       0x34 Debug/chiller_pump.o
 .text.NVIC_DisableIRQ
                0x000129fc       0x38 Debug/chiller_pump.o
 .text.NVIC_GetPendingIRQ
                0x00012a34       0x4c Debug/chiller_pump.o
 .text.NVIC_SetPendingIRQ
                0x00012a80       0x38 Debug/chiller_pump.o
 .text.NVIC_ClearPendingIRQ
                0x00012ab8       0x38 Debug/chiller_pump.o
 .text.NVIC_GetActive
                0x00012af0       0x4c Debug/chiller_pump.o
 .text.NVIC_SetPriority
                0x00012b3c       0x58 Debug/chiller_pump.o
 .text.NVIC_GetPriority
                0x00012b94       0x54 Debug/chiller_pump.o
 .text.NVIC_EncodePriority
                0x00012be8       0x7c Debug/chiller_pump.o
 .text.NVIC_DecodePriority
                0x00012c64       0x7c Debug/chiller_pump.o
 .text.SysTick_Config
                0x00012ce0       0x54 Debug/chiller_pump.o
 .text.NVIC_SystemReset
                0x00012d34       0x24 Debug/chiller_pump.o
 .text.ITM_SendChar
                0x00012d58       0x60 Debug/chiller_pump.o
 .text.ITM_ReceiveChar
                0x00012db8       0x38 Debug/chiller_pump.o
 .text.ITM_CheckChar
                0x00012df0       0x28 Debug/chiller_pump.o
 .text.ucGetChillerPumpState
                0x00012e18       0x18 Debug/chiller_pump.o
                0x00012e18                ucGetChillerPumpState
 .text.vChillerPumpInit
                0x00012e30       0xa0 Debug/chiller_pump.o
                0x00012e30                vChillerPumpInit
 .text.vChillerPump
                0x00012ed0       0x3c Debug/chiller_pump.o
                0x00012ed0                vChillerPump
 .text.vChillerPumpApplet
                0x00012f0c      0x14c Debug/chiller_pump.o
                0x00012f0c                vChillerPumpApplet
 .text.vChillerPumpAppletDisplay
                0x00013058      0x114 Debug/chiller_pump.o
                0x00013058                vChillerPumpAppletDisplay
 .text.iChillerPumpKey
                0x0001316c       0xf8 Debug/chiller_pump.o
                0x0001316c                iChillerPumpKey
 .text          0x00013264        0x0 Debug/console.o
 .text.__enable_irq
                0x00013264        0xc Debug/console.o
 .text.__disable_irq
                0x00013270        0xc Debug/console.o
 .text.__enable_fault_irq
                0x0001327c        0xc Debug/console.o
 .text.__disable_fault_irq
                0x00013288        0xc Debug/console.o
 .text.__NOP    0x00013294        0xc Debug/console.o
 .text.__WFI    0x000132a0        0xc Debug/console.o
 .text.__WFE    0x000132ac        0xc Debug/console.o
 .text.__SEV    0x000132b8        0xc Debug/console.o
 .text.__ISB    0x000132c4       0x10 Debug/console.o
 .text.__DSB    0x000132d4       0x10 Debug/console.o
 .text.__DMB    0x000132e4       0x10 Debug/console.o
 .text.__CLREX  0x000132f4       0x10 Debug/console.o
 .text.NVIC_SetPriorityGrouping
                0x00013304       0x4c Debug/console.o
 .text.NVIC_GetPriorityGrouping
                0x00013350       0x1c Debug/console.o
 .text.NVIC_EnableIRQ
                0x0001336c       0x34 Debug/console.o
 .text.NVIC_DisableIRQ
                0x000133a0       0x38 Debug/console.o
 .text.NVIC_GetPendingIRQ
                0x000133d8       0x4c Debug/console.o
 .text.NVIC_SetPendingIRQ
                0x00013424       0x38 Debug/console.o
 .text.NVIC_ClearPendingIRQ
                0x0001345c       0x38 Debug/console.o
 .text.NVIC_GetActive
                0x00013494       0x4c Debug/console.o
 .text.NVIC_SetPriority
                0x000134e0       0x58 Debug/console.o
 .text.NVIC_GetPriority
                0x00013538       0x54 Debug/console.o
 .text.NVIC_EncodePriority
                0x0001358c       0x7c Debug/console.o
 .text.NVIC_DecodePriority
                0x00013608       0x7c Debug/console.o
 .text.SysTick_Config
                0x00013684       0x54 Debug/console.o
 .text.NVIC_SystemReset
                0x000136d8       0x24 Debug/console.o
 .text.ITM_SendChar
                0x000136fc       0x60 Debug/console.o
 .text.ITM_ReceiveChar
                0x0001375c       0x38 Debug/console.o
 .text.ITM_CheckChar
                0x00013794       0x28 Debug/console.o
 .text.vConsolePrintTask
                0x000137bc       0x50 Debug/console.o
                0x000137bc                vConsolePrintTask
 .text.vConsolePrint
                0x0001380c       0x4c Debug/console.o
                0x0001380c                vConsolePrint
 .text          0x00013858        0x0 Debug/brew.o
 .text.__enable_irq
                0x00013858        0xc Debug/brew.o
 .text.__disable_irq
                0x00013864        0xc Debug/brew.o
 .text.__enable_fault_irq
                0x00013870        0xc Debug/brew.o
 .text.__disable_fault_irq
                0x0001387c        0xc Debug/brew.o
 .text.__NOP    0x00013888        0xc Debug/brew.o
 .text.__WFI    0x00013894        0xc Debug/brew.o
 .text.__WFE    0x000138a0        0xc Debug/brew.o
 .text.__SEV    0x000138ac        0xc Debug/brew.o
 .text.__ISB    0x000138b8       0x10 Debug/brew.o
 .text.__DSB    0x000138c8       0x10 Debug/brew.o
 .text.__DMB    0x000138d8       0x10 Debug/brew.o
 .text.__CLREX  0x000138e8       0x10 Debug/brew.o
 .text.NVIC_SetPriorityGrouping
                0x000138f8       0x4c Debug/brew.o
 .text.NVIC_GetPriorityGrouping
                0x00013944       0x1c Debug/brew.o
 .text.NVIC_EnableIRQ
                0x00013960       0x34 Debug/brew.o
 .text.NVIC_DisableIRQ
                0x00013994       0x38 Debug/brew.o
 .text.NVIC_GetPendingIRQ
                0x000139cc       0x4c Debug/brew.o
 .text.NVIC_SetPendingIRQ
                0x00013a18       0x38 Debug/brew.o
 .text.NVIC_ClearPendingIRQ
                0x00013a50       0x38 Debug/brew.o
 .text.NVIC_GetActive
                0x00013a88       0x4c Debug/brew.o
 .text.NVIC_SetPriority
                0x00013ad4       0x58 Debug/brew.o
 .text.NVIC_GetPriority
                0x00013b2c       0x54 Debug/brew.o
 .text.NVIC_EncodePriority
                0x00013b80       0x7c Debug/brew.o
 .text.NVIC_DecodePriority
                0x00013bfc       0x7c Debug/brew.o
 .text.SysTick_Config
                0x00013c78       0x54 Debug/brew.o
 .text.NVIC_SystemReset
                0x00013ccc       0x24 Debug/brew.o
 .text.ITM_SendChar
                0x00013cf0       0x60 Debug/brew.o
 .text.ITM_ReceiveChar
                0x00013d50       0x38 Debug/brew.o
 .text.ITM_CheckChar
                0x00013d88       0x28 Debug/brew.o
 .text.iBrewStepMonitor
                0x00013db0      0x130 Debug/brew.o
 .text.iMaxBrewSteps
                0x00013ee0       0x3c Debug/brew.o
 .text.vBrewTotalReset
                0x00013f1c       0xc0 Debug/brew.o
                0x00013f1c                vBrewTotalReset
 .text.ucGetBrewHoursElapsed
                0x00013fdc       0x18 Debug/brew.o
                0x00013fdc                ucGetBrewHoursElapsed
 .text.ucGetBrewMinutesElapsed
                0x00013ff4       0x18 Debug/brew.o
                0x00013ff4                ucGetBrewMinutesElapsed
 .text.ucGetBrewSecondsElapsed
                0x0001400c       0x18 Debug/brew.o
                0x0001400c                ucGetBrewSecondsElapsed
 .text.ucGetBrewStepMinutesElapsed
                0x00014024       0x3c Debug/brew.o
                0x00014024                ucGetBrewStepMinutesElapsed
 .text.ucGetBrewStepSecondsElapsed
                0x00014060       0x4c Debug/brew.o
                0x00014060                ucGetBrewStepSecondsElapsed
 .text.ucGetBrewStep
                0x000140ac       0x14 Debug/brew.o
                0x000140ac                ucGetBrewStep
 .text.vTaskBrew
                0x000140c0      0x2f4 Debug/brew.o
                0x000140c0                vTaskBrew
 .text.vBrewReset
                0x000143b4       0xb8 Debug/brew.o
                0x000143b4                vBrewReset
 .text.vBrewNextStep
                0x0001446c      0x19c Debug/brew.o
                0x0001446c                vBrewNextStep
 .text.vBrewRunStep
                0x00014608       0xbc Debug/brew.o
                0x00014608                vBrewRunStep
 .text.vBrewHLTSetupFunction
                0x000146c4      0x20c Debug/brew.o
                0x000146c4                vBrewHLTSetupFunction
 .text.vBrewMillSetupFunction
                0x000148d0       0x24 Debug/brew.o
                0x000148d0                vBrewMillSetupFunction
 .text.vBrewValvesSetupFunction
                0x000148f4       0x6c Debug/brew.o
                0x000148f4                vBrewValvesSetupFunction
 .text.vBrewBoilValveSetupFunction
                0x00014960       0x88 Debug/brew.o
                0x00014960                vBrewBoilValveSetupFunction
 .text.vBrewCraneSetupFunction
                0x000149e8       0x80 Debug/brew.o
                0x000149e8                vBrewCraneSetupFunction
 .text.vBrewPreChillSetupFunction
                0x00014a68      0x148 Debug/brew.o
                0x00014a68                vBrewPreChillSetupFunction
 .text.vBrewChillSetupFunction
                0x00014bb0       0x90 Debug/brew.o
                0x00014bb0                vBrewChillSetupFunction
 .text.vBrewPreChillPollFunction
                0x00014c40       0xa8 Debug/brew.o
                0x00014c40                vBrewPreChillPollFunction
 .text.vBrewChillPollFunction
                0x00014ce8       0xd0 Debug/brew.o
                0x00014ce8                vBrewChillPollFunction
 .text.vBrewMillPollFunction
                0x00014db8       0x74 Debug/brew.o
                0x00014db8                vBrewMillPollFunction
 .text.vBrewWaitingPollFunction
                0x00014e2c       0x90 Debug/brew.o
                0x00014e2c                vBrewWaitingPollFunction
 .text.vBrewMashOutSetupFunction
                0x00014ebc       0x98 Debug/brew.o
                0x00014ebc                vBrewMashOutSetupFunction
 .text.vBrewSpargeSetupFunction
                0x00014f54       0x98 Debug/brew.o
                0x00014f54                vBrewSpargeSetupFunction
 .text.vBrewMashSetupFunction
                0x00014fec       0xf4 Debug/brew.o
                0x00014fec                vBrewMashSetupFunction
 .text.vBrewMashPollFunction
                0x000150e0      0x44c Debug/brew.o
                0x000150e0                vBrewMashPollFunction
 .text.vBrewPumpToBoilSetupFunction
                0x0001552c       0x74 Debug/brew.o
                0x0001552c                vBrewPumpToBoilSetupFunction
 .text.vBrewPumpToBoilPollFunction
                0x000155a0       0xd4 Debug/brew.o
                0x000155a0                vBrewPumpToBoilPollFunction
 .text.vBrewBoilSetupFunction
                0x00015674      0x138 Debug/brew.o
                0x00015674                vBrewBoilSetupFunction
 .text.vBrewBoilPollFunction
                0x000157ac      0x4dc Debug/brew.o
                0x000157ac                vBrewBoilPollFunction
 .text.vBrewApplet
                0x00015c88      0x50c Debug/brew.o
                0x00015c88                vBrewApplet
 .text.vBrewGraphAppletDisplay
                0x00016194       0x3c Debug/brew.o
                0x00016194                vBrewGraphAppletDisplay
 .text.vBrewStatsAppletDisplay
                0x000161d0       0x38 Debug/brew.o
                0x000161d0                vBrewStatsAppletDisplay
 .text.vBrewResAppletDisplay
                0x00016208      0x20c Debug/brew.o
                0x00016208                vBrewResAppletDisplay
 .text.uiGetBrewAppletDisplayHWM
                0x00016414       0x28 Debug/brew.o
                0x00016414                uiGetBrewAppletDisplayHWM
 .text.uiGetBrewTaskHWM
                0x0001643c       0x28 Debug/brew.o
                0x0001643c                uiGetBrewTaskHWM
 .text.uiGetBrewGraphAppletHWM
                0x00016464       0x28 Debug/brew.o
                0x00016464                uiGetBrewGraphAppletHWM
 .text.uiGetBrewStatsAppletHWM
                0x0001648c       0x28 Debug/brew.o
                0x0001648c                uiGetBrewStatsAppletHWM
 .text.uiGetBrewResAppletHWM
                0x000164b4       0x28 Debug/brew.o
                0x000164b4                uiGetBrewResAppletHWM
 .text.vBrewAppletDisplay
                0x000164dc      0x728 Debug/brew.o
                0x000164dc                vBrewAppletDisplay
 .text.vBrewRemoteStart
                0x00016c04       0x34 Debug/brew.o
                0x00016c04                vBrewRemoteStart
 .text.uEvaluateTouch
                0x00016c38       0xfc Debug/brew.o
 .text.iBrewKey
                0x00016d34      0x9d0 Debug/brew.o
                0x00016d34                iBrewKey
 .text          0x00017704        0x0 Debug/parameters.o
 .text.__enable_irq
                0x00017704        0xc Debug/parameters.o
 .text.__disable_irq
                0x00017710        0xc Debug/parameters.o
 .text.__enable_fault_irq
                0x0001771c        0xc Debug/parameters.o
 .text.__disable_fault_irq
                0x00017728        0xc Debug/parameters.o
 .text.__NOP    0x00017734        0xc Debug/parameters.o
 .text.__WFI    0x00017740        0xc Debug/parameters.o
 .text.__WFE    0x0001774c        0xc Debug/parameters.o
 .text.__SEV    0x00017758        0xc Debug/parameters.o
 .text.__ISB    0x00017764       0x10 Debug/parameters.o
 .text.__DSB    0x00017774       0x10 Debug/parameters.o
 .text.__DMB    0x00017784       0x10 Debug/parameters.o
 .text.__CLREX  0x00017794       0x10 Debug/parameters.o
 .text.NVIC_SetPriorityGrouping
                0x000177a4       0x4c Debug/parameters.o
 .text.NVIC_GetPriorityGrouping
                0x000177f0       0x1c Debug/parameters.o
 .text.NVIC_EnableIRQ
                0x0001780c       0x34 Debug/parameters.o
 .text.NVIC_DisableIRQ
                0x00017840       0x38 Debug/parameters.o
 .text.NVIC_GetPendingIRQ
                0x00017878       0x4c Debug/parameters.o
 .text.NVIC_SetPendingIRQ
                0x000178c4       0x38 Debug/parameters.o
 .text.NVIC_ClearPendingIRQ
                0x000178fc       0x38 Debug/parameters.o
 .text.NVIC_GetActive
                0x00017934       0x4c Debug/parameters.o
 .text.NVIC_SetPriority
                0x00017980       0x58 Debug/parameters.o
 .text.NVIC_GetPriority
                0x000179d8       0x54 Debug/parameters.o
 .text.NVIC_EncodePriority
                0x00017a2c       0x7c Debug/parameters.o
 .text.NVIC_DecodePriority
                0x00017aa8       0x7c Debug/parameters.o
 .text.SysTick_Config
                0x00017b24       0x54 Debug/parameters.o
 .text.NVIC_SystemReset
                0x00017b78       0x24 Debug/parameters.o
 .text.ITM_SendChar
                0x00017b9c       0x60 Debug/parameters.o
 .text.ITM_ReceiveChar
                0x00017bfc       0x38 Debug/parameters.o
 .text.ITM_CheckChar
                0x00017c34       0x28 Debug/parameters.o
 .text.vParametersInit
                0x00017c5c      0x25c Debug/parameters.o
                0x00017c5c                vParametersInit
 .text.vParametersApplet
                0x00017eb8      0x404 Debug/parameters.o
                0x00017eb8                vParametersApplet
 .text.vParametersAppletDisplay
                0x000182bc      0x364 Debug/parameters.o
                0x000182bc                vParametersAppletDisplay
 .text.iParametersKey
                0x00018620      0x560 Debug/parameters.o
                0x00018620                iParametersKey
 .text          0x00018b80        0x0 Debug/boil_valve.o
 .text.__enable_irq
                0x00018b80        0xc Debug/boil_valve.o
 .text.__disable_irq
                0x00018b8c        0xc Debug/boil_valve.o
 .text.__enable_fault_irq
                0x00018b98        0xc Debug/boil_valve.o
 .text.__disable_fault_irq
                0x00018ba4        0xc Debug/boil_valve.o
 .text.__NOP    0x00018bb0        0xc Debug/boil_valve.o
 .text.__WFI    0x00018bbc        0xc Debug/boil_valve.o
 .text.__WFE    0x00018bc8        0xc Debug/boil_valve.o
 .text.__SEV    0x00018bd4        0xc Debug/boil_valve.o
 .text.__ISB    0x00018be0       0x10 Debug/boil_valve.o
 .text.__DSB    0x00018bf0       0x10 Debug/boil_valve.o
 .text.__DMB    0x00018c00       0x10 Debug/boil_valve.o
 .text.__CLREX  0x00018c10       0x10 Debug/boil_valve.o
 .text.NVIC_SetPriorityGrouping
                0x00018c20       0x4c Debug/boil_valve.o
 .text.NVIC_GetPriorityGrouping
                0x00018c6c       0x1c Debug/boil_valve.o
 .text.NVIC_EnableIRQ
                0x00018c88       0x34 Debug/boil_valve.o
 .text.NVIC_DisableIRQ
                0x00018cbc       0x38 Debug/boil_valve.o
 .text.NVIC_GetPendingIRQ
                0x00018cf4       0x4c Debug/boil_valve.o
 .text.NVIC_SetPendingIRQ
                0x00018d40       0x38 Debug/boil_valve.o
 .text.NVIC_ClearPendingIRQ
                0x00018d78       0x38 Debug/boil_valve.o
 .text.NVIC_GetActive
                0x00018db0       0x4c Debug/boil_valve.o
 .text.NVIC_SetPriority
                0x00018dfc       0x58 Debug/boil_valve.o
 .text.NVIC_GetPriority
                0x00018e54       0x54 Debug/boil_valve.o
 .text.NVIC_EncodePriority
                0x00018ea8       0x7c Debug/boil_valve.o
 .text.NVIC_DecodePriority
                0x00018f24       0x7c Debug/boil_valve.o
 .text.SysTick_Config
                0x00018fa0       0x54 Debug/boil_valve.o
 .text.NVIC_SystemReset
                0x00018ff4       0x24 Debug/boil_valve.o
 .text.ITM_SendChar
                0x00019018       0x60 Debug/boil_valve.o
 .text.ITM_ReceiveChar
                0x00019078       0x38 Debug/boil_valve.o
 .text.ITM_CheckChar
                0x000190b0       0x28 Debug/boil_valve.o
 .text.ucGetBoilValveState
                0x000190d8       0x14 Debug/boil_valve.o
                0x000190d8                ucGetBoilValveState
 .text.vBoilValveInit
                0x000190ec       0xb8 Debug/boil_valve.o
                0x000190ec                vBoilValveInit
 .text.vBoilValveFunc
                0x000191a4       0x6c Debug/boil_valve.o
                0x000191a4                vBoilValveFunc
 .text.vTaskBoilValve
                0x00019210      0x4a0 Debug/boil_valve.o
                0x00019210                vTaskBoilValve
 .text.vBoilValveAppletDisplay
                0x000196b0      0x234 Debug/boil_valve.o
                0x000196b0                vBoilValveAppletDisplay
 .text.vBoilValveApplet
                0x000198e4      0x18c Debug/boil_valve.o
                0x000198e4                vBoilValveApplet
 .text.iBoilValveKey
                0x00019a70      0x17c Debug/boil_valve.o
                0x00019a70                iBoilValveKey
 .text          0x00019bec        0x0 Debug/stf_syscalls_minimal.o
 .text.__enable_irq
                0x00019bec        0xc Debug/stf_syscalls_minimal.o
 .text.__disable_irq
                0x00019bf8        0xc Debug/stf_syscalls_minimal.o
 .text.__enable_fault_irq
                0x00019c04        0xc Debug/stf_syscalls_minimal.o
 .text.__disable_fault_irq
                0x00019c10        0xc Debug/stf_syscalls_minimal.o
 .text.__NOP    0x00019c1c        0xc Debug/stf_syscalls_minimal.o
 .text.__WFI    0x00019c28        0xc Debug/stf_syscalls_minimal.o
 .text.__WFE    0x00019c34        0xc Debug/stf_syscalls_minimal.o
 .text.__SEV    0x00019c40        0xc Debug/stf_syscalls_minimal.o
 .text.__ISB    0x00019c4c       0x10 Debug/stf_syscalls_minimal.o
 .text.__DSB    0x00019c5c       0x10 Debug/stf_syscalls_minimal.o
 .text.__DMB    0x00019c6c       0x10 Debug/stf_syscalls_minimal.o
 .text.__CLREX  0x00019c7c       0x10 Debug/stf_syscalls_minimal.o
 .text.NVIC_SetPriorityGrouping
                0x00019c8c       0x4c Debug/stf_syscalls_minimal.o