Archive member included because of file (symbol)

/usr/local/CodeSourcery/bin/../lib/gcc/arm-none-eabi/4.5.2/thumb2/libgcc.a(_arm_addsubdf3.o)
                              Debug/hlt.o (__aeabi_f2d)
/usr/local/CodeSourcery/bin/../lib/gcc/arm-none-eabi/4.5.2/thumb2/libgcc.a(_arm_addsubsf3.o)
                              Debug/hlt.o (__aeabi_fsub)
/usr/local/CodeSourcery/bin/../lib/gcc/arm-none-eabi/4.5.2/thumb2/libgcc.a(_arm_muldivsf3.o)
                              Debug/hlt.o (__aeabi_fmul)
/usr/local/CodeSourcery/bin/../lib/gcc/arm-none-eabi/4.5.2/thumb2/libgcc.a(_arm_cmpsf2.o)
                              Debug/hlt.o (__aeabi_fcmplt)
/usr/local/CodeSourcery/bin/../lib/gcc/arm-none-eabi/4.5.2/../../../../arm-none-eabi/lib/thumb2/libc.a(lib_a-memcmp.o)
                              Debug/tasks.o (memcmp)
/usr/local/CodeSourcery/bin/../lib/gcc/arm-none-eabi/4.5.2/../../../../arm-none-eabi/lib/thumb2/libc.a(lib_a-memcpy.o)
                              Debug/stf_syscalls_minimal.o (memcpy)
/usr/local/CodeSourcery/bin/../lib/gcc/arm-none-eabi/4.5.2/../../../../arm-none-eabi/lib/thumb2/libc.a(lib_a-memset.o)
                              Debug/menu.o (memset)
/usr/local/CodeSourcery/bin/../lib/gcc/arm-none-eabi/4.5.2/../../../../arm-none-eabi/lib/thumb2/libc.a(lib_a-printf.o)
                              Debug/main.o (printf)
/usr/local/CodeSourcery/bin/../lib/gcc/arm-none-eabi/4.5.2/../../../../arm-none-eabi/lib/thumb2/libc.a(lib_a-puts.o)
                              Debug/main.o (puts)
/usr/local/CodeSourcery/bin/../lib/gcc/arm-none-eabi/4.5.2/../../../../arm-none-eabi/lib/thumb2/libc.a(lib_a-reent.o)
                              Debug/stf_syscalls_minimal.o (errno)
/usr/local/CodeSourcery/bin/../lib/gcc/arm-none-eabi/4.5.2/../../../../arm-none-eabi/lib/thumb2/libc.a(lib_a-sprintf.o)
                              Debug/tasks.o (sprintf)
/usr/local/CodeSourcery/bin/../lib/gcc/arm-none-eabi/4.5.2/../../../../arm-none-eabi/lib/thumb2/libc.a(lib_a-strcat.o)
                              Debug/menu.o (strcat)
/usr/local/CodeSourcery/bin/../lib/gcc/arm-none-eabi/4.5.2/../../../../arm-none-eabi/lib/thumb2/libc.a(lib_a-strcmp.o)
                              Debug/menu.o (strcmp)
/usr/local/CodeSourcery/bin/../lib/gcc/arm-none-eabi/4.5.2/../../../../arm-none-eabi/lib/thumb2/libc.a(lib_a-strcpy.o)
                              /usr/local/CodeSourcery/bin/../lib/gcc/arm-none-eabi/4.5.2/../../../../arm-none-eabi/lib/thumb2/libc.a(lib_a-strcat.o) (strcpy)
/usr/local/CodeSourcery/bin/../lib/gcc/arm-none-eabi/4.5.2/../../../../arm-none-eabi/lib/thumb2/libc.a(lib_a-strlen.o)
                              Debug/menu.o (strlen)
/usr/local/CodeSourcery/bin/../lib/gcc/arm-none-eabi/4.5.2/../../../../arm-none-eabi/lib/thumb2/libc.a(lib_a-strncpy.o)
                              Debug/tasks.o (strncpy)
/usr/local/CodeSourcery/bin/../lib/gcc/arm-none-eabi/4.5.2/../../../../arm-none-eabi/lib/thumb2/libc.a(lib_a-svfprintf.o)
                              /usr/local/CodeSourcery/bin/../lib/gcc/arm-none-eabi/4.5.2/../../../../arm-none-eabi/lib/thumb2/libc.a(lib_a-sprintf.o) (_svfprintf_r)
/usr/local/CodeSourcery/bin/../lib/gcc/arm-none-eabi/4.5.2/../../../../arm-none-eabi/lib/thumb2/libc.a(lib_a-vfprintf.o)
                              /usr/local/CodeSourcery/bin/../lib/gcc/arm-none-eabi/4.5.2/../../../../arm-none-eabi/lib/thumb2/libc.a(lib_a-printf.o) (_vfprintf_r)
/usr/local/CodeSourcery/bin/../lib/gcc/arm-none-eabi/4.5.2/../../../../arm-none-eabi/lib/thumb2/libc.a(lib_a-vsnprintf.o)
                              Debug/lcd.o (vsnprintf)
/usr/local/CodeSourcery/bin/../lib/gcc/arm-none-eabi/4.5.2/../../../../arm-none-eabi/lib/thumb2/libc.a(lib_a-wsetup.o)
                              /usr/local/CodeSourcery/bin/../lib/gcc/arm-none-eabi/4.5.2/../../../../arm-none-eabi/lib/thumb2/libc.a(lib_a-vfprintf.o) (__swsetup_r)
/usr/local/CodeSourcery/bin/../lib/gcc/arm-none-eabi/4.5.2/../../../../arm-none-eabi/lib/thumb2/libc.a(lib_a-dtoa.o)
                              /usr/local/CodeSourcery/bin/../lib/gcc/arm-none-eabi/4.5.2/../../../../arm-none-eabi/lib/thumb2/libc.a(lib_a-svfprintf.o) (_dtoa_r)
/usr/local/CodeSourcery/bin/../lib/gcc/arm-none-eabi/4.5.2/../../../../arm-none-eabi/lib/thumb2/libc.a(lib_a-fflush.o)
                              /usr/local/CodeSourcery/bin/../lib/gcc/arm-none-eabi/4.5.2/../../../../arm-none-eabi/lib/thumb2/libc.a(lib_a-vfprintf.o) (_fflush_r)
/usr/local/CodeSourcery/bin/../lib/gcc/arm-none-eabi/4.5.2/../../../../arm-none-eabi/lib/thumb2/libc.a(lib_a-findfp.o)
                              /usr/local/CodeSourcery/bin/../lib/gcc/arm-none-eabi/4.5.2/../../../../arm-none-eabi/lib/thumb2/libc.a(lib_a-printf.o) (__sinit)
/usr/local/CodeSourcery/bin/../lib/gcc/arm-none-eabi/4.5.2/../../../../arm-none-eabi/lib/thumb2/libc.a(lib_a-fvwrite.o)
                              /usr/local/CodeSourcery/bin/../lib/gcc/arm-none-eabi/4.5.2/../../../../arm-none-eabi/lib/thumb2/libc.a(lib_a-puts.o) (__sfvwrite_r)
[...]
Memory Configuration

Name             Origin             Length             Attributes
FLASH            0x00000000         0x00080000         xr
SRAM             0x20000000         0x00010000         xrw
*default*        0x00000000         0xffffffff

Linker script and memory map

LOAD Debug/main.o
LOAD Debug/lcd.o
LOAD Debug/stf_syscalls_minimal.o
LOAD Debug/touch.o
LOAD Debug/serial.o
LOAD Debug/adc.o
LOAD Debug/leds.o
LOAD Debug/hlt.o
LOAD Debug/menu.o
LOAD Debug/crane.o
LOAD Debug/speaker.o
LOAD Debug/timer.o
LOAD Debug/ds1820.o
LOAD Debug/core_cm3.o
LOAD Debug/system_stm32f10x.o
LOAD Debug/stm32f10x_it.o
LOAD Debug/misc.o
LOAD Debug/stm32f10x_rcc.o
LOAD Debug/stm32f10x_gpio.o
LOAD Debug/stm32f10x_spi.o
LOAD Debug/stm32f10x_tim.o
LOAD Debug/stm32f10x_usart.o
LOAD Debug/stm32f10x_fsmc.o
LOAD Debug/stm32f10x_flash.o
LOAD Debug/stm32f10x_adc.o
LOAD Debug/list.o
LOAD Debug/queue.o
LOAD Debug/tasks.o
LOAD Debug/port.o
LOAD Debug/heap_2.o
LOAD Debug/startup_stm32f10x.o
START GROUP
LOAD /usr/local/CodeSourcery/bin/../lib/gcc/arm-none-eabi/4.5.2/thumb2/libgcc.a
LOAD /usr/local/CodeSourcery/bin/../lib/gcc/arm-none-eabi/4.5.2/../../../../arm-none-eabi/lib/thumb2/libc.a
END GROUP

.text           0x00000000    0x25750
 *(.isr_vector)
 .isr_vector    0x00000000      0x1e0 Debug/startup_stm32f10x.o
                0x00000000                g_pfnVectors
 *(.text .text.* .gnu.linkonce.t.*)
 .text          0x000001e0        0x0 Debug/main.o
 .text.__enable_irq
                0x000001e0        0xc Debug/main.o
 .text.__disable_irq
                0x000001ec        0xc Debug/main.o
 .text.__enable_fault_irq
                0x000001f8        0xc Debug/main.o
 .text.__disable_fault_irq
                0x00000204        0xc Debug/main.o
 .text.__NOP    0x00000210        0xc Debug/main.o
 .text.__WFI    0x0000021c        0xc Debug/main.o
 .text.__WFE    0x00000228        0xc Debug/main.o
 .text.__SEV    0x00000234        0xc Debug/main.o
 .text.__ISB    0x00000240       0x10 Debug/main.o
 .text.__DSB    0x00000250       0x10 Debug/main.o
 .text.__DMB    0x00000260       0x10 Debug/main.o
 .text.__CLREX  0x00000270       0x10 Debug/main.o
 .text.NVIC_SetPriorityGrouping
                0x00000280       0x4c Debug/main.o
 .text.NVIC_GetPriorityGrouping
                0x000002cc       0x1c Debug/main.o
 .text.NVIC_EnableIRQ
                0x000002e8       0x34 Debug/main.o
 .text.NVIC_DisableIRQ
                0x0000031c       0x38 Debug/main.o
 .text.NVIC_GetPendingIRQ
                0x00000354       0x4c Debug/main.o
 .text.NVIC_SetPendingIRQ
                0x000003a0       0x38 Debug/main.o
 .text.NVIC_ClearPendingIRQ
                0x000003d8       0x38 Debug/main.o
 .text.NVIC_GetActive
                0x00000410       0x4c Debug/main.o
 .text.NVIC_SetPriority
                0x0000045c       0x58 Debug/main.o
 .text.NVIC_GetPriority
                0x000004b4       0x54 Debug/main.o
 .text.NVIC_EncodePriority
                0x00000508       0x7c Debug/main.o
 .text.NVIC_DecodePriority
                0x00000584       0x7c Debug/main.o
 .text.SysTick_Config
                0x00000600       0x54 Debug/main.o
 .text.NVIC_SystemReset
                0x00000654       0x24 Debug/main.o
 .text.ITM_SendChar
                0x00000678       0x60 Debug/main.o
 .text.ITM_ReceiveChar
                0x000006d8       0x38 Debug/main.o
 .text.ITM_CheckChar
                0x00000710       0x28 Debug/main.o
 .text.item_1_callback
                0x00000738       0x28 Debug/main.o
                0x00000738                item_1_callback
 .text.item_2_callback
                0x00000760       0x50 Debug/main.o
                0x00000760                item_2_callback
 .text.example_applet
                0x000007b0       0x44 Debug/main.o
                0x000007b0                example_applet
 .text.example_applet_touch_handler
                0x000007f4       0x64 Debug/main.o
                0x000007f4                example_applet_touch_handler
 .text.vCheckTask
                0x00000858       0xbc Debug/main.o
                0x00000858                vCheckTask
 .text.main     0x00000914       0xec Debug/main.o
                0x00000914                main
 .text.prvSetupHardware
                0x00000a00       0xc0 Debug/main.o
 .text.vApplicationStackOverflowHook
                0x00000ac0       0x3c Debug/main.o
                0x00000ac0                vApplicationStackOverflowHook
 .text.assert_failed
                0x00000afc       0x1c Debug/main.o
                0x00000afc                assert_failed
 .text          0x00000b18        0x0 Debug/lcd.o
 .text.__enable_irq
                0x00000b18        0xc Debug/lcd.o
 .text.__disable_irq
                0x00000b24        0xc Debug/lcd.o
 .text.__enable_fault_irq
                0x00000b30        0xc Debug/lcd.o
 .text.__disable_fault_irq
                0x00000b3c        0xc Debug/lcd.o
 .text.__NOP    0x00000b48        0xc Debug/lcd.o
 .text.__WFI    0x00000b54        0xc Debug/lcd.o
 .text.__WFE    0x00000b60        0xc Debug/lcd.o
 .text.__SEV    0x00000b6c        0xc Debug/lcd.o
 .text.__ISB    0x00000b78       0x10 Debug/lcd.o
 .text.__DSB    0x00000b88       0x10 Debug/lcd.o
 .text.__DMB    0x00000b98       0x10 Debug/lcd.o
 .text.__CLREX  0x00000ba8       0x10 Debug/lcd.o
 .text.NVIC_SetPriorityGrouping
                0x00000bb8       0x4c Debug/lcd.o
 .text.NVIC_GetPriorityGrouping
                0x00000c04       0x1c Debug/lcd.o
 .text.NVIC_EnableIRQ
                0x00000c20       0x34 Debug/lcd.o
 .text.NVIC_DisableIRQ
                0x00000c54       0x38 Debug/lcd.o
 .text.NVIC_GetPendingIRQ
                0x00000c8c       0x4c Debug/lcd.o
 .text.NVIC_SetPendingIRQ
                0x00000cd8       0x38 Debug/lcd.o
 .text.NVIC_ClearPendingIRQ
                0x00000d10       0x38 Debug/lcd.o
 .text.NVIC_GetActive
                0x00000d48       0x4c Debug/lcd.o
 .text.NVIC_SetPriority
                0x00000d94       0x58 Debug/lcd.o
 .text.NVIC_GetPriority
                0x00000dec       0x54 Debug/lcd.o
 .text.NVIC_EncodePriority
                0x00000e40       0x7c Debug/lcd.o
 .text.NVIC_DecodePriority
                0x00000ebc       0x7c Debug/lcd.o
 .text.SysTick_Config
                0x00000f38       0x54 Debug/lcd.o
 .text.NVIC_SystemReset
                0x00000f8c       0x24 Debug/lcd.o
 .text.ITM_SendChar
                0x00000fb0       0x60 Debug/lcd.o
 .text.ITM_ReceiveChar
                0x00001010       0x38 Debug/lcd.o
 .text.ITM_CheckChar
                0x00001048       0x28 Debug/lcd.o
 .text.Delay    0x00001070       0x40 Debug/lcd.o
                0x00001070                Delay
 .text.write_cmd
                0x000010b0       0x1c Debug/lcd.o
 .text.read_data
                0x000010cc       0x18 Debug/lcd.o
 .text.write_data
                0x000010e4       0x20 Debug/lcd.o
 .text.write_reg
                0x00001104       0x28 Debug/lcd.o
 .text.read_reg
                0x0000112c       0x30 Debug/lcd.o
 .text.lcd_getdeviceid
                0x0000115c       0x14 Debug/lcd.o
                0x0000115c                lcd_getdeviceid
 .text.BGR2RGB  0x00001170       0x50 Debug/lcd.o
                0x00001170                BGR2RGB
 .text.lcd_SetCursor
                0x000011c0       0x30 Debug/lcd.o
                0x000011c0                lcd_SetCursor
 .text.lcd_read_gram
                0x000011f0       0x38 Debug/lcd.o
                0x000011f0                lcd_read_gram
 .text.lcd_init
                0x00001228       0x94 Debug/lcd.o
                0x00001228                lcd_init
 .text.LCD_FSMCConfig
                0x000012bc       0xa4 Debug/lcd.o
 .text.lcd_port_init
                0x00001360       0xbc Debug/lcd.o
 .text.power_SET
                0x0000141c      0x160 Debug/lcd.o
 .text.gamma_SET
                0x0000157c       0x90 Debug/lcd.o
 .text.display_ON
                0x0000160c       0x64 Debug/lcd.o
 .text.display_OFF
                0x00001670       0x24 Debug/lcd.o
 .text.lcd_data_bus_test
                0x00001694       0xa8 Debug/lcd.o
 .text.lcd_gram_test
                0x0000173c       0xd8 Debug/lcd.o
 .text.LCD_SetDisplayWindow
                0x00001814       0xb4 Debug/lcd.o
                0x00001814                LCD_SetDisplayWindow
 .text.lcd_write_ram_prepare
                0x000018c8       0x10 Debug/lcd.o
 .text.lcd_set_cursor
                0x000018d8       0x38 Debug/lcd.o
 .text.lcd_char_xy
                0x00001910       0xac Debug/lcd.o
 .text.lcd_DrawHLine
                0x000019bc       0x54 Debug/lcd.o
 .text.lcd_DrawVLine
                0x00001a10       0x54 Debug/lcd.o
 .text.lcd_lock
                0x00001a64       0x40 Debug/lcd.o
                0x00001a64                lcd_lock
 .text.lcd_release
                0x00001aa4       0x2c Debug/lcd.o
                0x00001aa4                lcd_release
 .text.lcd_text_xy
                0x00001ad0       0xb0 Debug/lcd.o
                0x00001ad0                lcd_text_xy
 .text.lcd_text
                0x00001b80       0x44 Debug/lcd.o
                0x00001b80                lcd_text
 .text.lcd_fill
                0x00001bc4       0x94 Debug/lcd.o
                0x00001bc4                lcd_fill
 .text.lcd_printf
                0x00001c58       0xb4 Debug/lcd.o
                0x00001c58                lcd_printf
 .text.lcd_clear
                0x00001d0c       0x78 Debug/lcd.o
                0x00001d0c                lcd_clear
 .text.lcd_background
                0x00001d84       0x20 Debug/lcd.o
                0x00001d84                lcd_background
 .text.lcd_DrawRect
                0x00001da4       0xb0 Debug/lcd.o
                0x00001da4                lcd_DrawRect
 .text.display_on
                0x00001e54       0x14 Debug/lcd.o
                0x00001e54                display_on
 .text.display_off
                0x00001e68       0x20 Debug/lcd.o
                0x00001e68                display_off
 .text          0x00001e88        0x0 Debug/stf_syscalls_minimal.o
 .text._exit    0x00001e88       0x18 Debug/stf_syscalls_minimal.o
                0x00001e88                _exit
 .text._write   0x00001ea0       0x3c Debug/stf_syscalls_minimal.o
                0x00001ea0                _write
 .text._close   0x00001edc       0x18 Debug/stf_syscalls_minimal.o
                0x00001edc                _close
 .text._fstat   0x00001ef4       0x24 Debug/stf_syscalls_minimal.o
                0x00001ef4                _fstat
 .text._isatty  0x00001f18       0x18 Debug/stf_syscalls_minimal.o
                0x00001f18                _isatty
 .text._lseek   0x00001f30       0x1c Debug/stf_syscalls_minimal.o
                0x00001f30                _lseek
 .text._read    0x00001f4c       0x1c Debug/stf_syscalls_minimal.o
                0x00001f4c                _read
 .text._sbrk    0x00001f68       0x20 Debug/stf_syscalls_minimal.o
                0x00001f68                _sbrk
 .text._open    0x00001f88       0x1c Debug/stf_syscalls_minimal.o
                0x00001f88                _open
 .text._link    0x00001fa4       0x28 Debug/stf_syscalls_minimal.o
                0x00001fa4                _link
 .text._unlink  0x00001fcc       0x24 Debug/stf_syscalls_minimal.o
                0x00001fcc                _unlink
 .text._stat    0x00001ff0       0x24 Debug/stf_syscalls_minimal.o
                0x00001ff0                _stat
 .text._execve  0x00002014       0x28 Debug/stf_syscalls_minimal.o
                0x00002014                _execve
 .text._fork    0x0000203c       0x1c Debug/stf_syscalls_minimal.o
                0x0000203c                _fork
 .text._getpid  0x00002058       0x10 Debug/stf_syscalls_minimal.o
                0x00002058                _getpid
 .text._kill    0x00002068       0x28 Debug/stf_syscalls_minimal.o
                0x00002068                _kill
 .text.times    0x00002090       0x18 Debug/stf_syscalls_minimal.o
                0x00002090                times
 .text._wait    0x000020a8       0x24 Debug/stf_syscalls_minimal.o
                0x000020a8                _wait
 .text._realloc_r
                0x000020cc       0x64 Debug/stf_syscalls_minimal.o
                0x000020cc                _realloc_r
 .text._calloc_r
                0x00002130       0x28 Debug/stf_syscalls_minimal.o
                0x00002130                _calloc_r
 .text._malloc_r
                0x00002158       0x1c Debug/stf_syscalls_minimal.o
                0x00002158                _malloc_r
 .text._free_r  0x00002174       0x18 Debug/stf_syscalls_minimal.o
                0x00002174                _free_r
 .text.malloc   0x0000218c       0x1c Debug/stf_syscalls_minimal.o
                0x0000218c                malloc
 .text          0x000021a8        0x0 Debug/touch.o
 .text.__enable_irq
                0x000021a8        0xc Debug/touch.o
 .text.__disable_irq
                0x000021b4        0xc Debug/touch.o
 .text.__enable_fault_irq
                0x000021c0        0xc Debug/touch.o
 .text.__disable_fault_irq
                0x000021cc        0xc Debug/touch.o
 .text.__NOP    0x000021d8        0xc Debug/touch.o
 .text.__WFI    0x000021e4        0xc Debug/touch.o
 .text.__WFE    0x000021f0        0xc Debug/touch.o
 .text.__SEV    0x000021fc        0xc Debug/touch.o
 .text.__ISB    0x00002208       0x10 Debug/touch.o
 .text.__DSB    0x00002218       0x10 Debug/touch.o
 .text.__DMB    0x00002228       0x10 Debug/touch.o
 .text.__CLREX  0x00002238       0x10 Debug/touch.o
 .text.NVIC_SetPriorityGrouping
                0x00002248       0x4c Debug/touch.o
 .text.NVIC_GetPriorityGrouping
                0x00002294       0x1c Debug/touch.o
 .text.NVIC_EnableIRQ
                0x000022b0       0x34 Debug/touch.o
 .text.NVIC_DisableIRQ
                0x000022e4       0x38 Debug/touch.o
 .text.NVIC_GetPendingIRQ
                0x0000231c       0x4c Debug/touch.o
 .text.NVIC_SetPendingIRQ
                0x00002368       0x38 Debug/touch.o
 .text.NVIC_ClearPendingIRQ
                0x000023a0       0x38 Debug/touch.o
 .text.NVIC_GetActive
                0x000023d8       0x4c Debug/touch.o
 .text.NVIC_SetPriority
                0x00002424       0x58 Debug/touch.o
 .text.NVIC_GetPriority
                0x0000247c       0x54 Debug/touch.o
 .text.NVIC_EncodePriority
                0x000024d0       0x7c Debug/touch.o
 .text.NVIC_DecodePriority
                0x0000254c       0x7c Debug/touch.o
 .text.SysTick_Config
                0x000025c8       0x54 Debug/touch.o
 .text.NVIC_SystemReset
                0x0000261c       0x24 Debug/touch.o
 .text.ITM_SendChar
                0x00002640       0x60 Debug/touch.o
 .text.ITM_ReceiveChar
                0x000026a0       0x38 Debug/touch.o
 .text.ITM_CheckChar
                0x000026d8       0x28 Debug/touch.o
 .text.SPI_CS   0x00002700       0x34 Debug/touch.o
                0x00002700                SPI_CS
 .text.SPI_DIN  0x00002734       0x34 Debug/touch.o
                0x00002734                SPI_DIN
 .text.SPI_CLK  0x00002768       0x34 Debug/touch.o
                0x00002768                SPI_CLK
 .text.SPI_DOUT
                0x0000279c       0x18 Debug/touch.o
                0x0000279c                SPI_DOUT
 .text.SPI_delay
                0x000027b4       0x2c Debug/touch.o
                0x000027b4                SPI_delay
 .text.Touch_Start
                0x000027e0       0x30 Debug/touch.o
                0x000027e0                Touch_Start
 .text.Touch_Write
                0x00002810       0x64 Debug/touch.o
                0x00002810                Touch_Write
 .text.Touch_Read
                0x00002874       0x58 Debug/touch.o
                0x00002874                Touch_Read
 .text.Touch_Busy
                0x000028cc       0x18 Debug/touch.o
                0x000028cc                Touch_Busy
 .text.Touch_PenIRQ
                0x000028e4       0x18 Debug/touch.o
                0x000028e4                Touch_PenIRQ
 .text.Touch_Initializtion
                0x000028fc       0xf8 Debug/touch.o
                0x000028fc                Touch_Initializtion
 .text._AD2X    0x000029f4       0x60 Debug/touch.o
                0x000029f4                _AD2X
 .text._AD2Y    0x00002a54       0x64 Debug/touch.o
                0x00002a54                _AD2Y
 .text.Touch_MeasurementY
                0x00002ab8       0x80 Debug/touch.o
                0x00002ab8                Touch_MeasurementY
 .text.Touch_MeasurementX
                0x00002b38       0x80 Debug/touch.o
                0x00002b38                Touch_MeasurementX
 .text.Touch_GetPhyX
                0x00002bb8       0x40 Debug/touch.o
                0x00002bb8                Touch_GetPhyX
 .text.Touch_GetPhyY
                0x00002bf8       0x40 Debug/touch.o
                0x00002bf8                Touch_GetPhyY
 .text.vTouchTask
                0x00002c38       0x94 Debug/touch.o
                0x00002c38                vTouchTask
 .text          0x00002ccc        0x0 Debug/serial.o
 .text.__enable_irq
                0x00002ccc        0xc Debug/serial.o
 .text.__disable_irq
                0x00002cd8        0xc Debug/serial.o
 .text.__enable_fault_irq
                0x00002ce4        0xc Debug/serial.o
 .text.__disable_fault_irq
                0x00002cf0        0xc Debug/serial.o
 .text.__NOP    0x00002cfc        0xc Debug/serial.o
 .text.__WFI    0x00002d08        0xc Debug/serial.o
 .text.__WFE    0x00002d14        0xc Debug/serial.o
 .text.__SEV    0x00002d20        0xc Debug/serial.o
 .text.__ISB    0x00002d2c       0x10 Debug/serial.o
 .text.__DSB    0x00002d3c       0x10 Debug/serial.o
 .text.__DMB    0x00002d4c       0x10 Debug/serial.o
 .text.__CLREX  0x00002d5c       0x10 Debug/serial.o
 .text.NVIC_SetPriorityGrouping
                0x00002d6c       0x4c Debug/serial.o
 .text.NVIC_GetPriorityGrouping
                0x00002db8       0x1c Debug/serial.o
 .text.NVIC_EnableIRQ
                0x00002dd4       0x34 Debug/serial.o
 .text.NVIC_DisableIRQ
                0x00002e08       0x38 Debug/serial.o
 .text.NVIC_GetPendingIRQ
                0x00002e40       0x4c Debug/serial.o
 .text.NVIC_SetPendingIRQ
                0x00002e8c       0x38 Debug/serial.o
 .text.NVIC_ClearPendingIRQ
                0x00002ec4       0x38 Debug/serial.o
 .text.NVIC_GetActive
                0x00002efc       0x4c Debug/serial.o
 .text.NVIC_SetPriority
                0x00002f48       0x58 Debug/serial.o
 .text.NVIC_GetPriority
                0x00002fa0       0x54 Debug/serial.o
 .text.NVIC_EncodePriority
                0x00002ff4       0x7c Debug/serial.o
 .text.NVIC_DecodePriority
                0x00003070       0x7c Debug/serial.o
 .text.SysTick_Config
                0x000030ec       0x54 Debug/serial.o
 .text.NVIC_SystemReset
                0x00003140       0x24 Debug/serial.o
 .text.ITM_SendChar
                0x00003164       0x60 Debug/serial.o
 .text.ITM_ReceiveChar
                0x000031c4       0x38 Debug/serial.o
 .text.ITM_CheckChar
                0x000031fc       0x28 Debug/serial.o
 .text.comm_test
                0x00003224       0x24 Debug/serial.o
                0x00003224                comm_test
 .text.comm_get
                0x00003248       0x30 Debug/serial.o
                0x00003248                comm_get
 .text.comm_put
                0x00003278       0x40 Debug/serial.o
                0x00003278                comm_put
 .text.comm_puts
                0x000032b8       0x38 Debug/serial.o
                0x000032b8                comm_puts
 .text.USARTInit
                0x000032f0       0xe0 Debug/serial.o
                0x000032f0                USARTInit
 .text          0x000033d0        0x0 Debug/adc.o
 .text.__enable_irq
                0x000033d0        0xc Debug/adc.o
 .text.__disable_irq
                0x000033dc        0xc Debug/adc.o
 .text.__enable_fault_irq
                0x000033e8        0xc Debug/adc.o
 .text.__disable_fault_irq
                0x000033f4        0xc Debug/adc.o
 .text.__NOP    0x00003400        0xc Debug/adc.o
 .text.__WFI    0x0000340c        0xc Debug/adc.o
 .text.__WFE    0x00003418        0xc Debug/adc.o
 .text.__SEV    0x00003424        0xc Debug/adc.o
 .text.__ISB    0x00003430       0x10 Debug/adc.o
 .text.__DSB    0x00003440       0x10 Debug/adc.o
 .text.__DMB    0x00003450       0x10 Debug/adc.o
 .text.__CLREX  0x00003460       0x10 Debug/adc.o
 .text.NVIC_SetPriorityGrouping
                0x00003470       0x4c Debug/adc.o
 .text.NVIC_GetPriorityGrouping
                0x000034bc       0x1c Debug/adc.o
 .text.NVIC_EnableIRQ
                0x000034d8       0x34 Debug/adc.o
 .text.NVIC_DisableIRQ
                0x0000350c       0x38 Debug/adc.o
 .text.NVIC_GetPendingIRQ
                0x00003544       0x4c Debug/adc.o
 .text.NVIC_SetPendingIRQ
                0x00003590       0x38 Debug/adc.o
 .text.NVIC_ClearPendingIRQ
                0x000035c8       0x38 Debug/adc.o
 .text.NVIC_GetActive
                0x00003600       0x4c Debug/adc.o
 .text.NVIC_SetPriority
                0x0000364c       0x58 Debug/adc.o
 .text.NVIC_GetPriority
                0x000036a4       0x54 Debug/adc.o
 .text.NVIC_EncodePriority
                0x000036f8       0x7c Debug/adc.o
 .text.NVIC_DecodePriority
                0x00003774       0x7c Debug/adc.o
 .text.SysTick_Config
                0x000037f0       0x54 Debug/adc.o
 .text.NVIC_SystemReset
                0x00003844       0x24 Debug/adc.o
 .text.ITM_SendChar
                0x00003868       0x60 Debug/adc.o
 .text.ITM_ReceiveChar
                0x000038c8       0x38 Debug/adc.o
 .text.ITM_CheckChar
                0x00003900       0x28 Debug/adc.o
 .text.adc_init
                0x00003928       0x90 Debug/adc.o
                0x00003928                adc_init
 .text.read_adc
                0x000039b8       0x50 Debug/adc.o
                0x000039b8                read_adc
 .text          0x00003a08        0x0 Debug/leds.o
 .text.__enable_irq
                0x00003a08        0xc Debug/leds.o
 .text.__disable_irq
                0x00003a14        0xc Debug/leds.o
 .text.__enable_fault_irq
                0x00003a20        0xc Debug/leds.o
 .text.__disable_fault_irq
                0x00003a2c        0xc Debug/leds.o
 .text.__NOP    0x00003a38        0xc Debug/leds.o
 .text.__WFI    0x00003a44        0xc Debug/leds.o
 .text.__WFE    0x00003a50        0xc Debug/leds.o
 .text.__SEV    0x00003a5c        0xc Debug/leds.o
 .text.__ISB    0x00003a68       0x10 Debug/leds.o
 .text.__DSB    0x00003a78       0x10 Debug/leds.o
 .text.__DMB    0x00003a88       0x10 Debug/leds.o
 .text.__CLREX  0x00003a98       0x10 Debug/leds.o
 .text.NVIC_SetPriorityGrouping
                0x00003aa8       0x4c Debug/leds.o
 .text.NVIC_GetPriorityGrouping
                0x00003af4       0x1c Debug/leds.o
 .text.NVIC_EnableIRQ
                0x00003b10       0x34 Debug/leds.o
 .text.NVIC_DisableIRQ
                0x00003b44       0x38 Debug/leds.o
 .text.NVIC_GetPendingIRQ
                0x00003b7c       0x4c Debug/leds.o
 .text.NVIC_SetPendingIRQ
                0x00003bc8       0x38 Debug/leds.o
 .text.NVIC_ClearPendingIRQ
                0x00003c00       0x38 Debug/leds.o
 .text.NVIC_GetActive
                0x00003c38       0x4c Debug/leds.o
 .text.NVIC_SetPriority
                0x00003c84       0x58 Debug/leds.o
 .text.NVIC_GetPriority
                0x00003cdc       0x54 Debug/leds.o
 .text.NVIC_EncodePriority
                0x00003d30       0x7c Debug/leds.o
 .text.NVIC_DecodePriority
                0x00003dac       0x7c Debug/leds.o
 .text.SysTick_Config
                0x00003e28       0x54 Debug/leds.o
 .text.NVIC_SystemReset
                0x00003e7c       0x24 Debug/leds.o
 .text.ITM_SendChar
                0x00003ea0       0x60 Debug/leds.o
 .text.ITM_ReceiveChar
                0x00003f00       0x38 Debug/leds.o
 .text.ITM_CheckChar
                0x00003f38       0x28 Debug/leds.o
 .text.vLEDInit
                0x00003f60       0x70 Debug/leds.o
                0x00003f60                vLEDInit
 .text.vStartupLEDTask
                0x00003fd0       0xb4 Debug/leds.o
                0x00003fd0                vStartupLEDTask
 .text.vLEDFlashTask
                0x00004084       0x34 Debug/leds.o
                0x00004084                vLEDFlashTask
 .text.vLEDSet  0x000040b8       0x44 Debug/leds.o
                0x000040b8                vLEDSet
 .text.vLEDToggle
                0x000040fc       0x48 Debug/leds.o
                0x000040fc                vLEDToggle
 .text          0x00004144        0x0 Debug/hlt.o
 .text.__enable_irq
                0x00004144        0xc Debug/hlt.o
 .text.__disable_irq
                0x00004150        0xc Debug/hlt.o
 .text.__enable_fault_irq
                0x0000415c        0xc Debug/hlt.o
 .text.__disable_fault_irq
                0x00004168        0xc Debug/hlt.o
 .text.__NOP    0x00004174        0xc Debug/hlt.o
 .text.__WFI    0x00004180        0xc Debug/hlt.o
 .text.__WFE    0x0000418c        0xc Debug/hlt.o
 .text.__SEV    0x00004198        0xc Debug/hlt.o
 .text.__ISB    0x000041a4       0x10 Debug/hlt.o
 .text.__DSB    0x000041b4       0x10 Debug/hlt.o
 .text.__DMB    0x000041c4       0x10 Debug/hlt.o
 .text.__CLREX  0x000041d4       0x10 Debug/hlt.o
 .text.NVIC_SetPriorityGrouping
                0x000041e4       0x4c Debug/hlt.o
 .text.NVIC_GetPriorityGrouping
                0x00004230       0x1c Debug/hlt.o
 .text.NVIC_EnableIRQ
                0x0000424c       0x34 Debug/hlt.o
 .text.NVIC_DisableIRQ
                0x00004280       0x38 Debug/hlt.o
 .text.NVIC_GetPendingIRQ
                0x000042b8       0x4c Debug/hlt.o
 .text.NVIC_SetPendingIRQ
                0x00004304       0x38 Debug/hlt.o
 .text.NVIC_ClearPendingIRQ
                0x0000433c       0x38 Debug/hlt.o
 .text.NVIC_GetActive
                0x00004374       0x4c Debug/hlt.o
 .text.NVIC_SetPriority
                0x000043c0       0x58 Debug/hlt.o
 .text.NVIC_GetPriority
                0x00004418       0x54 Debug/hlt.o
 .text.NVIC_EncodePriority
                0x0000446c       0x7c Debug/hlt.o
 .text.NVIC_DecodePriority
                0x000044e8       0x7c Debug/hlt.o
 .text.SysTick_Config
                0x00004564       0x54 Debug/hlt.o
 .text.NVIC_SystemReset
                0x000045b8       0x24 Debug/hlt.o
 .text.ITM_SendChar
                0x000045dc       0x60 Debug/hlt.o
 .text.ITM_ReceiveChar
                0x0000463c       0x38 Debug/hlt.o
 .text.ITM_CheckChar
                0x00004674       0x28 Debug/hlt.o
 .text.hlt_init
                0x0000469c       0x60 Debug/hlt.o
                0x0000469c                hlt_init
 .text.fGetHLTLevel
                0x000046fc       0x8c Debug/hlt.o
                0x000046fc                fGetHLTLevel
 .text.vTaskHeatHLT
                0x00004788       0xe0 Debug/hlt.o
                0x00004788                vTaskHeatHLT
 .text.vHLTApplet
                0x00004868      0x1d4 Debug/hlt.o
                0x00004868                vHLTApplet
 .text.vHLTAppletDisplay
                0x00004a3c      0x1e4 Debug/hlt.o
                0x00004a3c                vHLTAppletDisplay
 .text.HLTKey   0x00004c20      0x1d0 Debug/hlt.o
                0x00004c20                HLTKey
 .text          0x00004df0        0x0 Debug/menu.o
 .text.menu_run_callback
                0x00004df0       0x64 Debug/menu.o
 .text.menu_get_selected
                0x00004e54       0xd4 Debug/menu.o
 .text.menu_paint_cell
                0x00004f28      0x134 Debug/menu.o
 .text.menu_two_column
                0x0000505c      0x108 Debug/menu.o
 .text.menu_update
                0x00005164      0x278 Debug/menu.o
 .text.menu_set_root
                0x000053dc       0x20 Debug/menu.o
                0x000053dc                menu_set_root
 .text.menu_back_after_applet
                0x000053fc       0x6c Debug/menu.o
 .text.menu_touch
                0x00005468      0x2bc Debug/menu.o
                0x00005468                menu_touch
 .text.menu_clear
                0x00005724       0x10 Debug/menu.o
                0x00005724                menu_clear
 .text          0x00005734        0x0 Debug/crane.o
 .text.__enable_irq
                0x00005734        0xc Debug/crane.o
 .text.__disable_irq
                0x00005740        0xc Debug/crane.o
 .text.__enable_fault_irq
                0x0000574c        0xc Debug/crane.o
 .text.__disable_fault_irq
                0x00005758        0xc Debug/crane.o
 .text.__NOP    0x00005764        0xc Debug/crane.o
 .text.__WFI    0x00005770        0xc Debug/crane.o
 .text.__WFE    0x0000577c        0xc Debug/crane.o
 .text.__SEV    0x00005788        0xc Debug/crane.o
 .text.__ISB    0x00005794       0x10 Debug/crane.o
 .text.__DSB    0x000057a4       0x10 Debug/crane.o
 .text.__DMB    0x000057b4       0x10 Debug/crane.o
 .text.__CLREX  0x000057c4       0x10 Debug/crane.o
 .text.NVIC_SetPriorityGrouping
                0x000057d4       0x4c Debug/crane.o
 .text.NVIC_GetPriorityGrouping
                0x00005820       0x1c Debug/crane.o
 .text.NVIC_EnableIRQ
                0x0000583c       0x34 Debug/crane.o
 .text.NVIC_DisableIRQ
                0x00005870       0x38 Debug/crane.o
 .text.NVIC_GetPendingIRQ
                0x000058a8       0x4c Debug/crane.o
 .text.NVIC_SetPendingIRQ
                0x000058f4       0x38 Debug/crane.o
 .text.NVIC_ClearPendingIRQ
                0x0000592c       0x38 Debug/crane.o
 .text.NVIC_GetActive
                0x00005964       0x4c Debug/crane.o
 .text.NVIC_SetPriority
                0x000059b0       0x58 Debug/crane.o
 .text.NVIC_GetPriority
                0x00005a08       0x54 Debug/crane.o
 .text.NVIC_EncodePriority
                0x00005a5c       0x7c Debug/crane.o
 .text.NVIC_DecodePriority
                0x00005ad8       0x7c Debug/crane.o
 .text.SysTick_Config
                0x00005b54       0x54 Debug/crane.o
 .text.NVIC_SystemReset
                0x00005ba8       0x24 Debug/crane.o
 .text.ITM_SendChar
                0x00005bcc       0x60 Debug/crane.o
 .text.ITM_ReceiveChar
                0x00005c2c       0x38 Debug/crane.o
 .text.ITM_CheckChar
                0x00005c64       0x28 Debug/crane.o
 .text.test     0x00005c8c       0x20 Debug/crane.o
                0x00005c8c                test
 .text.vCraneInit
                0x00005cac      0x1a4 Debug/crane.o
                0x00005cac                vCraneInit
 .text.vCraneStop
                0x00005e50       0xd8 Debug/crane.o
                0x00005e50                vCraneStop
 .text.vCraneAppletDisplay
                0x00005f28      0x14c Debug/crane.o
                0x00005f28                vCraneAppletDisplay
 .text.vCraneUpToLimitTask
                0x00006074      0x14c Debug/crane.o
                0x00006074                vCraneUpToLimitTask
 .text.vCraneDnToLimitTask
                0x000061c0      0x130 Debug/crane.o
                0x000061c0                vCraneDnToLimitTask
 .text.manual_crane_applet
                0x000062f0      0x18c Debug/crane.o
                0x000062f0                manual_crane_applet
 .text.manual_crane_key
                0x0000647c      0x250 Debug/crane.o
                0x0000647c                manual_crane_key
 .text          0x000066cc        0x0 Debug/speaker.o
 .text.__enable_irq
                0x000066cc        0xc Debug/speaker.o
 .text.__disable_irq
                0x000066d8        0xc Debug/speaker.o
 .text.__enable_fault_irq
                0x000066e4        0xc Debug/speaker.o
 .text.__disable_fault_irq
                0x000066f0        0xc Debug/speaker.o
 .text.__NOP    0x000066fc        0xc Debug/speaker.o
 .text.__WFI    0x00006708        0xc Debug/speaker.o
 .text.__WFE    0x00006714        0xc Debug/speaker.o
 .text.__SEV    0x00006720        0xc Debug/speaker.o
 .text.__ISB    0x0000672c       0x10 Debug/speaker.o
 .text.__DSB    0x0000673c       0x10 Debug/speaker.o
 .text.__DMB    0x0000674c       0x10 Debug/speaker.o
 .text.__CLREX  0x0000675c       0x10 Debug/speaker.o
 .text.NVIC_SetPriorityGrouping
                0x0000676c       0x4c Debug/speaker.o
 .text.NVIC_GetPriorityGrouping
                0x000067b8       0x1c Debug/speaker.o
 .text.NVIC_EnableIRQ
                0x000067d4       0x34 Debug/speaker.o
 .text.NVIC_DisableIRQ
                0x00006808       0x38 Debug/speaker.o
 .text.NVIC_GetPendingIRQ
                0x00006840       0x4c Debug/speaker.o
 .text.NVIC_SetPendingIRQ
                0x0000688c       0x38 Debug/speaker.o
 .text.NVIC_ClearPendingIRQ
                0x000068c4       0x38 Debug/speaker.o
 .text.NVIC_GetActive
                0x000068fc       0x4c Debug/speaker.o
 .text.NVIC_SetPriority
                0x00006948       0x58 Debug/speaker.o
 .text.NVIC_GetPriority
                0x000069a0       0x54 Debug/speaker.o
 .text.NVIC_EncodePriority
                0x000069f4       0x7c Debug/speaker.o
 .text.NVIC_DecodePriority
                0x00006a70       0x7c Debug/speaker.o
 .text.SysTick_Config
                0x00006aec       0x54 Debug/speaker.o
 .text.NVIC_SystemReset
                0x00006b40       0x24 Debug/speaker.o
 .text.ITM_SendChar
                0x00006b64       0x60 Debug/speaker.o
 .text.ITM_ReceiveChar
                0x00006bc4       0x38 Debug/speaker.o
 .text.ITM_CheckChar
                0x00006bfc       0x28 Debug/speaker.o
 .text.speaker_init
                0x00006c24       0x30 Debug/speaker.o
                0x00006c24                speaker_init
 .text.beep     0x00006c54       0x58 Debug/speaker.o
 .text.vBeepTask
                0x00006cac       0x68 Debug/speaker.o
                0x00006cac                vBeepTask
 .text          0x00006d14        0x0 Debug/timer.o
 .text.__enable_irq
                0x00006d14        0xc Debug/timer.o
 .text.__disable_irq
                0x00006d20        0xc Debug/timer.o
 .text.__enable_fault_irq
                0x00006d2c        0xc Debug/timer.o
 .text.__disable_fault_irq
                0x00006d38        0xc Debug/timer.o
 .text.__NOP    0x00006d44        0xc Debug/timer.o
 .text.__WFI    0x00006d50        0xc Debug/timer.o
 .text.__WFE    0x00006d5c        0xc Debug/timer.o
 .text.__SEV    0x00006d68        0xc Debug/timer.o
 .text.__ISB    0x00006d74       0x10 Debug/timer.o
 .text.__DSB    0x00006d84       0x10 Debug/timer.o
 .text.__DMB    0x00006d94       0x10 Debug/timer.o
 .text.__CLREX  0x00006da4       0x10 Debug/timer.o
 .text.NVIC_SetPriorityGrouping
                0x00006db4       0x4c Debug/timer.o
 .text.NVIC_GetPriorityGrouping
                0x00006e00       0x1c Debug/timer.o
 .text.NVIC_EnableIRQ
                0x00006e1c       0x34 Debug/timer.o
 .text.NVIC_DisableIRQ
                0x00006e50       0x38 Debug/timer.o
 .text.NVIC_GetPendingIRQ
                0x00006e88       0x4c Debug/timer.o
 .text.NVIC_SetPendingIRQ
                0x00006ed4       0x38 Debug/timer.o
 .text.NVIC_ClearPendingIRQ
                0x00006f0c       0x38 Debug/timer.o
 .text.NVIC_GetActive
                0x00006f44       0x4c Debug/timer.o
 .text.NVIC_SetPriority
                0x00006f90       0x58 Debug/timer.o
 .text.NVIC_GetPriority
                0x00006fe8       0x54 Debug/timer.o
 .text.NVIC_EncodePriority
                0x0000703c       0x7c Debug/timer.o
 .text.NVIC_DecodePriority
                0x000070b8       0x7c Debug/timer.o
 .text.SysTick_Config
                0x00007134       0x54 Debug/timer.o
 .text.NVIC_SystemReset
                0x00007188       0x24 Debug/timer.o
 .text.ITM_SendChar
                0x000071ac       0x60 Debug/timer.o
 .text.ITM_ReceiveChar
                0x0000720c       0x38 Debug/timer.o
 .text.ITM_CheckChar
                0x00007244       0x28 Debug/timer.o
 .text.vSetupTimerTest
                0x0000726c       0xb0 Debug/timer.o
                0x0000726c                vSetupTimerTest
 .text.TIM3_IRQHandler
                0x0000731c       0x24 Debug/timer.o
                0x0000731c                TIM3_IRQHandler
 .text.vTimerSetupTask
                0x00007340       0x18 Debug/timer.o
                0x00007340                vTimerSetupTask
 .text          0x00007358        0x0 Debug/ds1820.o
 .text.__enable_irq
                0x00007358        0xc Debug/ds1820.o
 .text.__disable_irq
                0x00007364        0xc Debug/ds1820.o
 .text.__enable_fault_irq
                0x00007370        0xc Debug/ds1820.o
 .text.__disable_fault_irq
                0x0000737c        0xc Debug/ds1820.o
 .text.__NOP    0x00007388        0xc Debug/ds1820.o
 .text.__WFI    0x00007394        0xc Debug/ds1820.o
 .text.__WFE    0x000073a0        0xc Debug/ds1820.o
 .text.__SEV    0x000073ac        0xc Debug/ds1820.o
 .text.__ISB    0x000073b8       0x10 Debug/ds1820.o
 .text.__DSB    0x000073c8       0x10 Debug/ds1820.o
 .text.__DMB    0x000073d8       0x10 Debug/ds1820.o
 .text.__CLREX  0x000073e8       0x10 Debug/ds1820.o
 .text.NVIC_SetPriorityGrouping
                0x000073f8       0x4c Debug/ds1820.o
 .text.NVIC_GetPriorityGrouping
                0x00007444       0x1c Debug/ds1820.o
 .text.NVIC_EnableIRQ
                0x00007460       0x34 Debug/ds1820.o
 .text.NVIC_DisableIRQ
                0x00007494       0x38 Debug/ds1820.o
 .text.NVIC_GetPendingIRQ
                0x000074cc       0x4c Debug/ds1820.o
 .text.NVIC_SetPendingIRQ
                0x00007518       0x38 Debug/ds1820.o
 .text.NVIC_ClearPendingIRQ
                0x00007550       0x38 Debug/ds1820.o
 .text.NVIC_GetActive
                0x00007588       0x4c Debug/ds1820.o
 .text.NVIC_SetPriority
                0x000075d4       0x58 Debug/ds1820.o
 .text.NVIC_GetPriority
                0x0000762c       0x54 Debug/ds1820.o
 .text.NVIC_EncodePriority
                0x00007680       0x7c Debug/ds1820.o
 .text.NVIC_DecodePriority
                0x000076fc       0x7c Debug/ds1820.o
 .text.SysTick_Config
                0x00007778       0x54 Debug/ds1820.o
 .text.NVIC_SystemReset
                0x000077cc       0x24 Debug/ds1820.o
 .text.ITM_SendChar
                0x000077f0       0x60 Debug/ds1820.o
 .text.ITM_ReceiveChar
                0x00007850       0x38 Debug/ds1820.o
 .text.ITM_CheckChar
                0x00007888       0x28 Debug/ds1820.o
 .text.vTaskDS1820Convert
                0x000078b0      0x1b0 Debug/ds1820.o
                0x000078b0                vTaskDS1820Convert
 .text.ds1820_get_temp
                0x00007a60       0x24 Debug/ds1820.o
                0x00007a60                ds1820_get_temp
 .text.ds1820_search_key
                0x00007a84       0x2c Debug/ds1820.o
                0x00007a84                ds1820_search_key
 .text.vDS1820DiagApplet
                0x00007ab0       0x4c Debug/ds1820.o
                0x00007ab0                vDS1820DiagApplet
 .text.DS1820DiagKey
                0x00007afc       0x48 Debug/ds1820.o
                0x00007afc                DS1820DiagKey
 .text.vTaskDS1820DisplayTemps
                0x00007b44      0x188 Debug/ds1820.o
                0x00007b44                vTaskDS1820DisplayTemps
 .text.delay_us
                0x00007ccc       0x50 Debug/ds1820.o
 .text.ds1820_init
                0x00007d1c       0x6c Debug/ds1820.o
 .text.ds1820_reset
                0x00007d88       0x90 Debug/ds1820.o
 .text.ds1820_write_bit
                0x00007e18       0x9c Debug/ds1820.o
 .text.ds1820_read_bit
                0x00007eb4       0xa0 Debug/ds1820.o
 .text.ds1820_write_byte
                0x00007f54       0x60 Debug/ds1820.o
 .text.ds1820_read_byte
                0x00007fb4       0x68 Debug/ds1820.o
 .text.ds1820_convert
                0x0000801c       0x44 Debug/ds1820.o
 .text.ds1820_search
                0x00008060       0x68 Debug/ds1820.o
 .text.ds1820_read_device
                0x000080c8      0x11c Debug/ds1820.o
 .text.ds1820_search_applet
                0x000081e4       0xc0 Debug/ds1820.o
                0x000081e4                ds1820_search_applet
 .text.ds1820_one_device_get_temp
                0x000082a4       0xe0 Debug/ds1820.o
                0x000082a4                ds1820_one_device_get_temp
 .text          0x00008384        0x0 Debug/core_cm3.o
 .text.__get_PSP
                0x00008384       0x10 Debug/core_cm3.o
                0x00008384                __get_PSP
 .text.__set_PSP
                0x00008394        0x8 Debug/core_cm3.o
                0x00008394                __set_PSP
 .text.__get_MSP
                0x0000839c       0x10 Debug/core_cm3.o
                0x0000839c                __get_MSP
 .text.__set_MSP
                0x000083ac        0x8 Debug/core_cm3.o
                0x000083ac                __set_MSP
 .text.__get_BASEPRI
                0x000083b4       0x20 Debug/core_cm3.o
                0x000083b4                __get_BASEPRI
 .text.__set_BASEPRI
                0x000083d4       0x18 Debug/core_cm3.o
                0x000083d4                __set_BASEPRI
 .text.__get_PRIMASK
                0x000083ec       0x20 Debug/core_cm3.o
                0x000083ec                __get_PRIMASK
 .text.__set_PRIMASK
                0x0000840c       0x18 Debug/core_cm3.o
                0x0000840c                __set_PRIMASK
 .text.__get_FAULTMASK
                0x00008424       0x20 Debug/core_cm3.o
                0x00008424                __get_FAULTMASK
 .text.__set_FAULTMASK
                0x00008444       0x18 Debug/core_cm3.o
                0x00008444                __set_FAULTMASK
 .text.__get_CONTROL
                0x0000845c       0x20 Debug/core_cm3.o
                0x0000845c                __get_CONTROL
 .text.__set_CONTROL
                0x0000847c       0x18 Debug/core_cm3.o
                0x0000847c                __set_CONTROL
 .text.__REV    0x00008494       0x24 Debug/core_cm3.o
                0x00008494                __REV
 .text.__REV16  0x000084b8       0x24 Debug/core_cm3.o
                0x000084b8                __REV16
 .text.__REVSH  0x000084dc       0x24 Debug/core_cm3.o
                0x000084dc                __REVSH
 .text.__RBIT   0x00008500       0x24 Debug/core_cm3.o
                0x00008500                __RBIT
 .text.__LDREXB
                0x00008524       0x24 Debug/core_cm3.o
                0x00008524                __LDREXB
 .text.__LDREXH
                0x00008548       0x24 Debug/core_cm3.o
                0x00008548                __LDREXH
 .text.__LDREXW
                0x0000856c       0x24 Debug/core_cm3.o
                0x0000856c                __LDREXW
 .text.__STREXB
                0x00008590       0x2c Debug/core_cm3.o
                0x00008590                __STREXB
 .text.__STREXH
                0x000085bc       0x2c Debug/core_cm3.o
                0x000085bc                __STREXH
 .text.__STREXW
                0x000085e8       0x28 Debug/core_cm3.o
                0x000085e8                __STREXW
 .text          0x00008610        0x0 Debug/system_stm32f10x.o
 .text.__enable_irq
                0x00008610        0xc Debug/system_stm32f10x.o
 .text.__disable_irq
                0x0000861c        0xc Debug/system_stm32f10x.o
 .text.__enable_fault_irq
                0x00008628        0xc Debug/system_stm32f10x.o
 .text.__disable_fault_irq
                0x00008634        0xc Debug/system_stm32f10x.o
 .text.__NOP    0x00008640        0xc Debug/system_stm32f10x.o
 .text.__WFI    0x0000864c        0xc Debug/system_stm32f10x.o
 .text.__WFE    0x00008658        0xc Debug/system_stm32f10x.o
 .text.__SEV    0x00008664        0xc Debug/system_stm32f10x.o
 .text.__ISB    0x00008670       0x10 Debug/system_stm32f10x.o
 .text.__DSB    0x00008680       0x10 Debug/system_stm32f10x.o
 .text.__DMB    0x00008690       0x10 Debug/system_stm32f10x.o
 .text.__CLREX  0x000086a0       0x10 Debug/system_stm32f10x.o
 .text.NVIC_SetPriorityGrouping
                0x000086b0       0x4c Debug/system_stm32f10x.o
 .text.NVIC_GetPriorityGrouping
                0x000086fc       0x1c Debug/system_stm32f10x.o
 .text.NVIC_EnableIRQ
                0x00008718       0x34 Debug/system_stm32f10x.o
 .text.NVIC_DisableIRQ
                0x0000874c       0x38 Debug/system_stm32f10x.o
 .text.NVIC_GetPendingIRQ
                0x00008784       0x4c Debug/system_stm32f10x.o
 .text.NVIC_SetPendingIRQ
                0x000087d0       0x38 Debug/system_stm32f10x.o
 .text.NVIC_ClearPendingIRQ
                0x00008808       0x38 Debug/system_stm32f10x.o
 .text.NVIC_GetActive
                0x00008840       0x4c Debug/system_stm32f10x.o
 .text.NVIC_SetPriority
                0x0000888c       0x58 Debug/system_stm32f10x.o
 .text.NVIC_GetPriority
                0x000088e4       0x54 Debug/system_stm32f10x.o
 .text.NVIC_EncodePriority
                0x00008938       0x7c Debug/system_stm32f10x.o
 .text.NVIC_DecodePriority
                0x000089b4       0x7c Debug/system_stm32f10x.o
 .text.SysTick_Config
                0x00008a30       0x54 Debug/system_stm32f10x.o
 .text.NVIC_SystemReset
                0x00008a84       0x24 Debug/system_stm32f10x.o
 .text.ITM_SendChar
                0x00008aa8       0x60 Debug/system_stm32f10x.o
 .text.ITM_ReceiveChar
                0x00008b08       0x38 Debug/system_stm32f10x.o
 .text.ITM_CheckChar
                0x00008b40       0x28 Debug/system_stm32f10x.o
 .text.SystemInit
                0x00008b68       0x5c Debug/system_stm32f10x.o
                0x00008b68                SystemInit
 .text.SystemCoreClockUpdate
                0x00008bc4       0xe4 Debug/system_stm32f10x.o
                0x00008bc4                SystemCoreClockUpdate
 .text.SetSysClock
                0x00008ca8        0xc Debug/system_stm32f10x.o
 .text.SetSysClockTo72
                0x00008cb4      0x108 Debug/system_stm32f10x.o
 .text          0x00008dbc        0x0 Debug/stm32f10x_it.o
 .text.__enable_irq
                0x00008dbc        0xc Debug/stm32f10x_it.o
 .text.__disable_irq
                0x00008dc8        0xc Debug/stm32f10x_it.o
 .text.__enable_fault_irq
                0x00008dd4        0xc Debug/stm32f10x_it.o
 .text.__disable_fault_irq
                0x00008de0        0xc Debug/stm32f10x_it.o
 .text.__NOP    0x00008dec        0xc Debug/stm32f10x_it.o
 .text.__WFI    0x00008df8        0xc Debug/stm32f10x_it.o
 .text.__WFE    0x00008e04        0xc Debug/stm32f10x_it.o
 .text.__SEV    0x00008e10        0xc Debug/stm32f10x_it.o
 .text.__ISB    0x00008e1c       0x10 Debug/stm32f10x_it.o
 .text.__DSB    0x00008e2c       0x10 Debug/stm32f10x_it.o
 .text.__DMB    0x00008e3c       0x10 Debug/stm32f10x_it.o
 .text.__CLREX  0x00008e4c       0x10 Debug/stm32f10x_it.o
 .text.NVIC_SetPriorityGrouping
                0x00008e5c       0x4c Debug/stm32f10x_it.o
 .text.NVIC_GetPriorityGrouping
                0x00008ea8       0x1c Debug/stm32f10x_it.o
 .text.NVIC_EnableIRQ
                0x00008ec4       0x34 Debug/stm32f10x_it.o
 .text.NVIC_DisableIRQ
                0x00008ef8       0x38 Debug/stm32f10x_it.o
 .text.NVIC_GetPendingIRQ
                0x00008f30       0x4c Debug/stm32f10x_it.o
 .text.NVIC_SetPendingIRQ
                0x00008f7c       0x38 Debug/stm32f10x_it.o
 .text.NVIC_ClearPendingIRQ
                0x00008fb4       0x38 Debug/stm32f10x_it.o
 .text.NVIC_GetActive
                0x00008fec       0x4c Debug/stm32f10x_it.o
 .text.NVIC_SetPriority
                0x00009038       0x58 Debug/stm32f10x_it.o
 .text.NVIC_GetPriority
                0x00009090       0x54 Debug/stm32f10x_it.o
 .text.NVIC_EncodePriority
                0x000090e4       0x7c Debug/stm32f10x_it.o
 .text.NVIC_DecodePriority
                0x00009160       0x7c Debug/stm32f10x_it.o
 .text.SysTick_Config
                0x000091dc       0x54 Debug/stm32f10x_it.o
 .text.NVIC_SystemReset
                0x00009230       0x24 Debug/stm32f10x_it.o
 .text.ITM_SendChar
                0x00009254       0x60 Debug/stm32f10x_it.o
 .text.ITM_ReceiveChar
                0x000092b4       0x38 Debug/stm32f10x_it.o
 .text.ITM_CheckChar
                0x000092ec       0x28 Debug/stm32f10x_it.o
 .text.NMI_Handler
                0x00009314        0xc Debug/stm32f10x_it.o
                0x00009314                NMI_Handler
 .text.HardFault_Handler
                0x00009320       0x18 Debug/stm32f10x_it.o
                0x00009320                HardFault_Handler
 .text.MemManage_Handler
                0x00009338       0x18 Debug/stm32f10x_it.o
                0x00009338                MemManage_Handler
 .text.BusFault_Handler
                0x00009350        0x8 Debug/stm32f10x_it.o
                0x00009350                BusFault_Handler
 .text.UsageFault_Handler
                0x00009358       0x18 Debug/stm32f10x_it.o
                0x00009358                UsageFault_Handler
 .text.DebugMon_Handler
                0x00009370        0xc Debug/stm32f10x_it.o
                0x00009370                DebugMon_Handler
 .text          0x0000937c        0x0 Debug/misc.o
 .text.__enable_irq
                0x0000937c        0xc Debug/misc.o
 .text.__disable_irq
                0x00009388        0xc Debug/misc.o
 .text.__enable_fault_irq
                0x00009394        0xc Debug/misc.o
 .text.__disable_fault_irq
                0x000093a0        0xc Debug/misc.o
 .text.__NOP    0x000093ac        0xc Debug/misc.o
 .text.__WFI    0x000093b8        0xc Debug/misc.o
 .text.__WFE    0x000093c4        0xc Debug/misc.o
 .text.__SEV    0x000093d0        0xc Debug/misc.o
 .text.__ISB    0x000093dc       0x10 Debug/misc.o
 .text.__DSB    0x000093ec       0x10 Debug/misc.o
 .text.__DMB    0x000093fc       0x10 Debug/misc.o
 .text.__CLREX  0x0000940c       0x10 Debug/misc.o
 .text.NVIC_SetPriorityGrouping
                0x0000941c       0x4c Debug/misc.o
 .text.NVIC_GetPriorityGrouping
                0x00009468       0x1c Debug/misc.o
 .text.NVIC_EnableIRQ
                0x00009484       0x34 Debug/misc.o
 .text.NVIC_DisableIRQ
                0x000094b8       0x38 Debug/misc.o
 .text.NVIC_GetPendingIRQ
                0x000094f0       0x4c Debug/misc.o
 .text.NVIC_SetPendingIRQ
                0x0000953c       0x38 Debug/misc.o
 .text.NVIC_ClearPendingIRQ
                0x00009574       0x38 Debug/misc.o
 .text.NVIC_GetActive
                0x000095ac       0x4c Debug/misc.o
 .text.NVIC_SetPriority
                0x000095f8       0x58 Debug/misc.o
 .text.NVIC_GetPriority
                0x00009650       0x54 Debug/misc.o
 .text.NVIC_EncodePriority
                0x000096a4       0x7c Debug/misc.o
 .text.NVIC_DecodePriority
                0x00009720       0x7c Debug/misc.o
 .text.SysTick_Config
                0x0000979c       0x54 Debug/misc.o
 .text.NVIC_SystemReset
                0x000097f0       0x24 Debug/misc.o
 .text.ITM_SendChar
                0x00009814       0x60 Debug/misc.o
 .text.ITM_ReceiveChar
                0x00009874       0x38 Debug/misc.o
 .text.ITM_CheckChar
                0x000098ac       0x28 Debug/misc.o
 .text.NVIC_PriorityGroupConfig
                0x000098d4       0x58 Debug/misc.o
                0x000098d4                NVIC_PriorityGroupConfig
 .text.NVIC_Init
                0x0000992c      0x118 Debug/misc.o
                0x0000992c                NVIC_Init
 .text.NVIC_SetVectorTable
                0x00009a44       0x5c Debug/misc.o
                0x00009a44                NVIC_SetVectorTable
 .text.NVIC_SystemLPConfig
                0x00009aa0       0x78 Debug/misc.o
                0x00009aa0                NVIC_SystemLPConfig
 .text.SysTick_CLKSourceConfig
                0x00009b18       0x50 Debug/misc.o
                0x00009b18                SysTick_CLKSourceConfig
 .text          0x00009b68        0x0 Debug/stm32f10x_rcc.o
 .text.__enable_irq
                0x00009b68        0xc Debug/stm32f10x_rcc.o
 .text.__disable_irq
                0x00009b74        0xc Debug/stm32f10x_rcc.o
 .text.__enable_fault_irq
                0x00009b80        0xc Debug/stm32f10x_rcc.o
 .text.__disable_fault_irq
                0x00009b8c        0xc Debug/stm32f10x_rcc.o
 .text.__NOP    0x00009b98        0xc Debug/stm32f10x_rcc.o
 .text.__WFI    0x00009ba4        0xc Debug/stm32f10x_rcc.o
 .text.__WFE    0x00009bb0        0xc Debug/stm32f10x_rcc.o
 .text.__SEV    0x00009bbc        0xc Debug/stm32f10x_rcc.o
 .text.__ISB    0x00009bc8       0x10 Debug/stm32f10x_rcc.o
 .text.__DSB    0x00009bd8       0x10 Debug/stm32f10x_rcc.o
 .text.__DMB    0x00009be8       0x10 Debug/stm32f10x_rcc.o
 .text.__CLREX  0x00009bf8       0x10 Debug/stm32f10x_rcc.o
 .text.NVIC_SetPriorityGrouping
                0x00009c08       0x4c Debug/stm32f10x_rcc.o
 .text.NVIC_GetPriorityGrouping
                0x00009c54       0x1c Debug/stm32f10x_rcc.o
 .text.NVIC_EnableIRQ
                0x00009c70       0x34 Debug/stm32f10x_rcc.o
 .text.NVIC_DisableIRQ
                0x00009ca4       0x38 Debug/stm32f10x_rcc.o
 .text.NVIC_GetPendingIRQ
                0x00009cdc       0x4c Debug/stm32f10x_rcc.o
 .text.NVIC_SetPendingIRQ
                0x00009d28       0x38 Debug/stm32f10x_rcc.o
 .text.NVIC_ClearPendingIRQ
                0x00009d60       0x38 Debug/stm32f10x_rcc.o
 .text.NVIC_GetActive
                0x00009d98       0x4c Debug/stm32f10x_rcc.o
 .text.NVIC_SetPriority
                0x00009de4       0x58 Debug/stm32f10x_rcc.o
 .text.NVIC_GetPriority
                0x00009e3c       0x54 Debug/stm32f10x_rcc.o
 .text.NVIC_EncodePriority
                0x00009e90       0x7c Debug/stm32f10x_rcc.o
 .text.NVIC_DecodePriority
                0x00009f0c       0x7c Debug/stm32f10x_rcc.o
 .text.SysTick_Config
                0x00009f88       0x54 Debug/stm32f10x_rcc.o
 .text.NVIC_SystemReset
                0x00009fdc       0x24 Debug/stm32f10x_rcc.o
 .text.ITM_SendChar
                0x0000a000       0x60 Debug/stm32f10x_rcc.o
 .text.ITM_ReceiveChar
                0x0000a060       0x38 Debug/stm32f10x_rcc.o
 .text.ITM_CheckChar
                0x0000a098       0x28 Debug/stm32f10x_rcc.o
 .text.RCC_DeInit
                0x0000a0c0       0x5c Debug/stm32f10x_rcc.o
                0x0000a0c0                RCC_DeInit
 .text.RCC_HSEConfig
                0x0000a11c       0x7c Debug/stm32f10x_rcc.o
                0x0000a11c                RCC_HSEConfig
 .text.RCC_WaitForHSEStartUp
                0x0000a198       0x64 Debug/stm32f10x_rcc.o
                0x0000a198                RCC_WaitForHSEStartUp
 .text.RCC_AdjustHSICalibrationValue
                0x0000a1fc       0x54 Debug/stm32f10x_rcc.o
                0x0000a1fc                RCC_AdjustHSICalibrationValue
 .text.RCC_HSICmd
                0x0000a250       0x38 Debug/stm32f10x_rcc.o
                0x0000a250                RCC_HSICmd
 .text.RCC_PLLConfig
                0x0000a288       0xe4 Debug/stm32f10x_rcc.o
                0x0000a288                RCC_PLLConfig
 .text.RCC_PLLCmd
                0x0000a36c       0x38 Debug/stm32f10x_rcc.o
                0x0000a36c                RCC_PLLCmd
 .text.RCC_SYSCLKConfig
                0x0000a3a4       0x58 Debug/stm32f10x_rcc.o
                0x0000a3a4                RCC_SYSCLKConfig
 .text.RCC_GetSYSCLKSource
                0x0000a3fc       0x1c Debug/stm32f10x_rcc.o
                0x0000a3fc                RCC_GetSYSCLKSource
 .text.RCC_HCLKConfig
                0x0000a418       0x7c Debug/stm32f10x_rcc.o
                0x0000a418                RCC_HCLKConfig
 .text.RCC_PCLK1Config
                0x0000a494       0x6c Debug/stm32f10x_rcc.o
                0x0000a494                RCC_PCLK1Config
 .text.RCC_PCLK2Config
                0x0000a500       0x70 Debug/stm32f10x_rcc.o
                0x0000a500                RCC_PCLK2Config
 .text.RCC_ITConfig
                0x0000a570       0x80 Debug/stm32f10x_rcc.o
                0x0000a570                RCC_ITConfig
 .text.RCC_USBCLKConfig
                0x0000a5f0       0x34 Debug/stm32f10x_rcc.o
                0x0000a5f0                RCC_USBCLKConfig
 .text.RCC_ADCCLKConfig
                0x0000a624       0x64 Debug/stm32f10x_rcc.o
                0x0000a624                RCC_ADCCLKConfig
 .text.RCC_LSEConfig
                0x0000a688       0x68 Debug/stm32f10x_rcc.o
                0x0000a688                RCC_LSEConfig
 .text.RCC_LSICmd
                0x0000a6f0       0x38 Debug/stm32f10x_rcc.o
                0x0000a6f0                RCC_LSICmd
 .text.RCC_RTCCLKConfig
                0x0000a728       0x48 Debug/stm32f10x_rcc.o
                0x0000a728                RCC_RTCCLKConfig
 .text.RCC_RTCCLKCmd
                0x0000a770       0x38 Debug/stm32f10x_rcc.o
                0x0000a770                RCC_RTCCLKCmd
 .text.RCC_GetClocksFreq
                0x0000a7a8      0x17c Debug/stm32f10x_rcc.o
                0x0000a7a8                RCC_GetClocksFreq
 .text.RCC_AHBPeriphClockCmd
                0x0000a924       0x78 Debug/stm32f10x_rcc.o
                0x0000a924                RCC_AHBPeriphClockCmd
 .text.RCC_APB2PeriphClockCmd
                0x0000a99c       0x7c Debug/stm32f10x_rcc.o
                0x0000a99c                RCC_APB2PeriphClockCmd
 .text.RCC_APB1PeriphClockCmd
                0x0000aa18       0x7c Debug/stm32f10x_rcc.o
                0x0000aa18                RCC_APB1PeriphClockCmd
 .text.RCC_APB2PeriphResetCmd
                0x0000aa94       0x7c Debug/stm32f10x_rcc.o
                0x0000aa94                RCC_APB2PeriphResetCmd
 .text.RCC_APB1PeriphResetCmd
                0x0000ab10       0x7c Debug/stm32f10x_rcc.o
                0x0000ab10                RCC_APB1PeriphResetCmd
 .text.RCC_BackupResetCmd
                0x0000ab8c       0x38 Debug/stm32f10x_rcc.o
                0x0000ab8c                RCC_BackupResetCmd
 .text.RCC_ClockSecuritySystemCmd
                0x0000abc4       0x38 Debug/stm32f10x_rcc.o
                0x0000abc4                RCC_ClockSecuritySystemCmd
 .text.RCC_MCOConfig
                0x0000abfc       0x48 Debug/stm32f10x_rcc.o
                0x0000abfc                RCC_MCOConfig
 .text.RCC_GetFlagStatus
                0x0000ac44       0xd0 Debug/stm32f10x_rcc.o
                0x0000ac44                RCC_GetFlagStatus
 .text.RCC_ClearFlag
                0x0000ad14       0x1c Debug/stm32f10x_rcc.o
                0x0000ad14                RCC_ClearFlag
 .text.RCC_GetITStatus
                0x0000ad30       0x70 Debug/stm32f10x_rcc.o
                0x0000ad30                RCC_GetITStatus
 .text.RCC_ClearITPendingBit
                0x0000ada0       0x3c Debug/stm32f10x_rcc.o
                0x0000ada0                RCC_ClearITPendingBit
 .text          0x0000addc        0x0 Debug/stm32f10x_gpio.o
 .text.__enable_irq
                0x0000addc        0xc Debug/stm32f10x_gpio.o
 .text.__disable_irq
                0x0000ade8        0xc Debug/stm32f10x_gpio.o
 .text.__enable_fault_irq
                0x0000adf4        0xc Debug/stm32f10x_gpio.o
 .text.__disable_fault_irq
                0x0000ae00        0xc Debug/stm32f10x_gpio.o
 .text.__NOP    0x0000ae0c        0xc Debug/stm32f10x_gpio.o
 .text.__WFI    0x0000ae18        0xc Debug/stm32f10x_gpio.o
 .text.__WFE    0x0000ae24        0xc Debug/stm32f10x_gpio.o
 .text.__SEV    0x0000ae30        0xc Debug/stm32f10x_gpio.o
 .text.__ISB    0x0000ae3c       0x10 Debug/stm32f10x_gpio.o
 .text.__DSB    0x0000ae4c       0x10 Debug/stm32f10x_gpio.o
 .text.__DMB    0x0000ae5c       0x10 Debug/stm32f10x_gpio.o
 .text.__CLREX  0x0000ae6c       0x10 Debug/stm32f10x_gpio.o
 .text.NVIC_SetPriorityGrouping
                0x0000ae7c       0x4c Debug/stm32f10x_gpio.o
 .text.NVIC_GetPriorityGrouping
                0x0000aec8       0x1c Debug/stm32f10x_gpio.o
 .text.NVIC_EnableIRQ
                0x0000aee4       0x34 Debug/stm32f10x_gpio.o
 .text.NVIC_DisableIRQ
                0x0000af18       0x38 Debug/stm32f10x_gpio.o
 .text.NVIC_GetPendingIRQ
                0x0000af50       0x4c Debug/stm32f10x_gpio.o
 .text.NVIC_SetPendingIRQ
                0x0000af9c       0x38 Debug/stm32f10x_gpio.o
 .text.NVIC_ClearPendingIRQ
                0x0000afd4       0x38 Debug/stm32f10x_gpio.o
 .text.NVIC_GetActive
                0x0000b00c       0x4c Debug/stm32f10x_gpio.o
 .text.NVIC_SetPriority
                0x0000b058       0x58 Debug/stm32f10x_gpio.o
 .text.NVIC_GetPriority
                0x0000b0b0       0x54 Debug/stm32f10x_gpio.o
 .text.NVIC_EncodePriority
                0x0000b104       0x7c Debug/stm32f10x_gpio.o
 .text.NVIC_DecodePriority
                0x0000b180       0x7c Debug/stm32f10x_gpio.o
 .text.SysTick_Config
                0x0000b1fc       0x54 Debug/stm32f10x_gpio.o
 .text.NVIC_SystemReset
                0x0000b250       0x24 Debug/stm32f10x_gpio.o
 .text.ITM_SendChar
                0x0000b274       0x60 Debug/stm32f10x_gpio.o
 .text.ITM_ReceiveChar
                0x0000b2d4       0x38 Debug/stm32f10x_gpio.o
 .text.ITM_CheckChar
                0x0000b30c       0x28 Debug/stm32f10x_gpio.o
 .text.GPIO_DeInit
                0x0000b334      0x160 Debug/stm32f10x_gpio.o
                0x0000b334                GPIO_DeInit
 .text.GPIO_AFIODeInit
                0x0000b494       0x20 Debug/stm32f10x_gpio.o
                0x0000b494                GPIO_AFIODeInit
 .text.GPIO_Init
                0x0000b4b4      0x2a0 Debug/stm32f10x_gpio.o
                0x0000b4b4                GPIO_Init
 .text.GPIO_StructInit
                0x0000b754       0x2c Debug/stm32f10x_gpio.o
                0x0000b754                GPIO_StructInit
 .text.GPIO_ReadInputDataBit
                0x0000b780      0x118 Debug/stm32f10x_gpio.o
                0x0000b780                GPIO_ReadInputDataBit
 .text.GPIO_ReadInputData
                0x0000b898       0x7c Debug/stm32f10x_gpio.o
                0x0000b898                GPIO_ReadInputData
 .text.GPIO_ReadOutputDataBit
                0x0000b914      0x118 Debug/stm32f10x_gpio.o
                0x0000b914                GPIO_ReadOutputDataBit
 .text.GPIO_ReadOutputData
                0x0000ba2c       0x7c Debug/stm32f10x_gpio.o
                0x0000ba2c                GPIO_ReadOutputData
 .text.GPIO_SetBits
                0x0000baa8       0x8c Debug/stm32f10x_gpio.o
                0x0000baa8                GPIO_SetBits
 .text.GPIO_ResetBits
                0x0000bb34       0x8c Debug/stm32f10x_gpio.o
                0x0000bb34                GPIO_ResetBits
 .text.GPIO_WriteBit
                0x0000bbc0      0x120 Debug/stm32f10x_gpio.o
                0x0000bbc0                GPIO_WriteBit
 .text.GPIO_Write
                0x0000bce0       0x7c Debug/stm32f10x_gpio.o
                0x0000bce0                GPIO_Write
 .text.GPIO_PinLockConfig
                0x0000bd5c       0xb4 Debug/stm32f10x_gpio.o
                0x0000bd5c                GPIO_PinLockConfig
 .text.GPIO_EventOutputConfig
                0x0000be10       0xe8 Debug/stm32f10x_gpio.o
                0x0000be10                GPIO_EventOutputConfig
 .text.GPIO_EventOutputCmd
                0x0000bef8       0x38 Debug/stm32f10x_gpio.o
                0x0000bef8                GPIO_EventOutputCmd
 .text.GPIO_PinRemapConfig
                0x0000bf30      0x2a4 Debug/stm32f10x_gpio.o
                0x0000bf30                GPIO_PinRemapConfig
 .text.GPIO_EXTILineConfig
                0x0000c1d4      0x13c Debug/stm32f10x_gpio.o
                0x0000c1d4                GPIO_EXTILineConfig
 .text.GPIO_ETH_MediaInterfaceConfig
                0x0000c310       0x34 Debug/stm32f10x_gpio.o
                0x0000c310                GPIO_ETH_MediaInterfaceConfig
 .text          0x0000c344        0x0 Debug/stm32f10x_spi.o
 .text.__enable_irq
                0x0000c344        0xc Debug/stm32f10x_spi.o
 .text.__disable_irq
                0x0000c350        0xc Debug/stm32f10x_spi.o
 .text.__enable_fault_irq
                0x0000c35c        0xc Debug/stm32f10x_spi.o
 .text.__disable_fault_irq
                0x0000c368        0xc Debug/stm32f10x_spi.o
 .text.__NOP    0x0000c374        0xc Debug/stm32f10x_spi.o
 .text.__WFI    0x0000c380        0xc Debug/stm32f10x_spi.o
 .text.__WFE    0x0000c38c        0xc Debug/stm32f10x_spi.o
 .text.__SEV    0x0000c398        0xc Debug/stm32f10x_spi.o
 .text.__ISB    0x0000c3a4       0x10 Debug/stm32f10x_spi.o
 .text.__DSB    0x0000c3b4       0x10 Debug/stm32f10x_spi.o
 .text.__DMB    0x0000c3c4       0x10 Debug/stm32f10x_spi.o
 .text.__CLREX  0x0000c3d4       0x10 Debug/stm32f10x_spi.o
 .text.NVIC_SetPriorityGrouping
                0x0000c3e4       0x4c Debug/stm32f10x_spi.o
 .text.NVIC_GetPriorityGrouping
                0x0000c430       0x1c Debug/stm32f10x_spi.o
 .text.NVIC_EnableIRQ
                0x0000c44c       0x34 Debug/stm32f10x_spi.o
 .text.NVIC_DisableIRQ
                0x0000c480       0x38 Debug/stm32f10x_spi.o
 .text.NVIC_GetPendingIRQ
                0x0000c4b8       0x4c Debug/stm32f10x_spi.o
 .text.NVIC_SetPendingIRQ
                0x0000c504       0x38 Debug/stm32f10x_spi.o
 .text.NVIC_ClearPendingIRQ
                0x0000c53c       0x38 Debug/stm32f10x_spi.o
 .text.NVIC_GetActive
                0x0000c574       0x4c Debug/stm32f10x_spi.o
 .text.NVIC_SetPriority
                0x0000c5c0       0x58 Debug/stm32f10x_spi.o
 .text.NVIC_GetPriority
                0x0000c618       0x54 Debug/stm32f10x_spi.o
 .text.NVIC_EncodePriority
                0x0000c66c       0x7c Debug/stm32f10x_spi.o
 .text.NVIC_DecodePriority
                0x0000c6e8       0x7c Debug/stm32f10x_spi.o
 .text.SysTick_Config
                0x0000c764       0x54 Debug/stm32f10x_spi.o
 .text.NVIC_SystemReset
                0x0000c7b8       0x24 Debug/stm32f10x_spi.o
 .text.ITM_SendChar
                0x0000c7dc       0x60 Debug/stm32f10x_spi.o
 .text.ITM_ReceiveChar
                0x0000c83c       0x38 Debug/stm32f10x_spi.o
 .text.ITM_CheckChar
                0x0000c874       0x28 Debug/stm32f10x_spi.o
 .text.SPI_I2S_DeInit
                0x0000c89c       0xa8 Debug/stm32f10x_spi.o
                0x0000c89c                SPI_I2S_DeInit
 .text.SPI_Init
                0x0000c944      0x1f8 Debug/stm32f10x_spi.o
                0x0000c944                SPI_Init
 .text.I2S_Init
                0x0000cb3c      0x2f4 Debug/stm32f10x_spi.o
                0x0000cb3c                I2S_Init
 .text.SPI_StructInit
                0x0000ce30       0x5c Debug/stm32f10x_spi.o
                0x0000ce30                SPI_StructInit
 .text.I2S_StructInit
                0x0000ce8c       0x44 Debug/stm32f10x_spi.o
                0x0000ce8c                I2S_StructInit
 .text.SPI_Cmd  0x0000ced0       0x84 Debug/stm32f10x_spi.o
                0x0000ced0                SPI_Cmd
 .text.I2S_Cmd  0x0000cf54       0x78 Debug/stm32f10x_spi.o
                0x0000cf54                I2S_Cmd
 .text.SPI_I2S_ITConfig
                0x0000cfcc       0xd0 Debug/stm32f10x_spi.o
                0x0000cfcc                SPI_I2S_ITConfig
 .text.SPI_I2S_DMACmd
                0x0000d09c       0xb0 Debug/stm32f10x_spi.o
                0x0000d09c                SPI_I2S_DMACmd
 .text.SPI_I2S_SendData
                0x0000d14c       0x4c Debug/stm32f10x_spi.o
                0x0000d14c                SPI_I2S_SendData
 .text.SPI_I2S_ReceiveData
                0x0000d198       0x4c Debug/stm32f10x_spi.o
                0x0000d198                SPI_I2S_ReceiveData
 .text.SPI_NSSInternalSoftwareConfig
                0x0000d1e4       0x90 Debug/stm32f10x_spi.o
                0x0000d1e4                SPI_NSSInternalSoftwareConfig
 .text.SPI_SSOutputCmd
                0x0000d274       0x84 Debug/stm32f10x_spi.o
                0x0000d274                SPI_SSOutputCmd
 .text.SPI_DataSizeConfig
                0x0000d2f8       0x80 Debug/stm32f10x_spi.o
                0x0000d2f8                SPI_DataSizeConfig
 .text.SPI_TransmitCRC
                0x0000d378       0x54 Debug/stm32f10x_spi.o
                0x0000d378                SPI_TransmitCRC
 .text.SPI_CalculateCRC
                0x0000d3cc       0x84 Debug/stm32f10x_spi.o
                0x0000d3cc                SPI_CalculateCRC
 .text.SPI_GetCRC
                0x0000d450       0x7c Debug/stm32f10x_spi.o
                0x0000d450                SPI_GetCRC
 .text.SPI_GetCRCPolynomial
                0x0000d4cc       0x4c Debug/stm32f10x_spi.o
                0x0000d4cc                SPI_GetCRCPolynomial
 .text.SPI_BiDirectionalLineConfig
                0x0000d518       0x8c Debug/stm32f10x_spi.o
                0x0000d518                SPI_BiDirectionalLineConfig
 .text.SPI_I2S_GetFlagStatus
                0x0000d5a4       0xac Debug/stm32f10x_spi.o
                0x0000d5a4                SPI_I2S_GetFlagStatus
 .text.SPI_I2S_ClearFlag
                0x0000d650       0x64 Debug/stm32f10x_spi.o
                0x0000d650                SPI_I2S_ClearFlag
 .text.SPI_I2S_GetITStatus
                0x0000d6b4       0xec Debug/stm32f10x_spi.o
                0x0000d6b4                SPI_I2S_GetITStatus
 .text.SPI_I2S_ClearITPendingBit
                0x0000d7a0       0x78 Debug/stm32f10x_spi.o
                0x0000d7a0                SPI_I2S_ClearITPendingBit
 .text          0x0000d818        0x0 Debug/stm32f10x_tim.o
 .text.__enable_irq
                0x0000d818        0xc Debug/stm32f10x_tim.o
 .text.__disable_irq
                0x0000d824        0xc Debug/stm32f10x_tim.o
 .text.__enable_fault_irq
                0x0000d830        0xc Debug/stm32f10x_tim.o
 .text.__disable_fault_irq
                0x0000d83c        0xc Debug/stm32f10x_tim.o
 .text.__NOP    0x0000d848        0xc Debug/stm32f10x_tim.o
 .text.__WFI    0x0000d854        0xc Debug/stm32f10x_tim.o
 .text.__WFE    0x0000d860        0xc Debug/stm32f10x_tim.o
 .text.__SEV    0x0000d86c        0xc Debug/stm32f10x_tim.o
 .text.__ISB    0x0000d878       0x10 Debug/stm32f10x_tim.o
 .text.__DSB    0x0000d888       0x10 Debug/stm32f10x_tim.o
 .text.__DMB    0x0000d898       0x10 Debug/stm32f10x_tim.o
 .text.__CLREX  0x0000d8a8       0x10 Debug/stm32f10x_tim.o
 .text.NVIC_SetPriorityGrouping
                0x0000d8b8       0x4c Debug/stm32f10x_tim.o
 .text.NVIC_GetPriorityGrouping
                0x0000d904       0x1c Debug/stm32f10x_tim.o
 .text.NVIC_EnableIRQ
                0x0000d920       0x34 Debug/stm32f10x_tim.o
 .text.NVIC_DisableIRQ
                0x0000d954       0x38 Debug/stm32f10x_tim.o
 .text.NVIC_GetPendingIRQ
                0x0000d98c       0x4c Debug/stm32f10x_tim.o
 .text.NVIC_SetPendingIRQ
                0x0000d9d8       0x38 Debug/stm32f10x_tim.o
 .text.NVIC_ClearPendingIRQ
                0x0000da10       0x38 Debug/stm32f10x_tim.o
 .text.NVIC_GetActive
                0x0000da48       0x4c Debug/stm32f10x_tim.o
 .text.NVIC_SetPriority
                0x0000da94       0x58 Debug/stm32f10x_tim.o
 .text.NVIC_GetPriority
                0x0000daec       0x54 Debug/stm32f10x_tim.o
 .text.NVIC_EncodePriority
                0x0000db40       0x7c Debug/stm32f10x_tim.o
 .text.NVIC_DecodePriority
                0x0000dbbc       0x7c Debug/stm32f10x_tim.o
 .text.SysTick_Config
                0x0000dc38       0x54 Debug/stm32f10x_tim.o
 .text.NVIC_SystemReset
                0x0000dc8c       0x24 Debug/stm32f10x_tim.o
 .text.ITM_SendChar
                0x0000dcb0       0x60 Debug/stm32f10x_tim.o
 .text.ITM_ReceiveChar
                0x0000dd10       0x38 Debug/stm32f10x_tim.o
 .text.ITM_CheckChar
                0x0000dd48       0x28 Debug/stm32f10x_tim.o
 .text.TIM_DeInit
                0x0000dd70      0x214 Debug/stm32f10x_tim.o
                0x0000dd70                TIM_DeInit
 .text.TIM_TimeBaseInit
                0x0000df84      0x1d4 Debug/stm32f10x_tim.o
                0x0000df84                TIM_TimeBaseInit
 .text.TIM_OC1Init
                0x0000e158      0x270 Debug/stm32f10x_tim.o
                0x0000e158                TIM_OC1Init
 .text.TIM_OC2Init
                0x0000e3c8      0x26c Debug/stm32f10x_tim.o
                0x0000e3c8                TIM_OC2Init
 .text.TIM_OC3Init
                0x0000e634      0x254 Debug/stm32f10x_tim.o
                0x0000e634                TIM_OC3Init
 .text.TIM_OC4Init
                0x0000e888      0x1b4 Debug/stm32f10x_tim.o
                0x0000e888                TIM_OC4Init
 .text.TIM_ICInit
                0x0000ea3c      0x2cc Debug/stm32f10x_tim.o
                0x0000ea3c                TIM_ICInit
 .text.TIM_PWMIConfig
                0x0000ed08      0x124 Debug/stm32f10x_tim.o
                0x0000ed08                TIM_PWMIConfig
 .text.TIM_BDTRConfig
                0x0000ee2c      0x160 Debug/stm32f10x_tim.o
                0x0000ee2c                TIM_BDTRConfig
 .text.TIM_TimeBaseStructInit
                0x0000ef8c       0x3c Debug/stm32f10x_tim.o
                0x0000ef8c                TIM_TimeBaseStructInit
 .text.TIM_OCStructInit
                0x0000efc8       0x54 Debug/stm32f10x_tim.o
                0x0000efc8                TIM_OCStructInit
 .text.TIM_ICStructInit
                0x0000f01c       0x3c Debug/stm32f10x_tim.o
                0x0000f01c                TIM_ICStructInit
 .text.TIM_BDTRStructInit
                0x0000f058       0x4c Debug/stm32f10x_tim.o
                0x0000f058                TIM_BDTRStructInit
 .text.TIM_Cmd  0x0000f0a4       0xe4 Debug/stm32f10x_tim.o
                0x0000f0a4                TIM_Cmd
 .text.TIM_CtrlPWMOutputs
                0x0000f188       0xac Debug/stm32f10x_tim.o
                0x0000f188                TIM_CtrlPWMOutputs
 .text.TIM_ITConfig
                0x0000f234      0x108 Debug/stm32f10x_tim.o
                0x0000f234                TIM_ITConfig
 .text.TIM_GenerateEvent
                0x0000f33c       0xc4 Debug/stm32f10x_tim.o
                0x0000f33c                TIM_GenerateEvent
 .text.TIM_DMAConfig
                0x0000f400      0x1b4 Debug/stm32f10x_tim.o
                0x0000f400                TIM_DMAConfig
 .text.TIM_DMACmd
                0x0000f5b4      0x10c Debug/stm32f10x_tim.o
                0x0000f5b4                TIM_DMACmd
 .text.TIM_InternalClockConfig
                0x0000f6c0       0x98 Debug/stm32f10x_tim.o
                0x0000f6c0                TIM_InternalClockConfig
 .text.TIM_ITRxExternalClockConfig
                0x0000f758       0xb0 Debug/stm32f10x_tim.o
                0x0000f758                TIM_ITRxExternalClockConfig
 .text.TIM_TIxExternalClockConfig
                0x0000f808       0xf8 Debug/stm32f10x_tim.o
                0x0000f808                TIM_TIxExternalClockConfig
 .text.TIM_ETRClockMode1Config
                0x0000f900       0xf8 Debug/stm32f10x_tim.o
                0x0000f900                TIM_ETRClockMode1Config
 .text.TIM_ETRClockMode2Config
                0x0000f9f8       0xd4 Debug/stm32f10x_tim.o
                0x0000f9f8                TIM_ETRClockMode2Config
 .text.TIM_ETRConfig
                0x0000facc       0xf4 Debug/stm32f10x_tim.o
                0x0000facc                TIM_ETRConfig
 .text.TIM_PrescalerConfig
                0x0000fbc0       0xc8 Debug/stm32f10x_tim.o
                0x0000fbc0                TIM_PrescalerConfig
 .text.TIM_CounterModeConfig
                0x0000fc88       0xbc Debug/stm32f10x_tim.o
                0x0000fc88                TIM_CounterModeConfig
 .text.TIM_SelectInputTrigger
                0x0000fd44       0xe8 Debug/stm32f10x_tim.o
                0x0000fd44                TIM_SelectInputTrigger
 .text.TIM_EncoderInterfaceConfig
                0x0000fe2c      0x13c Debug/stm32f10x_tim.o
                0x0000fe2c                TIM_EncoderInterfaceConfig
 .text.TIM_ForcedOC1Config
                0x0000ff68       0xc4 Debug/stm32f10x_tim.o
                0x0000ff68                TIM_ForcedOC1Config
 .text.TIM_ForcedOC2Config
                0x0001002c       0xb4 Debug/stm32f10x_tim.o
                0x0001002c                TIM_ForcedOC2Config
 .text.TIM_ForcedOC3Config
                0x000100e0       0xa0 Debug/stm32f10x_tim.o
                0x000100e0                TIM_ForcedOC3Config
 .text.TIM_ForcedOC4Config
                0x00010180       0xa8 Debug/stm32f10x_tim.o
                0x00010180                TIM_ForcedOC4Config
 .text.TIM_ARRPreloadConfig
                0x00010228       0xe4 Debug/stm32f10x_tim.o
                0x00010228                TIM_ARRPreloadConfig
 .text.TIM_SelectCOM
                0x0001030c       0x9c Debug/stm32f10x_tim.o
                0x0001030c                TIM_SelectCOM
 .text.TIM_SelectCCDMA
                0x000103a8       0xc8 Debug/stm32f10x_tim.o
                0x000103a8                TIM_SelectCCDMA
 .text.TIM_CCPreloadControl
                0x00010470       0x9c Debug/stm32f10x_tim.o
                0x00010470                TIM_CCPreloadControl
 .text.TIM_OC1PreloadConfig
                0x0001050c       0xc4 Debug/stm32f10x_tim.o
                0x0001050c                TIM_OC1PreloadConfig
 .text.TIM_OC2PreloadConfig
                0x000105d0       0xb4 Debug/stm32f10x_tim.o
                0x000105d0                TIM_OC2PreloadConfig
 .text.TIM_OC3PreloadConfig
                0x00010684       0xa0 Debug/stm32f10x_tim.o
                0x00010684                TIM_OC3PreloadConfig
 .text.TIM_OC4PreloadConfig
                0x00010724       0xa8 Debug/stm32f10x_tim.o
                0x00010724                TIM_OC4PreloadConfig
 .text.TIM_OC1FastConfig
                0x000107cc       0xc4 Debug/stm32f10x_tim.o
                0x000107cc                TIM_OC1FastConfig
 .text.TIM_OC2FastConfig
                0x00010890       0xb4 Debug/stm32f10x_tim.o
                0x00010890                TIM_OC2FastConfig
 .text.TIM_OC3FastConfig
                0x00010944       0xa0 Debug/stm32f10x_tim.o
                0x00010944                TIM_OC3FastConfig
 .text.TIM_OC4FastConfig
                0x000109e4       0xa8 Debug/stm32f10x_tim.o
                0x000109e4                TIM_OC4FastConfig
 .text.TIM_ClearOC1Ref
                0x00010a8c       0xa0 Debug/stm32f10x_tim.o
                0x00010a8c                TIM_ClearOC1Ref
 .text.TIM_ClearOC2Ref
                0x00010b2c       0xac Debug/stm32f10x_tim.o
                0x00010b2c                TIM_ClearOC2Ref
 .text.TIM_ClearOC3Ref
                0x00010bd8       0xa0 Debug/stm32f10x_tim.o
                0x00010bd8                TIM_ClearOC3Ref
 .text.TIM_ClearOC4Ref
                0x00010c78       0xac Debug/stm32f10x_tim.o
                0x00010c78                TIM_ClearOC4Ref
 .text.TIM_OC1PolarityConfig
                0x00010d24       0xc4 Debug/stm32f10x_tim.o
                0x00010d24                TIM_OC1PolarityConfig
 .text.TIM_OC1NPolarityConfig
                0x00010de8       0x98 Debug/stm32f10x_tim.o
                0x00010de8                TIM_OC1NPolarityConfig
 .text.TIM_OC2PolarityConfig
                0x00010e80       0xb4 Debug/stm32f10x_tim.o
                0x00010e80                TIM_OC2PolarityConfig
 .text.TIM_OC2NPolarityConfig
                0x00010f34       0x7c Debug/stm32f10x_tim.o
                0x00010f34                TIM_OC2NPolarityConfig
 .text.TIM_OC3PolarityConfig
                0x00010fb0       0xa8 Debug/stm32f10x_tim.o
                0x00010fb0                TIM_OC3PolarityConfig
 .text.TIM_OC3NPolarityConfig
                0x00011058       0x7c Debug/stm32f10x_tim.o
                0x00011058                TIM_OC3NPolarityConfig
 .text.TIM_OC4PolarityConfig
                0x000110d4       0xa8 Debug/stm32f10x_tim.o
                0x000110d4                TIM_OC4PolarityConfig
 .text.TIM_CCxCmd
                0x0001117c      0x10c Debug/stm32f10x_tim.o
                0x0001117c                TIM_CCxCmd
 .text.TIM_CCxNCmd
                0x00011288       0xd8 Debug/stm32f10x_tim.o
                0x00011288                TIM_CCxNCmd
 .text.TIM_SelectOCxM
                0x00011360      0x198 Debug/stm32f10x_tim.o
                0x00011360                TIM_SelectOCxM
 .text.TIM_UpdateDisableConfig
                0x000114f8       0xe4 Debug/stm32f10x_tim.o
                0x000114f8                TIM_UpdateDisableConfig
 .text.TIM_UpdateRequestConfig
                0x000115dc       0xe4 Debug/stm32f10x_tim.o
                0x000115dc                TIM_UpdateRequestConfig
 .text.TIM_SelectHallSensor
                0x000116c0       0xb0 Debug/stm32f10x_tim.o
                0x000116c0                TIM_SelectHallSensor
 .text.TIM_SelectOnePulseMode
                0x00011770       0xe0 Debug/stm32f10x_tim.o
                0x00011770                TIM_SelectOnePulseMode
 .text.TIM_SelectOutputTrigger
                0x00011850      0x100 Debug/stm32f10x_tim.o
                0x00011850                TIM_SelectOutputTrigger
 .text.TIM_SelectSlaveMode
                0x00011950       0xb8 Debug/stm32f10x_tim.o
                0x00011950                TIM_SelectSlaveMode
 .text.TIM_SelectMasterSlaveMode
                0x00011a08       0xac Debug/stm32f10x_tim.o
                0x00011a08                TIM_SelectMasterSlaveMode
 .text.TIM_SetCounter
                0x00011ab4       0xa8 Debug/stm32f10x_tim.o
                0x00011ab4                TIM_SetCounter
 .text.TIM_SetAutoreload
                0x00011b5c       0xa8 Debug/stm32f10x_tim.o
                0x00011b5c                TIM_SetAutoreload
 .text.TIM_SetCompare1
                0x00011c04       0x90 Debug/stm32f10x_tim.o
                0x00011c04                TIM_SetCompare1
 .text.TIM_SetCompare2
                0x00011c94       0x78 Debug/stm32f10x_tim.o
                0x00011c94                TIM_SetCompare2
 .text.TIM_SetCompare3
                0x00011d0c       0x6c Debug/stm32f10x_tim.o
                0x00011d0c                TIM_SetCompare3
 .text.TIM_SetCompare4
                0x00011d78       0x70 Debug/stm32f10x_tim.o
                0x00011d78                TIM_SetCompare4
 .text.TIM_SetIC1Prescaler
                0x00011de8       0xd0 Debug/stm32f10x_tim.o
                0x00011de8                TIM_SetIC1Prescaler
 .text.TIM_SetIC2Prescaler
                0x00011eb8       0xbc Debug/stm32f10x_tim.o
                0x00011eb8                TIM_SetIC2Prescaler
 .text.TIM_SetIC3Prescaler
                0x00011f74       0xac Debug/stm32f10x_tim.o
                0x00011f74                TIM_SetIC3Prescaler
 .text.TIM_SetIC4Prescaler
                0x00012020       0xb0 Debug/stm32f10x_tim.o
                0x00012020                TIM_SetIC4Prescaler
 .text.TIM_SetClockDivision
                0x000120d0       0xcc Debug/stm32f10x_tim.o
                0x000120d0                TIM_SetClockDivision
 .text.TIM_GetCapture1
                0x0001219c       0x90 Debug/stm32f10x_tim.o
                0x0001219c                TIM_GetCapture1
 .text.TIM_GetCapture2
                0x0001222c       0x78 Debug/stm32f10x_tim.o
                0x0001222c                TIM_GetCapture2
 .text.TIM_GetCapture3
                0x000122a4       0x6c Debug/stm32f10x_tim.o
                0x000122a4                TIM_GetCapture3
 .text.TIM_GetCapture4
                0x00012310       0x6c Debug/stm32f10x_tim.o
                0x00012310                TIM_GetCapture4
 .text.TIM_GetCounter
                0x0001237c       0xa8 Debug/stm32f10x_tim.o
                0x0001237c                TIM_GetCounter
 .text.TIM_GetPrescaler
                0x00012424       0xa8 Debug/stm32f10x_tim.o
                0x00012424                TIM_GetPrescaler
 .text.TIM_GetFlagStatus
                0x000124cc      0x128 Debug/stm32f10x_tim.o
                0x000124cc                TIM_GetFlagStatus
 .text.TIM_ClearFlag
                0x000125f4       0xc8 Debug/stm32f10x_tim.o
                0x000125f4                TIM_ClearFlag
 .text.TIM_GetITStatus
                0x000126bc      0x128 Debug/stm32f10x_tim.o
                0x000126bc                TIM_GetITStatus
 .text.TIM_ClearITPendingBit
                0x000127e4       0xc8 Debug/stm32f10x_tim.o
                0x000127e4                TIM_ClearITPendingBit
 .text.TI1_Config
                0x000128ac       0x84 Debug/stm32f10x_tim.o
 .text.TI2_Config
                0x00012930       0xa4 Debug/stm32f10x_tim.o
 .text.TI3_Config
                0x000129d4       0x94 Debug/stm32f10x_tim.o
 .text.TI4_Config
                0x00012a68       0xa4 Debug/stm32f10x_tim.o
 .text          0x00012b0c        0x0 Debug/stm32f10x_usart.o
 .text.__enable_irq
                0x00012b0c        0xc Debug/stm32f10x_usart.o
 .text.__disable_irq
                0x00012b18        0xc Debug/stm32f10x_usart.o
 .text.__enable_fault_irq
                0x00012b24        0xc Debug/stm32f10x_usart.o
 .text.__disable_fault_irq
                0x00012b30        0xc Debug/stm32f10x_usart.o
 .text.__NOP    0x00012b3c        0xc Debug/stm32f10x_usart.o
 .text.__WFI    0x00012b48        0xc Debug/stm32f10x_usart.o
 .text.__WFE    0x00012b54        0xc Debug/stm32f10x_usart.o
 .text.__SEV    0x00012b60        0xc Debug/stm32f10x_usart.o
 .text.__ISB    0x00012b6c       0x10 Debug/stm32f10x_usart.o
 .text.__DSB    0x00012b7c       0x10 Debug/stm32f10x_usart.o
 .text.__DMB    0x00012b8c       0x10 Debug/stm32f10x_usart.o
 .text.__CLREX  0x00012b9c       0x10 Debug/stm32f10x_usart.o
 .text.NVIC_SetPriorityGrouping
                0x00012bac       0x4c Debug/stm32f10x_usart.o
 .text.NVIC_GetPriorityGrouping
                0x00012bf8       0x1c Debug/stm32f10x_usart.o
 .text.NVIC_EnableIRQ
                0x00012c14       0x34 Debug/stm32f10x_usart.o
 .text.NVIC_DisableIRQ
                0x00012c48       0x38 Debug/stm32f10x_usart.o
 .text.NVIC_GetPendingIRQ
                0x00012c80       0x4c Debug/stm32f10x_usart.o
 .text.NVIC_SetPendingIRQ
                0x00012ccc       0x38 Debug/stm32f10x_usart.o
 .text.NVIC_ClearPendingIRQ
                0x00012d04       0x38 Debug/stm32f10x_usart.o
 .text.NVIC_GetActive
                0x00012d3c       0x4c Debug/stm32f10x_usart.o
 .text.NVIC_SetPriority
                0x00012d88       0x58 Debug/stm32f10x_usart.o
 .text.NVIC_GetPriority
                0x00012de0       0x54 Debug/stm32f10x_usart.o
 .text.NVIC_EncodePriority
                0x00012e34       0x7c Debug/stm32f10x_usart.o
 .text.NVIC_DecodePriority
                0x00012eb0       0x7c Debug/stm32f10x_usart.o
 .text.SysTick_Config
                0x00012f2c       0x54 Debug/stm32f10x_usart.o
 .text.NVIC_SystemReset
                0x00012f80       0x24 Debug/stm32f10x_usart.o
 .text.ITM_SendChar
                0x00012fa4       0x60 Debug/stm32f10x_usart.o
 .text.ITM_ReceiveChar
                0x00013004       0x38 Debug/stm32f10x_usart.o
 .text.ITM_CheckChar
                0x0001303c       0x28 Debug/stm32f10x_usart.o
 .text.USART_DeInit
                0x00013064      0x104 Debug/stm32f10x_usart.o
                0x00013064                USART_DeInit
 .text.USART_Init
                0x00013168      0x304 Debug/stm32f10x_usart.o
                0x00013168                USART_Init
 .text.USART_StructInit
                0x0001346c       0x44 Debug/stm32f10x_usart.o
                0x0001346c                USART_StructInit
 .text.USART_ClockInit
                0x000134b0      0x100 Debug/stm32f10x_usart.o
                0x000134b0                USART_ClockInit
 .text.USART_ClockStructInit
                0x000135b0       0x34 Debug/stm32f10x_usart.o
                0x000135b0                USART_ClockStructInit
 .text.USART_Cmd
                0x000135e4       0x9c Debug/stm32f10x_usart.o
                0x000135e4                USART_Cmd
 .text.USART_ITConfig
                0x00013680      0x184 Debug/stm32f10x_usart.o
                0x00013680                USART_ITConfig
 .text.USART_DMACmd
                0x00013804       0xbc Debug/stm32f10x_usart.o
                0x00013804                USART_DMACmd
 .text.USART_SetAddress
                0x000138c0       0x94 Debug/stm32f10x_usart.o
                0x000138c0                USART_SetAddress
 .text.USART_WakeUpConfig
                0x00013954       0x98 Debug/stm32f10x_usart.o
                0x00013954                USART_WakeUpConfig
 .text.USART_ReceiverWakeUpCmd
                0x000139ec       0x9c Debug/stm32f10x_usart.o
                0x000139ec                USART_ReceiverWakeUpCmd
 .text.USART_LINBreakDetectLengthConfig
                0x00013a88       0x98 Debug/stm32f10x_usart.o
                0x00013a88                USART_LINBreakDetectLengthConfig
 .text.USART_LINCmd
                0x00013b20       0x9c Debug/stm32f10x_usart.o
                0x00013b20                USART_LINCmd
 .text.USART_SendData
                0x00013bbc       0x84 Debug/stm32f10x_usart.o
                0x00013bbc                USART_SendData
 .text.USART_ReceiveData
                0x00013c40       0x6c Debug/stm32f10x_usart.o
                0x00013c40                USART_ReceiveData
 .text.USART_SendBreak
                0x00013cac       0x6c Debug/stm32f10x_usart.o
                0x00013cac                USART_SendBreak
 .text.USART_SetGuardTime
                0x00013d18       0x70 Debug/stm32f10x_usart.o
                0x00013d18                USART_SetGuardTime
 .text.USART_SetPrescaler
                0x00013d88       0x84 Debug/stm32f10x_usart.o
                0x00013d88                USART_SetPrescaler
 .text.USART_SmartCardCmd
                0x00013e0c       0x84 Debug/stm32f10x_usart.o
                0x00013e0c                USART_SmartCardCmd
 .text.USART_SmartCardNACKCmd
                0x00013e90       0x84 Debug/stm32f10x_usart.o
                0x00013e90                USART_SmartCardNACKCmd
 .text.USART_HalfDuplexCmd
                0x00013f14       0x9c Debug/stm32f10x_usart.o
                0x00013f14                USART_HalfDuplexCmd
 .text.USART_OverSampling8Cmd
                0x00013fb0       0xa4 Debug/stm32f10x_usart.o
                0x00013fb0                USART_OverSampling8Cmd
 .text.USART_OneBitMethodCmd
                0x00014054       0x9c Debug/stm32f10x_usart.o
                0x00014054                USART_OneBitMethodCmd
 .text.USART_IrDAConfig
                0x000140f0       0x98 Debug/stm32f10x_usart.o
                0x000140f0                USART_IrDAConfig
 .text.USART_IrDACmd
                0x00014188       0x9c Debug/stm32f10x_usart.o
                0x00014188                USART_IrDACmd
 .text.USART_GetFlagStatus
                0x00014224       0xfc Debug/stm32f10x_usart.o
                0x00014224                USART_GetFlagStatus
 .text.USART_ClearFlag
                0x00014320       0xb4 Debug/stm32f10x_usart.o
                0x00014320                USART_ClearFlag
 .text.USART_GetITStatus
                0x000143d4      0x1a4 Debug/stm32f10x_usart.o
                0x000143d4                USART_GetITStatus
 .text.USART_ClearITPendingBit
                0x00014578       0xe8 Debug/stm32f10x_usart.o
                0x00014578                USART_ClearITPendingBit
 .text          0x00014660        0x0 Debug/stm32f10x_fsmc.o
 .text.__enable_irq
                0x00014660        0xc Debug/stm32f10x_fsmc.o
 .text.__disable_irq
                0x0001466c        0xc Debug/stm32f10x_fsmc.o
 .text.__enable_fault_irq
                0x00014678        0xc Debug/stm32f10x_fsmc.o
 .text.__disable_fault_irq
                0x00014684        0xc Debug/stm32f10x_fsmc.o
 .text.__NOP    0x00014690        0xc Debug/stm32f10x_fsmc.o
 .text.__WFI    0x0001469c        0xc Debug/stm32f10x_fsmc.o
 .text.__WFE    0x000146a8        0xc Debug/stm32f10x_fsmc.o
 .text.__SEV    0x000146b4        0xc Debug/stm32f10x_fsmc.o
 .text.__ISB    0x000146c0       0x10 Debug/stm32f10x_fsmc.o
 .text.__DSB    0x000146d0       0x10 Debug/stm32f10x_fsmc.o
 .text.__DMB    0x000146e0       0x10 Debug/stm32f10x_fsmc.o
 .text.__CLREX  0x000146f0       0x10 Debug/stm32f10x_fsmc.o
 .text.NVIC_SetPriorityGrouping
                0x00014700       0x4c Debug/stm32f10x_fsmc.o
 .text.NVIC_GetPriorityGrouping
                0x0001474c       0x1c Debug/stm32f10x_fsmc.o
 .text.NVIC_EnableIRQ
                0x00014768       0x34 Debug/stm32f10x_fsmc.o
 .text.NVIC_DisableIRQ
                0x0001479c       0x38 Debug/stm32f10x_fsmc.o
 .text.NVIC_GetPendingIRQ
                0x000147d4       0x4c Debug/stm32f10x_fsmc.o
 .text.NVIC_SetPendingIRQ
                0x00014820       0x38 Debug/stm32f10x_fsmc.o
 .text.NVIC_ClearPendingIRQ
                0x00014858       0x38 Debug/stm32f10x_fsmc.o
 .text.NVIC_GetActive
                0x00014890       0x4c Debug/stm32f10x_fsmc.o
 .text.NVIC_SetPriority
                0x000148dc       0x58 Debug/stm32f10x_fsmc.o
 .text.NVIC_GetPriority
                0x00014934       0x54 Debug/stm32f10x_fsmc.o
 .text.NVIC_EncodePriority
                0x00014988       0x7c Debug/stm32f10x_fsmc.o
 .text.NVIC_DecodePriority
                0x00014a04       0x7c Debug/stm32f10x_fsmc.o
 .text.SysTick_Config
                0x00014a80       0x54 Debug/stm32f10x_fsmc.o
 .text.NVIC_SystemReset
                0x00014ad4       0x24 Debug/stm32f10x_fsmc.o
 .text.ITM_SendChar
                0x00014af8       0x60 Debug/stm32f10x_fsmc.o
 .text.ITM_ReceiveChar
                0x00014b58       0x38 Debug/stm32f10x_fsmc.o
 .text.ITM_CheckChar
                0x00014b90       0x28 Debug/stm32f10x_fsmc.o
 .text.FSMC_NORSRAMDeInit
                0x00014bb8       0x7c Debug/stm32f10x_fsmc.o
                0x00014bb8                FSMC_NORSRAMDeInit
 .text.FSMC_NANDDeInit
                0x00014c34       0x7c Debug/stm32f10x_fsmc.o
                0x00014c34                FSMC_NANDDeInit
 .text.FSMC_PCCARDDeInit
                0x00014cb0       0x38 Debug/stm32f10x_fsmc.o
                0x00014cb0                FSMC_PCCARDDeInit
 .text.FSMC_NORSRAMInit
                0x00014ce8      0x414 Debug/stm32f10x_fsmc.o
                0x00014ce8                FSMC_NORSRAMInit
 .text.FSMC_NANDInit
                0x000150fc      0x25c Debug/stm32f10x_fsmc.o
                0x000150fc                FSMC_NANDInit
 .text.FSMC_PCCARDInit
                0x00015358      0x1f8 Debug/stm32f10x_fsmc.o
                0x00015358                FSMC_PCCARDInit
 .text.FSMC_NORSRAMStructInit
                0x00015550      0x100 Debug/stm32f10x_fsmc.o
                0x00015550                FSMC_NORSRAMStructInit
 .text.FSMC_NANDStructInit
                0x00015650       0x9c Debug/stm32f10x_fsmc.o
                0x00015650                FSMC_NANDStructInit
 .text.FSMC_PCCARDStructInit
                0x000156ec       0xa4 Debug/stm32f10x_fsmc.o
                0x000156ec                FSMC_PCCARDStructInit
 .text.FSMC_NORSRAMCmd